 guideXOS

 Timestamp is 69081d0d (Sun Nov  2 19:10:05 2025)

 Preferred load address is 0000000010000000

 Start         Length     Name                   Class
 0001:00000000 000003d0H .text                   CODE
 0001:000003d0 0002ae31H .text$mn                CODE
 0002:00000000 00000045H .unbox$M                CODE
 0003:00000000 0003da90H .managedcode$I          CODE
 0004:00000000 00038b40H .rdata                  DATA
 0004:00038b40 00000018H .rdata$voltmd           DATA
 0004:00038b58 0000019cH .rdata$zzzdbg           DATA
 0004:00038cf4 0000b45cH .xdata                  DATA
 0004:00044150 00000000H .edata                  DATA
 0005:00000000 00020bc0H .data                   DATA
 0005:00020bc0 00101740H .bss                    DATA
 0006:00000000 000038d0H .pdata                  DATA
 0007:00000000 00000008H .modules$I              DATA
 0008:00000000 0000033bH .msvcjmc                DATA
 0009:00000000 000000a0H .rsrc$01                DATA
 0009:000000a0 00000440H .rsrc$02                DATA

  Address         Publics by Value              Rva+Base               Lib:Object

 0000:00000000       __AbsoluteZero             0000000000000000     <absolute>
 0000:00000000       ___safe_se_handler_count   0000000000000000     <absolute>
 0000:00000000       ___safe_se_handler_table   0000000000000000     <absolute>
 0000:00000000       __arm64x_extra_rfe_table   0000000000000000     <absolute>
 0000:00000000       __arm64x_extra_rfe_table_size 0000000000000000     <absolute>
 0000:00000000       __arm64x_native_entrypoint 0000000000000000     <absolute>
 0000:00000000       __arm64x_redirection_metadata 0000000000000000     <absolute>
 0000:00000000       __arm64x_redirection_metadata_count 0000000000000000     <absolute>
 0000:00000000       __dynamic_value_reloc_table 0000000000000000     <absolute>
 0000:00000000       __enclave_config           0000000000000000     <absolute>
 0000:00000000       __guard_check_icall_a64n_fptr 0000000000000000     <absolute>
 0000:00000000       __guard_eh_cont_count      0000000000000000     <absolute>
 0000:00000000       __guard_eh_cont_table      0000000000000000     <absolute>
 0000:00000000       __guard_fids_count         0000000000000000     <absolute>
 0000:00000000       __guard_fids_table         0000000000000000     <absolute>
 0000:00000000       __guard_iat_count          0000000000000000     <absolute>
 0000:00000000       __guard_iat_table          0000000000000000     <absolute>
 0000:00000000       __guard_longjmp_count      0000000000000000     <absolute>
 0000:00000000       __guard_longjmp_table      0000000000000000     <absolute>
 0000:00000000       __hybrid_auxiliary_delayload_iat 0000000000000000     <absolute>
 0000:00000000       __hybrid_auxiliary_delayload_iat_copy 0000000000000000     <absolute>
 0000:00000000       __hybrid_auxiliary_iat     0000000000000000     <absolute>
 0000:00000000       __hybrid_auxiliary_iat_copy 0000000000000000     <absolute>
 0000:00000000       __hybrid_code_map          0000000000000000     <absolute>
 0000:00000000       __hybrid_code_map_count    0000000000000000     <absolute>
 0000:00000000       __hybrid_image_info_bitfield 0000000000000000     <absolute>
 0000:00000000       __x64_code_ranges_to_entry_points 0000000000000000     <absolute>
 0000:00000000       __x64_code_ranges_to_entry_points_count 0000000000000000     <absolute>
 0000:00000100       __guard_flags              0000000000000100     <absolute>
 0000:00000000       __ImageBase                0000000010000000     <linker-defined>
 0001:00000000       __GetNonGCStaticBase_guideXOS_Program 0000000010001000     guideXOS.obj
 0001:00000008       __GetNonGCStaticBase_guideXOS_Allocator 0000000010001008     guideXOS.obj
 0001:00000010       __GetNonGCStaticBase_guideXOS_GDT 0000000010001010     guideXOS.obj
 0001:00000018       __GetNonGCStaticBase_guideXOS_IDT 0000000010001018     guideXOS.obj
 0001:00000020       __GetNonGCStaticBase_guideXOS_System_Windows_Forms_Control 0000000010001020     guideXOS.obj
 0001:00000028       __GetNonGCStaticBase_guideXOS_guideXOS_Kbd2Mouse 0000000010001028     guideXOS.obj
 0001:00000030       __GetNonGCStaticBase_guideXOS_guideXOS_Console 0000000010001030     guideXOS.obj
 0001:00000038       __GetNonGCStaticBase_guideXOS_guideXOS_PageTable 0000000010001038     guideXOS.obj
 0001:00000040       __GetNonGCStaticBase_guideXOS_guideXOS_Intel825xx 0000000010001040     guideXOS.obj
 0001:00000048       __GetNonGCStaticBase_guideXOS_guideXOS_NETv4 0000000010001048     guideXOS.obj
 0001:00000050       __GetNonGCStaticBase_guideXOS_guideXOS_RTL8111 0000000010001050     guideXOS.obj
 0001:00000058       __GetNonGCStaticBase_guideXOS_guideXOS_SMP 0000000010001058     guideXOS.obj
 0001:00000060       __GetNonGCStaticBase_guideXOS_guideXOS_Network_Http 0000000010001060     guideXOS.obj
 0001:00000068       __GetNonGCStaticBase_guideXOS_guideXOS_Misc_Audio 0000000010001068     guideXOS.obj
 0001:00000070       __GetNonGCStaticBase_guideXOS_guideXOS_Misc_BootSplash 0000000010001070     guideXOS.obj
 0001:00000078       __GetNonGCStaticBase_guideXOS_guideXOS_Misc_ThreadPool 0000000010001078     guideXOS.obj
 0001:00000080       __GetNonGCStaticBase_guideXOS_guideXOS_Misc_USB 0000000010001080     guideXOS.obj
 0001:00000088       __GetNonGCStaticBase_guideXOS_guideXOS_Kernel_Drivers_AC97 0000000010001088     guideXOS.obj
 0001:00000090       __GetNonGCStaticBase_guideXOS_guideXOS_Kernel_Drivers_ACPI 0000000010001090     guideXOS.obj
 0001:00000098       __GetNonGCStaticBase_guideXOS_guideXOS_Kernel_Drivers_DisplayManager 0000000010001098     guideXOS.obj
 0001:000000a0       __GetNonGCStaticBase_guideXOS_guideXOS_Kernel_Drivers_EHCI 00000000100010a0     guideXOS.obj
 0001:000000a8       __GetNonGCStaticBase_guideXOS_guideXOS_Kernel_Drivers_ES1371 00000000100010a8     guideXOS.obj
 0001:000000b0       __GetNonGCStaticBase_guideXOS_guideXOS_Kernel_Drivers_Framebuffer 00000000100010b0     guideXOS.obj
 0001:000000b8       __GetNonGCStaticBase_guideXOS_guideXOS_Kernel_Drivers_HID 00000000100010b8     guideXOS.obj
 0001:000000c0       __GetNonGCStaticBase_guideXOS_guideXOS_Kernel_Drivers_HPET 00000000100010c0     guideXOS.obj
 0001:000000c8       __GetNonGCStaticBase_guideXOS_guideXOS_Kernel_Drivers_Hub 00000000100010c8     guideXOS.obj
 0001:000000d0       __GetNonGCStaticBase_guideXOS_guideXOS_Kernel_Drivers_Keyboard 00000000100010d0     guideXOS.obj
 0001:000000d8       __GetNonGCStaticBase_guideXOS_guideXOS_Kernel_Drivers_PS2Mouse 00000000100010d8     guideXOS.obj
 0001:000000e0       __GetNonGCStaticBase_guideXOS_guideXOS_Kernel_Drivers_RTC 00000000100010e0     guideXOS.obj
 0001:000000e8       __GetNonGCStaticBase_guideXOS_guideXOS_Kernel_Drivers_SATA 00000000100010e8     guideXOS.obj
 0001:000000f0       __GetNonGCStaticBase_guideXOS_guideXOS_Kernel_Drivers_Timer 00000000100010f0     guideXOS.obj
 0001:000000f8       __GetNonGCStaticBase_guideXOS_guideXOS_Kernel_Drivers_VMwareTools 00000000100010f8     guideXOS.obj
 0001:00000100       __GetNonGCStaticBase_guideXOS_guideXOS_Kernel_Drivers_USBStorage 0000000010001100     guideXOS.obj
 0001:0000011d       __GetNonGCStaticBase_guideXOS_guideXOS_GUI_Busy 000000001000111d     guideXOS.obj
 0001:00000125       __GetNonGCStaticBase_guideXOS_guideXOS_GUI_Desktop 0000000010001125     guideXOS.obj
 0001:0000012d       __GetNonGCStaticBase_guideXOS_guideXOS_GUI_StartMenu 000000001000112d     guideXOS.obj
 0001:00000135       __GetNonGCStaticBase_guideXOS_guideXOS_GUI_UISettings 0000000010001135     guideXOS.obj
 0001:0000013d       __GetNonGCStaticBase_guideXOS_guideXOS_GUI_WAVPlayer 000000001000113d     guideXOS.obj
 0001:00000145       __GetNonGCStaticBase_guideXOS_guideXOS_GUI_WindowManager 0000000010001145     guideXOS.obj
 0001:0000014d       __GetGCStaticBase_guideXOS_Program 000000001000114d     guideXOS.obj
 0001:00000158       __GetGCStaticBase_guideXOS_IDT 0000000010001158     guideXOS.obj
 0001:00000163       __GetGCStaticBase_guideXOS_System_DateTime 0000000010001163     guideXOS.obj
 0001:0000016e       __GetGCStaticBase_guideXOS_guideXOS_Animator 000000001000116e     guideXOS.obj
 0001:00000179       __GetGCStaticBase_guideXOS_guideXOS_ASC16 0000000010001179     guideXOS.obj
 0001:00000184       __GetGCStaticBase_guideXOS_guideXOS_Console 0000000010001184     guideXOS.obj
 0001:0000018f       __GetGCStaticBase_guideXOS_guideXOS_NETv4 000000001000118f     guideXOS.obj
 0001:0000019a       __GetGCStaticBase_guideXOS_guideXOS_Misc_BitFont 000000001000119a     guideXOS.obj
 0001:000001a5       __GetGCStaticBase_guideXOS_guideXOS_Misc_BootSplash 00000000100011a5     guideXOS.obj
 0001:000001b0       __GetGCStaticBase_guideXOS_guideXOS_Misc_Interrupts 00000000100011b0     guideXOS.obj
 0001:000001bb       __GetGCStaticBase_guideXOS_guideXOS_Misc_ThreadPool 00000000100011bb     guideXOS.obj
 0001:000001c6       __GetGCStaticBase_guideXOS_guideXOS_FS_Disk 00000000100011c6     guideXOS.obj
 0001:000001d1       __GetGCStaticBase_guideXOS_guideXOS_FS_File 00000000100011d1     guideXOS.obj
 0001:000001dc       __GetGCStaticBase_guideXOS_guideXOS_Kernel_Drivers_AC97 00000000100011dc     guideXOS.obj
 0001:000001e7       __GetGCStaticBase_guideXOS_guideXOS_Kernel_Drivers_ACPI 00000000100011e7     guideXOS.obj
 0001:000001f2       __GetGCStaticBase_guideXOS_guideXOS_Kernel_Drivers_DisplayManager 00000000100011f2     guideXOS.obj
 0001:000001fd       __GetGCStaticBase_guideXOS_guideXOS_Kernel_Drivers_Framebuffer 00000000100011fd     guideXOS.obj
 0001:00000208       __GetGCStaticBase_guideXOS_guideXOS_Kernel_Drivers_HID 0000000010001208     guideXOS.obj
 0001:00000213       __GetGCStaticBase_guideXOS_guideXOS_Kernel_Drivers_IDE 0000000010001213     guideXOS.obj
 0001:0000021e       __GetGCStaticBase_guideXOS_guideXOS_Kernel_Drivers_Keyboard 000000001000121e     guideXOS.obj
 0001:00000229       __GetGCStaticBase_guideXOS_guideXOS_Kernel_Drivers_PCI 0000000010001229     guideXOS.obj
 0001:00000234       __GetGCStaticBase_guideXOS_guideXOS_Kernel_Drivers_PS2Keyboard 0000000010001234     guideXOS.obj
 0001:0000023f       __GetGCStaticBase_guideXOS_guideXOS_Kernel_Drivers_PS2Mouse 000000001000123f     guideXOS.obj
 0001:0000024a       __GetGCStaticBase_guideXOS_guideXOS_Kernel_Drivers_SATA 000000001000124a     guideXOS.obj
 0001:00000255       __GetGCStaticBase_guideXOS_guideXOS_Kernel_Drivers_USBStorage 0000000010001255     guideXOS.obj
 0001:00000275       __GetGCStaticBase_guideXOS_guideXOS_OS_Session 0000000010001275     guideXOS.obj
 0001:00000280       __GetGCStaticBase_guideXOS_guideXOS_GUI_Desktop 0000000010001280     guideXOS.obj
 0001:0000028b       __GetGCStaticBase_guideXOS_guideXOS_GUI_Icons 000000001000128b     guideXOS.obj
 0001:00000296       __GetGCStaticBase_guideXOS_guideXOS_GUI_Lockscreen 0000000010001296     guideXOS.obj
 0001:000002a1       __GetGCStaticBase_guideXOS_guideXOS_GUI_NotificationManager 00000000100012a1     guideXOS.obj
 0001:000002ac       __GetGCStaticBase_guideXOS_guideXOS_GUI_RecentManager 00000000100012ac     guideXOS.obj
 0001:000002cc       __GetGCStaticBase_guideXOS_guideXOS_GUI_WAVPlayer 00000000100012cc     guideXOS.obj
 0001:000002d7       __GetGCStaticBase_guideXOS_guideXOS_GUI_WindowManager 00000000100012d7     guideXOS.obj
 0001:000002e2       __GetGCStaticBase_guideXOS_guideXOS_DefaultApps_Clock 00000000100012e2     guideXOS.obj
 0001:000002ed       __GetGCStaticBase_guideXOS_guideXOS_GUI_DisplayOptions___c 00000000100012ed     guideXOS.obj
 0001:000002f8       __DelegateCtor_guideXOS_System_Delegate__InitializeClosedInstance__guideXOS_guideXOS_GUI_FConsole__Keyboard_OnKeyChanged 00000000100012f8     guideXOS.obj
 0001:00000304       __DelegateCtor_guideXOS_System_Delegate__InitializeClosedInstance__guideXOS_guideXOS_GUI_FConsole__Console_OnWrite 0000000010001304     guideXOS.obj
 0001:00000310       __DelegateCtor_guideXOS_System_Delegate__InitializeClosedInstance__guideXOS_guideXOS_GUI_OpenDialog__Keyboard_OnKeyChanged 0000000010001310     guideXOS.obj
 0001:0000031c       __DelegateCtor_guideXOS_System_Delegate__InitializeClosedInstance__guideXOS_guideXOS_GUI_SaveDialog__Keyboard_OnKeyChanged 000000001000131c     guideXOS.obj
 0001:00000328       __DelegateCtor_guideXOS_System_Delegate__InitializeClosedInstance__guideXOS_guideXOS_DefaultApps_Notepad__Keyboard_OnKeyChanged 0000000010001328     guideXOS.obj
 0001:00000334       __DelegateCtor_guideXOS_System_Delegate__InitializeClosedInstance__guideXOS_guideXOS_DefaultApps_Notepad___OnSetVisible_b__16_0 0000000010001334     guideXOS.obj
 0001:00000340       __DelegateCtor_guideXOS_System_Delegate__InitializeClosedInstance__guideXOS_guideXOS_DefaultApps_Notepad___OnSetVisible_b__16_3 0000000010001340     guideXOS.obj
 0001:0000034c       __DelegateCtor_guideXOS_System_Delegate__InitializeClosedInstance__guideXOS_guideXOS_DefaultApps_Notepad___OnSetVisible_b__16_1 000000001000134c     guideXOS.obj
 0001:00000358       __DelegateCtor_guideXOS_System_Delegate__InitializeClosedInstance__guideXOS_guideXOS_DefaultApps_Notepad___OnSetVisible_b__16_2 0000000010001358     guideXOS.obj
 0001:00000364       __DelegateCtor_guideXOS_System_Delegate__InitializeClosedInstance__guideXOS_guideXOS_FS_FAT___c__DisplayClass46_0___FindPath_b__0 0000000010001364     guideXOS.obj
 0001:00000370       __DelegateCtor_guideXOS_System_Delegate__InitializeClosedInstance__guideXOS_guideXOS_FS_FAT___c__DisplayClass46_1___FindPath_b__1 0000000010001370     guideXOS.obj
 0001:0000037c       __DelegateCtor_guideXOS_System_Delegate__InitializeClosedInstance__guideXOS_guideXOS_FS_FAT___c__DisplayClass56_0___GetFiles_b__0 000000001000137c     guideXOS.obj
 0001:00000388       __DelegateCtor_guideXOS_System_Delegate__InitializeClosedInstance__guideXOS_guideXOS_GUI_DiskManager___c__DisplayClass38_0___ReadMBRForEntry_b__0 0000000010001388     guideXOS.obj
 0001:00000394       __DelegateCtor_guideXOS_System_Delegate__InitializeClosedInstance__guideXOS_guideXOS_GUI_DiskManager___c__DisplayClass54_0___TryCreatePartitionLargestFree_b__0 0000000010001394     guideXOS.obj
 0001:000003a0       __DelegateCtor_guideXOS_System_Delegate__InitializeClosedInstance__guideXOS_guideXOS_GUI_DiskManager___c__DisplayClass54_0___TryCreatePartitionLargestFree_b__1 00000000100013a0     guideXOS.obj
 0001:000003ac       __DelegateCtor_guideXOS_System_Delegate__InitializeClosedInstance__guideXOS_guideXOS_GUI_DisplayOptions___c___OnInput_b__17_0 00000000100013ac     guideXOS.obj
 0001:000003b8       __DelegateCtor_guideXOS_System_Delegate__InitializeClosedInstance__guideXOS_guideXOS_GUI_DisplayOptions___c___OnInput_b__17_1 00000000100013b8     guideXOS.obj
 0001:000003c4       __DelegateCtor_guideXOS_System_Delegate__InitializeClosedInstance__guideXOS_guideXOS_DefaultApps_Notepad___c__DisplayClass20_0___OpenSaveAs_b__0 00000000100013c4     guideXOS.obj
 0001:000003d0       Movsb                      00000000100013d0 f   NativeLib:mem.obj
 0001:00000410       Movsd                      0000000010001410 f   NativeLib:mem.obj
 0001:00000450       Stosb                      0000000010001450 f   NativeLib:mem.obj
 0001:000004a0       Stosd                      00000000100014a0 f   NativeLib:mem.obj
 0001:000004f0       __JustMyCode_Default       00000000100014f0 f i NativeLib:mem.obj
 0001:00000500       avx_memcpy                 0000000010001500 f   NativeLib:mem.obj
 0001:00000600       Load_GDT                   0000000010001600 f   NativeLib:interrupts.obj
 0001:00000630       idt_set                    0000000010001630 f   NativeLib:interrupts.obj
 0001:00000710       set_idt_entries            0000000010001710 f   NativeLib:interrupts.obj
 0001:00002630       CPUID                      0000000010003630 f   NativeLib:native.obj
 0001:00002680       Cli                        0000000010003680 f   NativeLib:native.obj
 0001:000026b0       Fxrstor64                  00000000100036b0 f   NativeLib:native.obj
 0001:000026e0       Fxsave64                   00000000100036e0 f   NativeLib:native.obj
 0001:00002710       Hlt                        0000000010003710 f   NativeLib:native.obj
 0001:00002740       Invlpg                     0000000010003740 f   NativeLib:native.obj
 0001:00002770       Nop                        0000000010003770 f   NativeLib:native.obj
 0001:00002790       Rdmsr                      0000000010003790 f   NativeLib:native.obj
 0001:000027c0       Rdtsc                      00000000100037c0 f   NativeLib:native.obj
 0001:000027f0       ReadCR2                    00000000100037f0 f   NativeLib:native.obj
 0001:00002810       Sti                        0000000010003810 f   NativeLib:native.obj
 0001:00002840       WriteCR3                   0000000010003840 f   NativeLib:native.obj
 0001:00002870       Wrmsr                      0000000010003870 f   NativeLib:native.obj
 0001:000028b0       intr0                      00000000100038b0 f   NativeLib:interrupts_asm.obj
 0001:000028f2       intr1                      00000000100038f2 f   NativeLib:interrupts_asm.obj
 0001:00002934       intr2                      0000000010003934 f   NativeLib:interrupts_asm.obj
 0001:00002976       intr3                      0000000010003976 f   NativeLib:interrupts_asm.obj
 0001:000029b8       intr4                      00000000100039b8 f   NativeLib:interrupts_asm.obj
 0001:000029fa       intr5                      00000000100039fa f   NativeLib:interrupts_asm.obj
 0001:00002a3c       intr6                      0000000010003a3c f   NativeLib:interrupts_asm.obj
 0001:00002a7e       intr7                      0000000010003a7e f   NativeLib:interrupts_asm.obj
 0001:00002ac0       intr8                      0000000010003ac0 f   NativeLib:interrupts_asm.obj
 0001:00002b02       intr9                      0000000010003b02 f   NativeLib:interrupts_asm.obj
 0001:00002b44       intr10                     0000000010003b44 f   NativeLib:interrupts_asm.obj
 0001:00002b86       intr11                     0000000010003b86 f   NativeLib:interrupts_asm.obj
 0001:00002bc8       intr12                     0000000010003bc8 f   NativeLib:interrupts_asm.obj
 0001:00002c0a       intr13                     0000000010003c0a f   NativeLib:interrupts_asm.obj
 0001:00002c4c       intr14                     0000000010003c4c f   NativeLib:interrupts_asm.obj
 0001:00002c8e       intr15                     0000000010003c8e f   NativeLib:interrupts_asm.obj
 0001:00002cd0       intr16                     0000000010003cd0 f   NativeLib:interrupts_asm.obj
 0001:00002d12       intr17                     0000000010003d12 f   NativeLib:interrupts_asm.obj
 0001:00002d54       intr18                     0000000010003d54 f   NativeLib:interrupts_asm.obj
 0001:00002d96       intr19                     0000000010003d96 f   NativeLib:interrupts_asm.obj
 0001:00002dd8       intr20                     0000000010003dd8 f   NativeLib:interrupts_asm.obj
 0001:00002e1a       intr21                     0000000010003e1a f   NativeLib:interrupts_asm.obj
 0001:00002e5c       intr22                     0000000010003e5c f   NativeLib:interrupts_asm.obj
 0001:00002e9e       intr23                     0000000010003e9e f   NativeLib:interrupts_asm.obj
 0001:00002ee0       intr24                     0000000010003ee0 f   NativeLib:interrupts_asm.obj
 0001:00002f22       intr25                     0000000010003f22 f   NativeLib:interrupts_asm.obj
 0001:00002f64       intr26                     0000000010003f64 f   NativeLib:interrupts_asm.obj
 0001:00002fa6       intr27                     0000000010003fa6 f   NativeLib:interrupts_asm.obj
 0001:00002fe8       intr28                     0000000010003fe8 f   NativeLib:interrupts_asm.obj
 0001:0000302a       intr29                     000000001000402a f   NativeLib:interrupts_asm.obj
 0001:0000306c       intr30                     000000001000406c f   NativeLib:interrupts_asm.obj
 0001:000030ae       intr31                     00000000100040ae f   NativeLib:interrupts_asm.obj
 0001:000030f0       intr32                     00000000100040f0 f   NativeLib:interrupts_asm.obj
 0001:00003132       intr33                     0000000010004132 f   NativeLib:interrupts_asm.obj
 0001:00003174       intr34                     0000000010004174 f   NativeLib:interrupts_asm.obj
 0001:000031b6       intr35                     00000000100041b6 f   NativeLib:interrupts_asm.obj
 0001:000031f8       intr36                     00000000100041f8 f   NativeLib:interrupts_asm.obj
 0001:0000323a       intr37                     000000001000423a f   NativeLib:interrupts_asm.obj
 0001:0000327c       intr38                     000000001000427c f   NativeLib:interrupts_asm.obj
 0001:000032be       intr39                     00000000100042be f   NativeLib:interrupts_asm.obj
 0001:00003300       intr40                     0000000010004300 f   NativeLib:interrupts_asm.obj
 0001:00003342       intr41                     0000000010004342 f   NativeLib:interrupts_asm.obj
 0001:00003384       intr42                     0000000010004384 f   NativeLib:interrupts_asm.obj
 0001:000033c6       intr43                     00000000100043c6 f   NativeLib:interrupts_asm.obj
 0001:00003408       intr44                     0000000010004408 f   NativeLib:interrupts_asm.obj
 0001:0000344a       intr45                     000000001000444a f   NativeLib:interrupts_asm.obj
 0001:0000348c       intr46                     000000001000448c f   NativeLib:interrupts_asm.obj
 0001:000034ce       intr47                     00000000100044ce f   NativeLib:interrupts_asm.obj
 0001:00003510       intr48                     0000000010004510 f   NativeLib:interrupts_asm.obj
 0001:00003552       intr49                     0000000010004552 f   NativeLib:interrupts_asm.obj
 0001:00003594       intr50                     0000000010004594 f   NativeLib:interrupts_asm.obj
 0001:000035d6       intr51                     00000000100045d6 f   NativeLib:interrupts_asm.obj
 0001:00003618       intr52                     0000000010004618 f   NativeLib:interrupts_asm.obj
 0001:0000365a       intr53                     000000001000465a f   NativeLib:interrupts_asm.obj
 0001:0000369c       intr54                     000000001000469c f   NativeLib:interrupts_asm.obj
 0001:000036de       intr55                     00000000100046de f   NativeLib:interrupts_asm.obj
 0001:00003720       intr56                     0000000010004720 f   NativeLib:interrupts_asm.obj
 0001:00003762       intr57                     0000000010004762 f   NativeLib:interrupts_asm.obj
 0001:000037a4       intr58                     00000000100047a4 f   NativeLib:interrupts_asm.obj
 0001:000037e6       intr59                     00000000100047e6 f   NativeLib:interrupts_asm.obj
 0001:00003828       intr60                     0000000010004828 f   NativeLib:interrupts_asm.obj
 0001:0000386a       intr61                     000000001000486a f   NativeLib:interrupts_asm.obj
 0001:000038ac       intr62                     00000000100048ac f   NativeLib:interrupts_asm.obj
 0001:000038ee       intr63                     00000000100048ee f   NativeLib:interrupts_asm.obj
 0001:00003930       intr64                     0000000010004930 f   NativeLib:interrupts_asm.obj
 0001:00003972       intr65                     0000000010004972 f   NativeLib:interrupts_asm.obj
 0001:000039b4       intr66                     00000000100049b4 f   NativeLib:interrupts_asm.obj
 0001:000039f6       intr67                     00000000100049f6 f   NativeLib:interrupts_asm.obj
 0001:00003a38       intr68                     0000000010004a38 f   NativeLib:interrupts_asm.obj
 0001:00003a7a       intr69                     0000000010004a7a f   NativeLib:interrupts_asm.obj
 0001:00003abc       intr70                     0000000010004abc f   NativeLib:interrupts_asm.obj
 0001:00003afe       intr71                     0000000010004afe f   NativeLib:interrupts_asm.obj
 0001:00003b40       intr72                     0000000010004b40 f   NativeLib:interrupts_asm.obj
 0001:00003b82       intr73                     0000000010004b82 f   NativeLib:interrupts_asm.obj
 0001:00003bc4       intr74                     0000000010004bc4 f   NativeLib:interrupts_asm.obj
 0001:00003c06       intr75                     0000000010004c06 f   NativeLib:interrupts_asm.obj
 0001:00003c48       intr76                     0000000010004c48 f   NativeLib:interrupts_asm.obj
 0001:00003c8a       intr77                     0000000010004c8a f   NativeLib:interrupts_asm.obj
 0001:00003ccc       intr78                     0000000010004ccc f   NativeLib:interrupts_asm.obj
 0001:00003d0e       intr79                     0000000010004d0e f   NativeLib:interrupts_asm.obj
 0001:00003d50       intr80                     0000000010004d50 f   NativeLib:interrupts_asm.obj
 0001:00003d92       intr81                     0000000010004d92 f   NativeLib:interrupts_asm.obj
 0001:00003dd4       intr82                     0000000010004dd4 f   NativeLib:interrupts_asm.obj
 0001:00003e16       intr83                     0000000010004e16 f   NativeLib:interrupts_asm.obj
 0001:00003e58       intr84                     0000000010004e58 f   NativeLib:interrupts_asm.obj
 0001:00003e9a       intr85                     0000000010004e9a f   NativeLib:interrupts_asm.obj
 0001:00003edc       intr86                     0000000010004edc f   NativeLib:interrupts_asm.obj
 0001:00003f1e       intr87                     0000000010004f1e f   NativeLib:interrupts_asm.obj
 0001:00003f60       intr88                     0000000010004f60 f   NativeLib:interrupts_asm.obj
 0001:00003fa2       intr89                     0000000010004fa2 f   NativeLib:interrupts_asm.obj
 0001:00003fe4       intr90                     0000000010004fe4 f   NativeLib:interrupts_asm.obj
 0001:00004026       intr91                     0000000010005026 f   NativeLib:interrupts_asm.obj
 0001:00004068       intr92                     0000000010005068 f   NativeLib:interrupts_asm.obj
 0001:000040aa       intr93                     00000000100050aa f   NativeLib:interrupts_asm.obj
 0001:000040ec       intr94                     00000000100050ec f   NativeLib:interrupts_asm.obj
 0001:0000412e       intr95                     000000001000512e f   NativeLib:interrupts_asm.obj
 0001:00004170       intr96                     0000000010005170 f   NativeLib:interrupts_asm.obj
 0001:000041b2       intr97                     00000000100051b2 f   NativeLib:interrupts_asm.obj
 0001:000041f4       intr98                     00000000100051f4 f   NativeLib:interrupts_asm.obj
 0001:00004236       intr99                     0000000010005236 f   NativeLib:interrupts_asm.obj
 0001:00004278       intr100                    0000000010005278 f   NativeLib:interrupts_asm.obj
 0001:000042ba       intr101                    00000000100052ba f   NativeLib:interrupts_asm.obj
 0001:000042fc       intr102                    00000000100052fc f   NativeLib:interrupts_asm.obj
 0001:0000433e       intr103                    000000001000533e f   NativeLib:interrupts_asm.obj
 0001:00004380       intr104                    0000000010005380 f   NativeLib:interrupts_asm.obj
 0001:000043c2       intr105                    00000000100053c2 f   NativeLib:interrupts_asm.obj
 0001:00004404       intr106                    0000000010005404 f   NativeLib:interrupts_asm.obj
 0001:00004446       intr107                    0000000010005446 f   NativeLib:interrupts_asm.obj
 0001:00004488       intr108                    0000000010005488 f   NativeLib:interrupts_asm.obj
 0001:000044ca       intr109                    00000000100054ca f   NativeLib:interrupts_asm.obj
 0001:0000450c       intr110                    000000001000550c f   NativeLib:interrupts_asm.obj
 0001:0000454e       intr111                    000000001000554e f   NativeLib:interrupts_asm.obj
 0001:00004590       intr112                    0000000010005590 f   NativeLib:interrupts_asm.obj
 0001:000045d2       intr113                    00000000100055d2 f   NativeLib:interrupts_asm.obj
 0001:00004614       intr114                    0000000010005614 f   NativeLib:interrupts_asm.obj
 0001:00004656       intr115                    0000000010005656 f   NativeLib:interrupts_asm.obj
 0001:00004698       intr116                    0000000010005698 f   NativeLib:interrupts_asm.obj
 0001:000046da       intr117                    00000000100056da f   NativeLib:interrupts_asm.obj
 0001:0000471c       intr118                    000000001000571c f   NativeLib:interrupts_asm.obj
 0001:0000475e       intr119                    000000001000575e f   NativeLib:interrupts_asm.obj
 0001:000047a0       intr120                    00000000100057a0 f   NativeLib:interrupts_asm.obj
 0001:000047e2       intr121                    00000000100057e2 f   NativeLib:interrupts_asm.obj
 0001:00004824       intr122                    0000000010005824 f   NativeLib:interrupts_asm.obj
 0001:00004866       intr123                    0000000010005866 f   NativeLib:interrupts_asm.obj
 0001:000048a8       intr124                    00000000100058a8 f   NativeLib:interrupts_asm.obj
 0001:000048ea       intr125                    00000000100058ea f   NativeLib:interrupts_asm.obj
 0001:0000492c       intr126                    000000001000592c f   NativeLib:interrupts_asm.obj
 0001:0000496e       intr127                    000000001000596e f   NativeLib:interrupts_asm.obj
 0001:000049b0       intr128                    00000000100059b0 f   NativeLib:interrupts_asm.obj
 0001:000049f2       intr129                    00000000100059f2 f   NativeLib:interrupts_asm.obj
 0001:00004a34       intr130                    0000000010005a34 f   NativeLib:interrupts_asm.obj
 0001:00004a76       intr131                    0000000010005a76 f   NativeLib:interrupts_asm.obj
 0001:00004ab8       intr132                    0000000010005ab8 f   NativeLib:interrupts_asm.obj
 0001:00004afa       intr133                    0000000010005afa f   NativeLib:interrupts_asm.obj
 0001:00004b3c       intr134                    0000000010005b3c f   NativeLib:interrupts_asm.obj
 0001:00004b7e       intr135                    0000000010005b7e f   NativeLib:interrupts_asm.obj
 0001:00004bc0       intr136                    0000000010005bc0 f   NativeLib:interrupts_asm.obj
 0001:00004c02       intr137                    0000000010005c02 f   NativeLib:interrupts_asm.obj
 0001:00004c44       intr138                    0000000010005c44 f   NativeLib:interrupts_asm.obj
 0001:00004c86       intr139                    0000000010005c86 f   NativeLib:interrupts_asm.obj
 0001:00004cc8       intr140                    0000000010005cc8 f   NativeLib:interrupts_asm.obj
 0001:00004d0a       intr141                    0000000010005d0a f   NativeLib:interrupts_asm.obj
 0001:00004d4c       intr142                    0000000010005d4c f   NativeLib:interrupts_asm.obj
 0001:00004d8e       intr143                    0000000010005d8e f   NativeLib:interrupts_asm.obj
 0001:00004dd0       intr144                    0000000010005dd0 f   NativeLib:interrupts_asm.obj
 0001:00004e12       intr145                    0000000010005e12 f   NativeLib:interrupts_asm.obj
 0001:00004e54       intr146                    0000000010005e54 f   NativeLib:interrupts_asm.obj
 0001:00004e96       intr147                    0000000010005e96 f   NativeLib:interrupts_asm.obj
 0001:00004ed8       intr148                    0000000010005ed8 f   NativeLib:interrupts_asm.obj
 0001:00004f1a       intr149                    0000000010005f1a f   NativeLib:interrupts_asm.obj
 0001:00004f5c       intr150                    0000000010005f5c f   NativeLib:interrupts_asm.obj
 0001:00004f9e       intr151                    0000000010005f9e f   NativeLib:interrupts_asm.obj
 0001:00004fe0       intr152                    0000000010005fe0 f   NativeLib:interrupts_asm.obj
 0001:00005022       intr153                    0000000010006022 f   NativeLib:interrupts_asm.obj
 0001:00005064       intr154                    0000000010006064 f   NativeLib:interrupts_asm.obj
 0001:000050a6       intr155                    00000000100060a6 f   NativeLib:interrupts_asm.obj
 0001:000050e8       intr156                    00000000100060e8 f   NativeLib:interrupts_asm.obj
 0001:0000512a       intr157                    000000001000612a f   NativeLib:interrupts_asm.obj
 0001:0000516c       intr158                    000000001000616c f   NativeLib:interrupts_asm.obj
 0001:000051ae       intr159                    00000000100061ae f   NativeLib:interrupts_asm.obj
 0001:000051f0       intr160                    00000000100061f0 f   NativeLib:interrupts_asm.obj
 0001:00005232       intr161                    0000000010006232 f   NativeLib:interrupts_asm.obj
 0001:00005274       intr162                    0000000010006274 f   NativeLib:interrupts_asm.obj
 0001:000052b6       intr163                    00000000100062b6 f   NativeLib:interrupts_asm.obj
 0001:000052f8       intr164                    00000000100062f8 f   NativeLib:interrupts_asm.obj
 0001:0000533a       intr165                    000000001000633a f   NativeLib:interrupts_asm.obj
 0001:0000537c       intr166                    000000001000637c f   NativeLib:interrupts_asm.obj
 0001:000053be       intr167                    00000000100063be f   NativeLib:interrupts_asm.obj
 0001:00005400       intr168                    0000000010006400 f   NativeLib:interrupts_asm.obj
 0001:00005442       intr169                    0000000010006442 f   NativeLib:interrupts_asm.obj
 0001:00005484       intr170                    0000000010006484 f   NativeLib:interrupts_asm.obj
 0001:000054c6       intr171                    00000000100064c6 f   NativeLib:interrupts_asm.obj
 0001:00005508       intr172                    0000000010006508 f   NativeLib:interrupts_asm.obj
 0001:0000554a       intr173                    000000001000654a f   NativeLib:interrupts_asm.obj
 0001:0000558c       intr174                    000000001000658c f   NativeLib:interrupts_asm.obj
 0001:000055ce       intr175                    00000000100065ce f   NativeLib:interrupts_asm.obj
 0001:00005610       intr176                    0000000010006610 f   NativeLib:interrupts_asm.obj
 0001:00005652       intr177                    0000000010006652 f   NativeLib:interrupts_asm.obj
 0001:00005694       intr178                    0000000010006694 f   NativeLib:interrupts_asm.obj
 0001:000056d6       intr179                    00000000100066d6 f   NativeLib:interrupts_asm.obj
 0001:00005718       intr180                    0000000010006718 f   NativeLib:interrupts_asm.obj
 0001:0000575a       intr181                    000000001000675a f   NativeLib:interrupts_asm.obj
 0001:0000579c       intr182                    000000001000679c f   NativeLib:interrupts_asm.obj
 0001:000057de       intr183                    00000000100067de f   NativeLib:interrupts_asm.obj
 0001:00005820       intr184                    0000000010006820 f   NativeLib:interrupts_asm.obj
 0001:00005862       intr185                    0000000010006862 f   NativeLib:interrupts_asm.obj
 0001:000058a4       intr186                    00000000100068a4 f   NativeLib:interrupts_asm.obj
 0001:000058e6       intr187                    00000000100068e6 f   NativeLib:interrupts_asm.obj
 0001:00005928       intr188                    0000000010006928 f   NativeLib:interrupts_asm.obj
 0001:0000596a       intr189                    000000001000696a f   NativeLib:interrupts_asm.obj
 0001:000059ac       intr190                    00000000100069ac f   NativeLib:interrupts_asm.obj
 0001:000059ee       intr191                    00000000100069ee f   NativeLib:interrupts_asm.obj
 0001:00005a30       intr192                    0000000010006a30 f   NativeLib:interrupts_asm.obj
 0001:00005a72       intr193                    0000000010006a72 f   NativeLib:interrupts_asm.obj
 0001:00005ab4       intr194                    0000000010006ab4 f   NativeLib:interrupts_asm.obj
 0001:00005af6       intr195                    0000000010006af6 f   NativeLib:interrupts_asm.obj
 0001:00005b38       intr196                    0000000010006b38 f   NativeLib:interrupts_asm.obj
 0001:00005b7a       intr197                    0000000010006b7a f   NativeLib:interrupts_asm.obj
 0001:00005bbc       intr198                    0000000010006bbc f   NativeLib:interrupts_asm.obj
 0001:00005bfe       intr199                    0000000010006bfe f   NativeLib:interrupts_asm.obj
 0001:00005c40       intr200                    0000000010006c40 f   NativeLib:interrupts_asm.obj
 0001:00005c82       intr201                    0000000010006c82 f   NativeLib:interrupts_asm.obj
 0001:00005cc4       intr202                    0000000010006cc4 f   NativeLib:interrupts_asm.obj
 0001:00005d06       intr203                    0000000010006d06 f   NativeLib:interrupts_asm.obj
 0001:00005d48       intr204                    0000000010006d48 f   NativeLib:interrupts_asm.obj
 0001:00005d8a       intr205                    0000000010006d8a f   NativeLib:interrupts_asm.obj
 0001:00005dcc       intr206                    0000000010006dcc f   NativeLib:interrupts_asm.obj
 0001:00005e0e       intr207                    0000000010006e0e f   NativeLib:interrupts_asm.obj
 0001:00005e50       intr208                    0000000010006e50 f   NativeLib:interrupts_asm.obj
 0001:00005e92       intr209                    0000000010006e92 f   NativeLib:interrupts_asm.obj
 0001:00005ed4       intr210                    0000000010006ed4 f   NativeLib:interrupts_asm.obj
 0001:00005f16       intr211                    0000000010006f16 f   NativeLib:interrupts_asm.obj
 0001:00005f58       intr212                    0000000010006f58 f   NativeLib:interrupts_asm.obj
 0001:00005f9a       intr213                    0000000010006f9a f   NativeLib:interrupts_asm.obj
 0001:00005fdc       intr214                    0000000010006fdc f   NativeLib:interrupts_asm.obj
 0001:0000601e       intr215                    000000001000701e f   NativeLib:interrupts_asm.obj
 0001:00006060       intr216                    0000000010007060 f   NativeLib:interrupts_asm.obj
 0001:000060a2       intr217                    00000000100070a2 f   NativeLib:interrupts_asm.obj
 0001:000060e4       intr218                    00000000100070e4 f   NativeLib:interrupts_asm.obj
 0001:00006126       intr219                    0000000010007126 f   NativeLib:interrupts_asm.obj
 0001:00006168       intr220                    0000000010007168 f   NativeLib:interrupts_asm.obj
 0001:000061aa       intr221                    00000000100071aa f   NativeLib:interrupts_asm.obj
 0001:000061ec       intr222                    00000000100071ec f   NativeLib:interrupts_asm.obj
 0001:0000622e       intr223                    000000001000722e f   NativeLib:interrupts_asm.obj
 0001:00006270       intr224                    0000000010007270 f   NativeLib:interrupts_asm.obj
 0001:000062b2       intr225                    00000000100072b2 f   NativeLib:interrupts_asm.obj
 0001:000062f4       intr226                    00000000100072f4 f   NativeLib:interrupts_asm.obj
 0001:00006336       intr227                    0000000010007336 f   NativeLib:interrupts_asm.obj
 0001:00006378       intr228                    0000000010007378 f   NativeLib:interrupts_asm.obj
 0001:000063ba       intr229                    00000000100073ba f   NativeLib:interrupts_asm.obj
 0001:000063fc       intr230                    00000000100073fc f   NativeLib:interrupts_asm.obj
 0001:0000643e       intr231                    000000001000743e f   NativeLib:interrupts_asm.obj
 0001:00006480       intr232                    0000000010007480 f   NativeLib:interrupts_asm.obj
 0001:000064c2       intr233                    00000000100074c2 f   NativeLib:interrupts_asm.obj
 0001:00006504       intr234                    0000000010007504 f   NativeLib:interrupts_asm.obj
 0001:00006546       intr235                    0000000010007546 f   NativeLib:interrupts_asm.obj
 0001:00006588       intr236                    0000000010007588 f   NativeLib:interrupts_asm.obj
 0001:000065ca       intr237                    00000000100075ca f   NativeLib:interrupts_asm.obj
 0001:0000660c       intr238                    000000001000760c f   NativeLib:interrupts_asm.obj
 0001:0000664e       intr239                    000000001000764e f   NativeLib:interrupts_asm.obj
 0001:00006690       intr240                    0000000010007690 f   NativeLib:interrupts_asm.obj
 0001:000066d2       intr241                    00000000100076d2 f   NativeLib:interrupts_asm.obj
 0001:00006714       intr242                    0000000010007714 f   NativeLib:interrupts_asm.obj
 0001:00006756       intr243                    0000000010007756 f   NativeLib:interrupts_asm.obj
 0001:00006798       intr244                    0000000010007798 f   NativeLib:interrupts_asm.obj
 0001:000067da       intr245                    00000000100077da f   NativeLib:interrupts_asm.obj
 0001:0000681c       intr246                    000000001000781c f   NativeLib:interrupts_asm.obj
 0001:0000685e       intr247                    000000001000785e f   NativeLib:interrupts_asm.obj
 0001:000068a0       intr248                    00000000100078a0 f   NativeLib:interrupts_asm.obj
 0001:000068e2       intr249                    00000000100078e2 f   NativeLib:interrupts_asm.obj
 0001:00006924       intr250                    0000000010007924 f   NativeLib:interrupts_asm.obj
 0001:00006966       intr251                    0000000010007966 f   NativeLib:interrupts_asm.obj
 0001:000069a8       intr252                    00000000100079a8 f   NativeLib:interrupts_asm.obj
 0001:000069ea       intr253                    00000000100079ea f   NativeLib:interrupts_asm.obj
 0001:00006a2c       intr254                    0000000010007a2c f   NativeLib:interrupts_asm.obj
 0001:00006a6e       intr255                    0000000010007a6e f   NativeLib:interrupts_asm.obj
 0001:00006ab0       _reload_segreg             0000000010007ab0 f   NativeLib:interrupts_asm.obj
 0001:00006ad7       Load_IDT                   0000000010007ad7 f   NativeLib:interrupts_asm.obj
 0001:00006adb       _cli                       0000000010007adb f   NativeLib:interrupts_asm.obj
 0001:00006add       _sti                       0000000010007add f   NativeLib:interrupts_asm.obj
 0001:00006adf       _hlt                       0000000010007adf f   NativeLib:interrupts_asm.obj
 0001:00006ae1       _inttest                   0000000010007ae1 f   NativeLib:interrupts_asm.obj
 0001:00006aeb       _iretq                     0000000010007aeb f   NativeLib:interrupts_asm.obj
 0001:00006b06       _int20h                    0000000010007b06 f   NativeLib:interrupts_asm.obj
 0001:00006b10       In16                       0000000010007b10 f   NativeLib:io.obj
 0001:00006b40       In32                       0000000010007b40 f   NativeLib:io.obj
 0001:00006b70       In8                        0000000010007b70 f   NativeLib:io.obj
 0001:00006ba0       Insb                       0000000010007ba0 f   NativeLib:io.obj
 0001:00006be0       Insd                       0000000010007be0 f   NativeLib:io.obj
 0001:00006c20       Insw                       0000000010007c20 f   NativeLib:io.obj
 0001:00006c60       Out16                      0000000010007c60 f   NativeLib:io.obj
 0001:00006c90       Out32                      0000000010007c90 f   NativeLib:io.obj
 0001:00006cc0       Out8                       0000000010007cc0 f   NativeLib:io.obj
 0001:00006cf0       Outsb                      0000000010007cf0 f   NativeLib:io.obj
 0001:00006d30       Outsd                      0000000010007d30 f   NativeLib:io.obj
 0001:00006d70       Outsw                      0000000010007d70 f   NativeLib:io.obj
 0001:00006db0       enable_avx                 0000000010007db0 f   NativeLib:misc.obj
 0001:00006dc3       enable_sse                 0000000010007dc3 f   NativeLib:misc.obj
 0001:00006dd6       Schedule_Next              0000000010007dd6 f   NativeLib:misc.obj
 0001:00012240       lodepng_add_itext          0000000010013240 f   NativeLib:lodepng.obj
 0001:00012480       lodepng_add_text           0000000010013480 f   NativeLib:lodepng.obj
 0001:00012740       lodepng_can_have_alpha     0000000010013740 f   NativeLib:lodepng.obj
 0001:000127a0       lodepng_chunk_ancillary    00000000100137a0 f   NativeLib:lodepng.obj
 0001:000127f0       lodepng_chunk_append       00000000100137f0 f   NativeLib:lodepng.obj
 0001:00012910       lodepng_chunk_check_crc    0000000010013910 f   NativeLib:lodepng.obj
 0001:000129a0       lodepng_chunk_create       00000000100139a0 f   NativeLib:lodepng.obj
 0001:00012ad0       lodepng_chunk_data         0000000010013ad0 f   NativeLib:lodepng.obj
 0001:00012b10       lodepng_chunk_data_const   0000000010013b10 f   NativeLib:lodepng.obj
 0001:00012b50       lodepng_chunk_find         0000000010013b50 f   NativeLib:lodepng.obj
 0001:00012bd0       lodepng_chunk_find_const   0000000010013bd0 f   NativeLib:lodepng.obj
 0001:00012c50       lodepng_chunk_generate_crc 0000000010013c50 f   NativeLib:lodepng.obj
 0001:00012da0       lodepng_chunk_length       0000000010013da0 f   NativeLib:lodepng.obj
 0001:00012de0       lodepng_chunk_next         0000000010013de0 f   NativeLib:lodepng.obj
 0001:00012f40       lodepng_chunk_next_const   0000000010013f40 f   NativeLib:lodepng.obj
 0001:000130a0       lodepng_chunk_private      00000000100140a0 f   NativeLib:lodepng.obj
 0001:000130f0       lodepng_chunk_safetocopy   00000000100140f0 f   NativeLib:lodepng.obj
 0001:00013140       lodepng_chunk_type         0000000010014140 f   NativeLib:lodepng.obj
 0001:000131b0       lodepng_chunk_type_equals  00000000100141b0 f   NativeLib:lodepng.obj
 0001:000132a0       lodepng_clear_icc          00000000100142a0 f   NativeLib:lodepng.obj
 0001:00013310       lodepng_clear_itext        0000000010014310 f   NativeLib:lodepng.obj
 0001:00013340       lodepng_clear_text         0000000010014340 f   NativeLib:lodepng.obj
 0001:00013420       lodepng_color_mode_cleanup 0000000010014420 f   NativeLib:lodepng.obj
 0001:00013450       lodepng_color_mode_copy    0000000010014450 f   NativeLib:lodepng.obj
 0001:00013630       lodepng_color_mode_init    0000000010014630 f   NativeLib:lodepng.obj
 0001:000136b0       lodepng_color_mode_make    00000000100146b0 f   NativeLib:lodepng.obj
 0001:00013840       lodepng_color_stats_init   0000000010014840 f   NativeLib:lodepng.obj
 0001:000138f0       lodepng_compress_settings_init 00000000100148f0 f   NativeLib:lodepng.obj
 0001:00013980       lodepng_compute_color_stats 0000000010014980 f   NativeLib:lodepng.obj
 0001:00014850       lodepng_convert            0000000010015850 f   NativeLib:lodepng.obj
 0001:00014d90       lodepng_convert_rgb        0000000010015d90 f   NativeLib:lodepng.obj
 0001:000150d0       lodepng_crc32              00000000100160d0 f   NativeLib:lodepng.obj
 0001:00015160       lodepng_decode             0000000010016160 f   NativeLib:lodepng.obj
 0001:00015350       lodepng_decode24           0000000010016350 f   NativeLib:lodepng.obj
 0001:000153c0       lodepng_decode32           00000000100163c0 f   NativeLib:lodepng.obj
 0001:00015430       lodepng_decode_memory      0000000010016430 f   NativeLib:lodepng.obj
 0001:00015500       lodepng_decoder_settings_init 0000000010016500 f   NativeLib:lodepng.obj
 0001:00015590       lodepng_decompress_settings_init 0000000010016590 f   NativeLib:lodepng.obj
 0001:00015600       lodepng_deflate            0000000010016600 f   NativeLib:lodepng.obj
 0001:00015910       lodepng_encode             0000000010016910 f   NativeLib:lodepng.obj
 0001:00016910       lodepng_encode24           0000000010017910 f   NativeLib:lodepng.obj
 0001:00016970       lodepng_encode32           0000000010017970 f   NativeLib:lodepng.obj
 0001:000169d0       lodepng_encode_memory      00000000100179d0 f   NativeLib:lodepng.obj
 0001:00016a90       lodepng_encoder_settings_init 0000000010017a90 f   NativeLib:lodepng.obj
 0001:00016b10       lodepng_error_text         0000000010017b10 f   NativeLib:lodepng.obj
 0001:000171e0       lodepng_get_bpp            00000000100181e0 f   NativeLib:lodepng.obj
 0001:00017250       lodepng_get_channels       0000000010018250 f   NativeLib:lodepng.obj
 0001:00017280       lodepng_get_raw_size       0000000010018280 f   NativeLib:lodepng.obj
 0001:00017460       lodepng_has_palette_alpha  0000000010018460 f   NativeLib:lodepng.obj
 0001:000174d0       lodepng_huffman_code_lengths 00000000100184d0 f   NativeLib:lodepng.obj
 0001:00017920       lodepng_inflate            0000000010018920 f   NativeLib:lodepng.obj
 0001:00017b30       lodepng_info_cleanup       0000000010018b30 f   NativeLib:lodepng.obj
 0001:00017b90       lodepng_info_copy          0000000010018b90 f   NativeLib:lodepng.obj
 0001:00017cc0       lodepng_info_init          0000000010018cc0 f   NativeLib:lodepng.obj
 0001:00017dd0       lodepng_inspect            0000000010018dd0 f   NativeLib:lodepng.obj
 0001:00018220       lodepng_inspect_chunk      0000000010019220 f   NativeLib:lodepng.obj
 0001:00018640       lodepng_is_alpha_type      0000000010019640 f   NativeLib:lodepng.obj
 0001:00018690       lodepng_is_greyscale_type  0000000010019690 f   NativeLib:lodepng.obj
 0001:000186e0       lodepng_is_palette_type    00000000100196e0 f   NativeLib:lodepng.obj
 0001:00018890       lodepng_palette_add        0000000010019890 f   NativeLib:lodepng.obj
 0001:00018980       lodepng_palette_clear      0000000010019980 f   NativeLib:lodepng.obj
 0001:00018ca0       lodepng_set_icc            0000000010019ca0 f   NativeLib:lodepng.obj
 0001:00018d10       lodepng_state_cleanup      0000000010019d10 f   NativeLib:lodepng.obj
 0001:00018d60       lodepng_state_copy         0000000010019d60 f   NativeLib:lodepng.obj
 0001:00018e30       lodepng_state_init         0000000010019e30 f   NativeLib:lodepng.obj
 0001:00018ef0       lodepng_zlib_compress      0000000010019ef0 f   NativeLib:lodepng.obj
 0001:000190e0       lodepng_zlib_decompress    000000001001a0e0 f   NativeLib:lodepng.obj
 0001:0001dd90       fatfs_init                 000000001001ed90 f   NativeLib:fatfs.obj
 0001:0001de10       format_exfat               000000001001ee10 f   NativeLib:fatfs.obj
 0001:0001de90       get_files                  000000001001ee90 f   NativeLib:fatfs.obj
 0001:0001dfd0       read_all_bytes             000000001001efd0 f   NativeLib:fatfs.obj
 0001:0001e090       write_all_bytes            000000001001f090 f   NativeLib:fatfs.obj
 0001:0001e130       vmware_send                000000001001f130 f   NativeLib:vmware.obj
 0001:0001e1b4       vmware_send_hb             000000001001f1b4 f   NativeLib:vmware.obj
 0001:0001e23a       vmware_get_hb              000000001001f23a f   NativeLib:vmware.obj
 0001:000205d0       f_close                    00000000100215d0 f   NativeLib:ff.obj
 0001:00020630       f_closedir                 0000000010021630 f   NativeLib:ff.obj
 0001:00020680       f_getfree                  0000000010021680 f   NativeLib:ff.obj
 0001:00020960       f_lseek                    0000000010021960 f   NativeLib:ff.obj
 0001:00020ea0       f_mkdir                    0000000010021ea0 f   NativeLib:ff.obj
 0001:000211e0       f_mkfs                     00000000100221e0 f   NativeLib:ff.obj
 0001:00022d90       f_mount                    0000000010023d90 f   NativeLib:ff.obj
 0001:00022e50       f_open                     0000000010023e50 f   NativeLib:ff.obj
 0001:00023510       f_opendir                  0000000010024510 f   NativeLib:ff.obj
 0001:000236d0       f_read                     00000000100246d0 f   NativeLib:ff.obj
 0001:00023b30       f_readdir                  0000000010024b30 f   NativeLib:ff.obj
 0001:00023be0       f_rename                   0000000010024be0 f   NativeLib:ff.obj
 0001:000240a0       f_stat                     00000000100250a0 f   NativeLib:ff.obj
 0001:00024140       f_sync                     0000000010025140 f   NativeLib:ff.obj
 0001:00024490       f_truncate                 0000000010025490 f   NativeLib:ff.obj
 0001:00024640       f_unlink                   0000000010025640 f   NativeLib:ff.obj
 0001:00024880       f_write                    0000000010025880 f   NativeLib:ff.obj
 0001:000280b0       ff_oem2uni                 00000000100290b0 f   NativeLib:ffunicode.obj
 0001:000281c0       ff_uni2oem                 00000000100291c0 f   NativeLib:ffunicode.obj
 0001:000282d0       ff_wtoupper                00000000100292d0 f   NativeLib:ffunicode.obj
 0001:000284a0       disk_initialize            00000000100294a0 f   NativeLib:diskio.obj
 0001:000284d0       disk_ioctl                 00000000100294d0 f   NativeLib:diskio.obj
 0001:00028550       disk_read                  0000000010029550 f   NativeLib:diskio.obj
 0001:00028590       disk_status                0000000010029590 f   NativeLib:diskio.obj
 0001:000285c0       disk_write                 00000000100295c0 f   NativeLib:diskio.obj
 0001:00028600       mystrtoul                  0000000010029600 f   LibC:strtoul.obj
 0001:0002aea0       fctprintf                  000000001002bea0 f   LibC:printf.obj
 0001:0002af20       printf_                    000000001002bf20 f   LibC:printf.obj
 0001:0002af90       snprintf_                  000000001002bf90 f   LibC:printf.obj
 0001:0002aff0       sprintf_                   000000001002bff0 f   LibC:printf.obj
 0001:0002b060       vprintf_                   000000001002c060 f   LibC:printf.obj
 0001:0002b0b0       vsnprintf_                 000000001002c0b0 f   LibC:printf.obj
 0001:0002b100       myisspace                  000000001002c100 f   LibC:isspace.obj
 0001:0002b150       myisdigit                  000000001002c150 f   LibC:isdigit.obj
 0001:0002b190       myisalpha                  000000001002c190 f   LibC:isalpha.obj
 0001:0002b1d0       myisupper                  000000001002c1d0 f   LibC:isupper.obj
 0002:00000000       unbox_Bool__ToString       000000001002d000     guideXOS.obj
 0002:0000000c       unbox_UInt8__ToString      000000001002d00c     guideXOS.obj
 0002:00000018       unbox_Int32__ToString      000000001002d018     guideXOS.obj
 0002:00000024       unbox_UInt16__ToString     000000001002d024     guideXOS.obj
 0002:00000030       unbox_UInt32__ToString     000000001002d030     guideXOS.obj
 0002:0000003c       unbox_UInt64__ToString     000000001002d03c     guideXOS.obj
 0003:00000000       KMain                      000000001002e000     guideXOS.obj
 0003:00000000       guideXOS_Program__KMain    000000001002e000     guideXOS.obj
 0003:00000290       guideXOS_Program__SMain    000000001002e290     guideXOS.obj
 0003:00000480       guideXOS_Allocator__GetPageIndexStart 000000001002e480     guideXOS.obj
 0003:000004d0       guideXOS_Allocator__Free   000000001002e4d0     guideXOS.obj
 0003:00000608       guideXOS_Allocator__get_MemoryInUse 000000001002e608     guideXOS.obj
 0003:00000620       guideXOS_Allocator__Initialize 000000001002e620     guideXOS.obj
 0003:000006b4       guideXOS_Allocator__Allocate 000000001002e6b4     guideXOS.obj
 0003:00000940       guideXOS_Allocator__Reallocate 000000001002e940     guideXOS.obj
 0003:00000a4c       guideXOS_Allocator__ClearAllocate_0 000000001002ea4c     guideXOS.obj
 0003:00000ac4       guideXOS_GDT__FillEntry    000000001002eac4     guideXOS.obj
 0003:00000b04       guideXOS_GDT__Initialise   000000001002eb04     guideXOS.obj
 0003:00000c4c       guideXOS_GDT__SetKernelStack 000000001002ec4c     guideXOS.obj
 0003:00000c70       guideXOS_IDT__Initialize   000000001002ec70     guideXOS.obj
 0003:00000d64       guideXOS_IDT__AllowUserSoftwareInterrupt 000000001002ed64     guideXOS.obj
 0003:00000dfc       guideXOS_IDT__intr_handler 000000001002edfc     guideXOS.obj
 0003:00000dfc       intr_handler               000000001002edfc     guideXOS.obj
 0003:00002bdc       guideXOS_Native__Load_GDT  0000000010030bdc     guideXOS.obj
 0003:00002c30       guideXOS_Native__Load_IDT  0000000010030c30     guideXOS.obj
 0003:00002c84       guideXOS_Internal_Runtime_EEType__get_IsArray 0000000010030c84     guideXOS.obj
 0003:00002ca8       guideXOS_Internal_Runtime_EEType__get_ArrayRank 0000000010030ca8     guideXOS.obj
 0003:00002cc8       __imp_GetCurrentThreadId   0000000010030cc8     guideXOS.obj
 0003:00002cc8       guideXOS_Internal_Runtime_CompilerHelpers_StartupCodeHelpers____imp_GetCurrentThreadId 0000000010030cc8     guideXOS.obj
 0003:00002ccc       __CheckForDebuggerJustMyCode 0000000010030ccc     guideXOS.obj
 0003:00002ccc       guideXOS_Internal_Runtime_CompilerHelpers_StartupCodeHelpers____CheckForDebuggerJustMyCode 0000000010030ccc     guideXOS.obj
 0003:00002cd0       __fail_fast                0000000010030cd0     guideXOS.obj
 0003:00002cd0       guideXOS_Internal_Runtime_CompilerHelpers_StartupCodeHelpers__FailFast 0000000010030cd0     guideXOS.obj
 0003:00002cd4       guideXOS_Internal_Runtime_CompilerHelpers_StartupCodeHelpers__MemSet 0000000010030cd4     guideXOS.obj
 0003:00002cd4       memset                     0000000010030cd4     guideXOS.obj
 0003:00002cf0       guideXOS_Internal_Runtime_CompilerHelpers_StartupCodeHelpers__MemCpy 0000000010030cf0     guideXOS.obj
 0003:00002cf0       memcpy                     0000000010030cf0     guideXOS.obj
 0003:00002d0c       RhpFallbackFailFast        0000000010030d0c     guideXOS.obj
 0003:00002d0c       guideXOS_Internal_Runtime_CompilerHelpers_StartupCodeHelpers__RhpFallbackFailFast 0000000010030d0c     guideXOS.obj
 0003:00002d10       RhpReversePInvoke2         0000000010030d10     guideXOS.obj
 0003:00002d10       guideXOS_Internal_Runtime_CompilerHelpers_StartupCodeHelpers__RhpReversePInvoke2 0000000010030d10     guideXOS.obj
 0003:00002d14       RhpReversePInvokeReturn2   0000000010030d14     guideXOS.obj
 0003:00002d14       guideXOS_Internal_Runtime_CompilerHelpers_StartupCodeHelpers__RhpReversePInvokeReturn2 0000000010030d14     guideXOS.obj
 0003:00002d18       RhpReversePInvoke          0000000010030d18     guideXOS.obj
 0003:00002d18       guideXOS_Internal_Runtime_CompilerHelpers_StartupCodeHelpers__RhpReversePInvoke 0000000010030d18     guideXOS.obj
 0003:00002d1c       RhpReversePInvokeReturn    0000000010030d1c     guideXOS.obj
 0003:00002d1c       guideXOS_Internal_Runtime_CompilerHelpers_StartupCodeHelpers__RhpReversePInvokeReturn 0000000010030d1c     guideXOS.obj
 0003:00002d20       RhpPInvoke                 0000000010030d20     guideXOS.obj
 0003:00002d20       guideXOS_Internal_Runtime_CompilerHelpers_StartupCodeHelpers__RhpPinvoke 0000000010030d20     guideXOS.obj
 0003:00002d24       RhpPInvokeReturn           0000000010030d24     guideXOS.obj
 0003:00002d24       guideXOS_Internal_Runtime_CompilerHelpers_StartupCodeHelpers__RhpPinvokeReturn 0000000010030d24     guideXOS.obj
 0003:00002d28       RhpNewFast                 0000000010030d28     guideXOS.obj
 0003:00002d28       guideXOS_Internal_Runtime_CompilerHelpers_StartupCodeHelpers__RhpNewFast 0000000010030d28     guideXOS.obj
 0003:00002db4       RhpNewArray                0000000010030db4     guideXOS.obj
 0003:00002db4       guideXOS_Internal_Runtime_CompilerHelpers_StartupCodeHelpers__RhpNewArray 0000000010030db4     guideXOS.obj
 0003:00002e78       RhpAssignRef               0000000010030e78     guideXOS.obj
 0003:00002e78       guideXOS_Internal_Runtime_CompilerHelpers_StartupCodeHelpers__RhpAssignRef 0000000010030e78     guideXOS.obj
 0003:00002e7c       RhpByRefAssignRef          0000000010030e7c     guideXOS.obj
 0003:00002e7c       guideXOS_Internal_Runtime_CompilerHelpers_StartupCodeHelpers__RhpByRefAssignRef 0000000010030e7c     guideXOS.obj
 0003:00002e80       RhpCheckedAssignRef        0000000010030e80     guideXOS.obj
 0003:00002e80       guideXOS_Internal_Runtime_CompilerHelpers_StartupCodeHelpers__RhpCheckedAssignRef 0000000010030e80     guideXOS.obj
 0003:00002e84       RhpStelemRef               0000000010030e84     guideXOS.obj
 0003:00002e84       guideXOS_Internal_Runtime_CompilerHelpers_StartupCodeHelpers__RhpStelemRef 0000000010030e84     guideXOS.obj
 0003:00002ebc       RhTypeCast_IsInstanceOfClass 0000000010030ebc     guideXOS.obj
 0003:00002ebc       guideXOS_Internal_Runtime_CompilerHelpers_StartupCodeHelpers__RhTypeCast_IsInstanceOfClass 0000000010030ebc     guideXOS.obj
 0003:00002ee8       guideXOS_Internal_Runtime_CompilerHelpers_StartupCodeHelpers__InitializeModules 0000000010030ee8     guideXOS.obj
 0003:000030a4       guideXOS_Internal_Runtime_CompilerHelpers_StartupCodeHelpers__InitializeStatics 00000000100310a4     guideXOS.obj
 0003:0000318c       guideXOS_Internal_Runtime_CompilerHelpers_SynchronizedMethodHelpers__MonitorEnterStatic 000000001003118c     guideXOS.obj
 0003:00003190       guideXOS_Internal_Runtime_CompilerHelpers_SynchronizedMethodHelpers__MonitorExitStatic 0000000010031190     guideXOS.obj
 0003:00003194       guideXOS_Internal_Runtime_CompilerHelpers_ThrowHelpers__Error 0000000010031194     guideXOS.obj
 0003:00003244       guideXOS_Internal_Runtime_CompilerHelpers_ThrowHelpers__ThrowOverflowException 0000000010031244     guideXOS.obj
 0003:0000325c       guideXOS_Internal_Runtime_CompilerHelpers_ThrowHelpers__ThrowIndexOutOfRangeException 000000001003125c     guideXOS.obj
 0003:00003274       Bool__ToString             0000000010031274     guideXOS.obj
 0003:0000328c       UInt8__ToString            000000001003128c     guideXOS.obj
 0003:000032a8       Char__ToUpper              00000000100312a8     guideXOS.obj
 0003:000032c0       guideXOS_System_Delegate__InitializeClosedInstance 00000000100312c0     guideXOS.obj
 0003:000032ec       Int32__ToString            00000000100312ec     guideXOS.obj
 0003:0000330c       Int64__ToString            000000001003130c     guideXOS.obj
 0003:000033fc       guideXOS_System_MathF__Floor 00000000100313fc     guideXOS.obj
 0003:0000345c       Object___ctor              000000001003145c     guideXOS.obj
 0003:00003460       Object__ToString           0000000010031460     guideXOS.obj
 0003:00003468       Object__Dispose            0000000010031468     guideXOS.obj
 0003:000034b8       String__FromASCII          00000000100314b8     guideXOS.obj
 0003:00003550       String__Ctor               0000000010031550     guideXOS.obj
 0003:00003570       String__Ctor_1             0000000010031570     guideXOS.obj
 0003:000035bc       String__Ctor_2             00000000100315bc     guideXOS.obj
 0003:00003678       String__LastIndexOf        0000000010031678     guideXOS.obj
 0003:000036a0       String__Ctor_3             00000000100316a0     guideXOS.obj
 0003:000036e4       String__ToString           00000000100316e4     guideXOS.obj
 0003:000036e8       String__Equals_0           00000000100316e8     guideXOS.obj
 0003:00003724       String__Concat             0000000010031724     guideXOS.obj
 0003:00003810       String__IndexOf            0000000010031810     guideXOS.obj
 0003:00003840       String__Concat_0           0000000010031840     guideXOS.obj
 0003:000038b4       String__Concat_1           00000000100318b4     guideXOS.obj
 0003:00003978       String__Concat_2           0000000010031978     guideXOS.obj
 0003:00003a60       String__Format             0000000010031a60     guideXOS.obj
 0003:00003c64       String__Split              0000000010031c64     guideXOS.obj
 0003:00003d78       String__Substring          0000000010031d78     guideXOS.obj
 0003:00003db8       String__Substring_0        0000000010031db8     guideXOS.obj
 0003:00003df4       String__EndsWith_0         0000000010031df4     guideXOS.obj
 0003:00003e74       String__ToUpper            0000000010031e74     guideXOS.obj
 0003:00003f08       UInt16__ToString           0000000010031f08     guideXOS.obj
 0003:00003f24       UInt32__ToString           0000000010031f24     guideXOS.obj
 0003:00003f40       UInt64__ToString           0000000010031f40     guideXOS.obj
 0003:00004008       UInt64__ToStringHex        0000000010032008     guideXOS.obj
 0003:000040b0       guideXOS_System_Threading_Monitor__Unlock 00000000100320b0     guideXOS.obj
 0003:000040f4       RhTypeCast_CheckCastClass  00000000100320f4     guideXOS.obj
 0003:000040f4       guideXOS_System_Runtime_TypeCast__CheckCastClass 00000000100320f4     guideXOS.obj
 0003:0000411c       RhTypeCast_CheckCastArray  000000001003211c     guideXOS.obj
 0003:0000411c       guideXOS_System_Runtime_TypeCast__CheckCastArray 000000001003211c     guideXOS.obj
 0003:00004144       RhTypeCast_IsInstanceOfArray 0000000010032144     guideXOS.obj
 0003:00004144       guideXOS_System_Runtime_TypeCast__IsInstanceOfArray 0000000010032144     guideXOS.obj
 0003:000041a0       guideXOS_System_Runtime_CompilerServices_ClassConstructorRunner__CheckStaticClassConstructionReturnNonGCStaticBase 00000000100321a0     guideXOS.obj
 0003:000041b8       guideXOS_System_Runtime_CompilerServices_ClassConstructorRunner__CheckStaticClassConstructionReturnGCStaticBase 00000000100321b8     guideXOS.obj
 0003:000041d0       guideXOS_System_Runtime_CompilerServices_ClassConstructorRunner__CheckStaticClassConstruction 00000000100321d0     guideXOS.obj
 0003:00004204       guideXOS_System_Drawing_Image___ctor 0000000010032204     guideXOS.obj
 0003:00004240       guideXOS_System_Drawing_Image___ctor_0 0000000010032240     guideXOS.obj
 0003:00004244       guideXOS_System_Drawing_Image__Resample 0000000010032244     guideXOS.obj
 0003:000045e8       guideXOS_System_Drawing_Image__ResizeImage 00000000100325e8     guideXOS.obj
 0003:0000475c       guideXOS_System_Drawing_Image__Dispose 000000001003275c     guideXOS.obj
 0003:000047e4       guideXOS_System_Diagnostics_Process__Start 00000000100327e4     guideXOS.obj
 0003:000049e8       guideXOS_System_Diagnostics_Process__StartThread 00000000100329e8     guideXOS.obj
 0003:00004a64       guideXOS_System_Diagnostics_Process__FixImageRelocations 0000000010032a64     guideXOS.obj
 0003:00004ad0       guideXOS_guideXOS_Animation___ctor 0000000010032ad0     guideXOS.obj
 0003:00004ae0       guideXOS_guideXOS_Animator__Initialize 0000000010032ae0     guideXOS.obj
 0003:00004b38       guideXOS_guideXOS_Animator__OnInterrupt 0000000010032b38     guideXOS.obj
 0003:00004bc4       guideXOS_guideXOS_API__HandleSystemCall 0000000010032bc4     guideXOS.obj
 0003:00004f60       guideXOS_guideXOS_API__API_SndWrite 0000000010032f60     guideXOS.obj
 0003:00004f68       guideXOS_guideXOS_API__API_Calloc 0000000010032f68     guideXOS.obj
 0003:00004f70       guideXOS_guideXOS_API__API_StartThread 0000000010032f70     guideXOS.obj
 0003:00004fac       guideXOS_guideXOS_API__API_Error 0000000010032fac     guideXOS.obj
 0003:00004fb4       guideXOS_guideXOS_API__API_GetTime 0000000010032fb4     guideXOS.obj
 0003:00005034       guideXOS_guideXOS_API__API_DrawImage 0000000010033034     guideXOS.obj
 0003:00005068       guideXOS_guideXOS_API__API_WriteString 0000000010033068     guideXOS.obj
 0003:000050c8       guideXOS_guideXOS_API__API_Width 00000000100330c8     guideXOS.obj
 0003:000050dc       guideXOS_guideXOS_API__API_Height 00000000100330dc     guideXOS.obj
 0003:000050f0       guideXOS_guideXOS_API__API_Update 00000000100330f0     guideXOS.obj
 0003:000050f8       guideXOS_guideXOS_API__API_Clear 00000000100330f8     guideXOS.obj
 0003:00005118       DebugWrite                 0000000010033118     guideXOS.obj
 0003:00005118       guideXOS_guideXOS_API__API_DebugWrite 0000000010033118     guideXOS.obj
 0003:00005120       DebugWriteLine             0000000010033120     guideXOS.obj
 0003:00005120       guideXOS_guideXOS_API__API_DebugWriteLine 0000000010033120     guideXOS.obj
 0003:0000513c       Lock                       000000001003313c     guideXOS.obj
 0003:0000513c       guideXOS_guideXOS_API__API_Lock 000000001003313c     guideXOS.obj
 0003:00005164       Unlock                     0000000010033164     guideXOS.obj
 0003:00005164       guideXOS_guideXOS_API__API_Unlock 0000000010033164     guideXOS.obj
 0003:000051a4       guideXOS_guideXOS_API__API_DrawPoint 00000000100331a4     guideXOS.obj
 0003:000051d8       guideXOS_guideXOS_API__API_SwitchToConsoleMode 00000000100331d8     guideXOS.obj
 0003:000051e0       guideXOS_guideXOS_API__API_ReadAllBytes 00000000100331e0     guideXOS.obj
 0003:000052e8       guideXOS_guideXOS_API__API_Sleep 00000000100332e8     guideXOS.obj
 0003:000052f0       guideXOS_guideXOS_API__API_GetTick 00000000100332f0     guideXOS.obj
 0003:00005304       guideXOS_guideXOS_API__API_Write 0000000010033304     guideXOS.obj
 0003:00005310       guideXOS_guideXOS_API__API_WriteLine 0000000010033310     guideXOS.obj
 0003:00005318       guideXOS_guideXOS_API__API_Allocate 0000000010033318     guideXOS.obj
 0003:00005320       guideXOS_guideXOS_API__API_Free 0000000010033320     guideXOS.obj
 0003:00005328       guideXOS_guideXOS_API__API_Reallocate 0000000010033328     guideXOS.obj
 0003:00005330       guideXOS_guideXOS_API__SayHello 0000000010033330     guideXOS.obj
 0003:0000533c       guideXOS_guideXOS_Kbd2Mouse__OnKeyChanged 000000001003333c     guideXOS.obj
 0003:000054c8       guideXOS_guideXOS_ASC16__DrawString 00000000100334c8     guideXOS.obj
 0003:00005518       guideXOS_guideXOS_ASC16__DrawChar 0000000010033518     guideXOS.obj
 0003:000055ac       guideXOS_guideXOS_Console__add_OnWrite 00000000100335ac     guideXOS.obj
 0003:00005638       guideXOS_guideXOS_Console__Setup 0000000010033638     guideXOS.obj
 0003:000056f0       guideXOS_guideXOS_Console__Write 00000000100336f0     guideXOS.obj
 0003:0000579c       guideXOS_guideXOS_Console__Write_0 000000001003379c     guideXOS.obj
 0003:00005820       guideXOS_guideXOS_Console__WriteFramebuffer 0000000010033820     guideXOS.obj
 0003:0000592c       guideXOS_guideXOS_Console__MoveUp 000000001003392c     guideXOS.obj
 0003:00005960       guideXOS_guideXOS_Console__MoveUpFramebuffer 0000000010033960     guideXOS.obj
 0003:00005a0c       guideXOS_guideXOS_Console__UpdateCursorFramebuffer 0000000010033a0c     guideXOS.obj
 0003:00005abc       guideXOS_guideXOS_Console__WriteLine 0000000010033abc     guideXOS.obj
 0003:00005b58       guideXOS_guideXOS_Console__WriteLine_0 0000000010033b58     guideXOS.obj
 0003:00005b9c       guideXOS_guideXOS_Console__Clear 0000000010033b9c     guideXOS.obj
 0003:00005bb8       guideXOS_guideXOS_Console__ClearFramebuffer 0000000010033bb8     guideXOS.obj
 0003:00005c74       guideXOS_guideXOS_PageTable__Initialise 0000000010033c74     guideXOS.obj
 0003:00005d48       guideXOS_guideXOS_PageTable__GetPageInternal 0000000010033d48     guideXOS.obj
 0003:00005e04       guideXOS_guideXOS_PageTable__MapOnRoot 0000000010033e04     guideXOS.obj
 0003:00005e94       guideXOS_guideXOS_PageTable__Next_0 0000000010033e94     guideXOS.obj
 0003:00005f64       guideXOS_guideXOS_Intel825xx__Initialize 0000000010033f64     guideXOS.obj
 0003:000065fc       guideXOS_guideXOS_Intel825xx__Reset 00000000100345fc     guideXOS.obj
 0003:0000662c       guideXOS_guideXOS_Intel825xx__TXsetup 000000001003462c     guideXOS.obj
 0003:0000669c       guideXOS_guideXOS_Intel825xx__RXsetup 000000001003469c     guideXOS.obj
 0003:00006734       guideXOS_guideXOS_Intel825xx__ReadROM 0000000010034734     guideXOS.obj
 0003:00006768       guideXOS_guideXOS_Intel825xx__OnInterrupt 0000000010034768     guideXOS.obj
 0003:000067dc       guideXOS_guideXOS_Intel825xx__Linkup 00000000100347dc     guideXOS.obj
 0003:00006814       guideXOS_guideXOS_Intel825xx__Send 0000000010034814     guideXOS.obj
 0003:00006874       guideXOS_guideXOS_NETv4__Initialize 0000000010034874     guideXOS.obj
 0003:0000695c       guideXOS_guideXOS_NETv4__SwapLeftRight 000000001003495c     guideXOS.obj
 0003:00006978       guideXOS_guideXOS_NETv4__SwapLeftRight_0 0000000010034978     guideXOS.obj
 0003:000069a8       guideXOS_guideXOS_NETv4__SwapLeftRight_1 00000000100349a8     guideXOS.obj
 0003:000069c4       guideXOS_guideXOS_NETv4__SwapLeftRight_2 00000000100349c4     guideXOS.obj
 0003:00006a00       guideXOS_guideXOS_NETv4__OnData 0000000010034a00     guideXOS.obj
 0003:00006a54       guideXOS_guideXOS_NETv4__DNSQuery 0000000010034a54     guideXOS.obj
 0003:00006f50       guideXOS_guideXOS_NETv4__DHCPDiscover 0000000010034f50     guideXOS.obj
 0003:00007470       guideXOS_guideXOS_NETv4__MakeDHCPRequestPacket 0000000010035470     guideXOS.obj
 0003:00007540       guideXOS_guideXOS_NETv4__UDPBind 0000000010035540     guideXOS.obj
 0003:0000759c       guideXOS_guideXOS_NETv4__UDPSend 000000001003559c     guideXOS.obj
 0003:00007700       guideXOS_guideXOS_NETv4__MakeUDPPacket 0000000010035700     guideXOS.obj
 0003:00007810       guideXOS_guideXOS_NETv4__UDPOnData 0000000010035810     guideXOS.obj
 0003:00007920       guideXOS_guideXOS_NETv4__TCPOnData 0000000010035920     guideXOS.obj
 0003:00007f44       guideXOS_guideXOS_NETv4__TCPConnect 0000000010035f44     guideXOS.obj
 0003:00007fe4       guideXOS_guideXOS_NETv4__TCPClose 0000000010035fe4     guideXOS.obj
 0003:0000801c       guideXOS_guideXOS_NETv4__TCPSendData 000000001003601c     guideXOS.obj
 0003:000080ac       guideXOS_guideXOS_NETv4__TCPSend 00000000100360ac     guideXOS.obj
 0003:00008204       guideXOS_guideXOS_NETv4__MakeTCPPacket 0000000010036204     guideXOS.obj
 0003:000083c8       guideXOS_guideXOS_NETv4__IPOnData 00000000100363c8     guideXOS.obj
 0003:000084fc       guideXOS_guideXOS_NETv4__MakeIPPacket 00000000100364fc     guideXOS.obj
 0003:00008564       guideXOS_guideXOS_NETv4__IPChecksum 0000000010036564     guideXOS.obj
 0003:000085b4       guideXOS_guideXOS_NETv4__ICMPOnData 00000000100365b4     guideXOS.obj
 0003:00008728       guideXOS_guideXOS_NETv4__ICMPPing 0000000010036728     guideXOS.obj
 0003:00008894       guideXOS_guideXOS_NETv4__ARPLookup 0000000010036894     guideXOS.obj
 0003:00008a20       guideXOS_guideXOS_NETv4__ARPOnData 0000000010036a20     guideXOS.obj
 0003:00008c40       guideXOS_guideXOS_NETv4__MakeARPPacket 0000000010036c40     guideXOS.obj
 0003:00008cb8       guideXOS_guideXOS_NETv4__ARPRequire 0000000010036cb8     guideXOS.obj
 0003:00008dbc       guideXOS_guideXOS_NETv4__MakeEthernetPacket 0000000010036dbc     guideXOS.obj
 0003:00008dfc       guideXOS_guideXOS_RTL8111__Initialize 0000000010036dfc     guideXOS.obj
 0003:0000945c       guideXOS_guideXOS_RTL8111__ResetRXDesc 000000001003745c     guideXOS.obj
 0003:00009494       guideXOS_guideXOS_RTL8111__Send 0000000010037494     guideXOS.obj
 0003:00009554       guideXOS_guideXOS_RTL8111__OnInterrupt 0000000010037554     guideXOS.obj
 0003:00009624       guideXOS_guideXOS_SMP__ApplicationProcessorMain 0000000010037624     guideXOS.obj
 0003:000096c0       guideXOS_guideXOS_SMP__Initialize 00000000100376c0     guideXOS.obj
 0003:00009850       guideXOS_guideXOS_Network_Http__NextEphemeralPort 0000000010037850     guideXOS.obj
 0003:00009884       guideXOS_guideXOS_Network_Http__PostJson 0000000010037884     guideXOS.obj
 0003:00009914       guideXOS_guideXOS_Network_Http__BuildPost 0000000010037914     guideXOS.obj
 0003:00009af8       guideXOS_guideXOS_Network_Http__Send 0000000010037af8     guideXOS.obj
 0003:0000a07c       guideXOS_guideXOS_Network_Http__Resolve 000000001003807c     guideXOS.obj
 0003:0000a174       guideXOS_guideXOS_Network_Http__IsZero 0000000010038174     guideXOS.obj
 0003:0000a194       guideXOS_guideXOS_Network_Http__EqualsIp 0000000010038194     guideXOS.obj
 0003:0000a1d4       guideXOS_guideXOS_Network_Http__ReceiveAll 00000000100381d4     guideXOS.obj
 0003:0000a314       guideXOS_guideXOS_Network_Http__IsHttpComplete 0000000010038314     guideXOS.obj
 0003:0000a488       guideXOS_guideXOS_Network_Http__HeaderContentLengthBytes 0000000010038488     guideXOS.obj
 0003:0000a528       guideXOS_guideXOS_Network_Http__HeaderChunkedBytes 0000000010038528     guideXOS.obj
 0003:0000a570       guideXOS_guideXOS_Network_Http__ParseHttp 0000000010038570     guideXOS.obj
 0003:0000a9a4       guideXOS_guideXOS_Network_Http__DecodeChunked 00000000100389a4     guideXOS.obj
 0003:0000ab00       guideXOS_guideXOS_Network_Http__IndexOf 0000000010038b00     guideXOS.obj
 0003:0000ab68       guideXOS_guideXOS_Network_Http__Match 0000000010038b68     guideXOS.obj
 0003:0000ac1c       guideXOS_guideXOS_Network_Http__ToAsciiBytes 0000000010038c1c     guideXOS.obj
 0003:0000aca4       guideXOS_guideXOS_Network_Http__BytesToAscii_0 0000000010038ca4     guideXOS.obj
 0003:0000ad58       guideXOS_guideXOS_Network_Http__SetHeader 0000000010038d58     guideXOS.obj
 0003:0000ae1c       guideXOS_guideXOS_Network_Http__GetHeader 0000000010038e1c     guideXOS.obj
 0003:0000ae84       guideXOS_guideXOS_Network_Http__EqualsIgnoreCase 0000000010038e84     guideXOS.obj
 0003:0000aef4       guideXOS_guideXOS_Network_Http__IndexOfIgnoreCase 0000000010038ef4     guideXOS.obj
 0003:0000af74       guideXOS_guideXOS_Network_Http__IndexOf_0 0000000010038f74     guideXOS.obj
 0003:0000afa0       guideXOS_guideXOS_Network_Http__HasPrefix 0000000010038fa0     guideXOS.obj
 0003:0000afd8       guideXOS_guideXOS_Network_Http__TrimSpaces 0000000010038fd8     guideXOS.obj
 0003:0000b034       guideXOS_guideXOS_Network_Http__ParseInt 0000000010039034     guideXOS.obj
 0003:0000b068       guideXOS_guideXOS_Network_Http__ParseIntToString 0000000010039068     guideXOS.obj
 0003:0000b198       guideXOS_guideXOS_Network_Http__ParseHex 0000000010039198     guideXOS.obj
 0003:0000b1f0       guideXOS_guideXOS_Misc_Audio__Initialize 00000000100391f0     guideXOS.obj
 0003:0000b220       guideXOS_guideXOS_Misc_Audio__snd_write 0000000010039220     guideXOS.obj
 0003:0000b220       snd_write                  0000000010039220     guideXOS.obj
 0003:0000b308       guideXOS_guideXOS_Misc_Audio__snd_clear 0000000010039308     guideXOS.obj
 0003:0000b308       snd_clear                  0000000010039308     guideXOS.obj
 0003:0000b31c       guideXOS_guideXOS_Misc_Audio__require 000000001003931c     guideXOS.obj
 0003:0000b418       guideXOS_guideXOS_Misc_Bitmap___ctor 0000000010039418     guideXOS.obj
 0003:0000b660       guideXOS_guideXOS_Misc_BootSplash__Initialize 0000000010039660     guideXOS.obj
 0003:0000b6b8       guideXOS_guideXOS_Misc_BootSplash__Tick 00000000100396b8     guideXOS.obj
 0003:0000b854       guideXOS_guideXOS_Misc_ClassID__GetName 0000000010039854     guideXOS.obj
 0003:0000b9bc       Entry                      00000000100399bc     guideXOS.obj
 0003:0000b9bc       guideXOS_guideXOS_Misc_EntryPoint__Entry 00000000100399bc     guideXOS.obj
 0003:0000bdcc       guideXOS_guideXOS_Misc_IFont__DrawChar 0000000010039dcc     guideXOS.obj
 0003:0000bf70       guideXOS_guideXOS_Misc_IFont__DrawString 0000000010039f70     guideXOS.obj
 0003:0000bfe4       guideXOS_guideXOS_Misc_IFont__MeasureString 0000000010039fe4     guideXOS.obj
 0003:0000c050       guideXOS_guideXOS_Misc_IFont__DrawString_0 000000001003a050     guideXOS.obj
 0003:0000c164       guideXOS_guideXOS_Misc_Interrupts__EnableInterrupt_0 000000001003a164     guideXOS.obj
 0003:0000c1cc       guideXOS_guideXOS_Misc_Interrupts__HandleInterrupt 000000001003a1cc     guideXOS.obj
 0003:0000c234       guideXOS_guideXOS_Misc_Panic__Error 000000001003a234     guideXOS.obj
 0003:0000c2d0       guideXOS_guideXOS_Misc_PNG___ctor 000000001003a2d0     guideXOS.obj
 0003:0000c4c0       guideXOS_guideXOS_Misc_PNG__lodepng_decode_memory 000000001003a4c0     guideXOS.obj
 0003:0000c55c       guideXOS_guideXOS_Misc_Thread__NewThread 000000001003a55c     guideXOS.obj
 0003:0000c5fc       guideXOS_guideXOS_Misc_Thread__Start 000000001003a5fc     guideXOS.obj
 0003:0000c6ac       guideXOS_guideXOS_Misc_Thread__Start_0 000000001003a6ac     guideXOS.obj
 0003:0000c79c       guideXOS_guideXOS_Misc_ThreadPool__Initialize 000000001003a79c     guideXOS.obj
[...]
 0008:00000262       __E2E33A61_corecrt_wstdlib@h 00000000101d9262     NativeLib:ffunicode.obj
 0008:00000263       __10D4A829_limits@h        00000000101d9263     NativeLib:ffunicode.obj
 0008:00000264       __6E5ACABA_stdlib@h        00000000101d9264     NativeLib:ffunicode.obj
 0008:00000265       __30B1AFDA_unknwnbase@h    00000000101d9265     NativeLib:ffunicode.obj
 0008:00000266       __328C1996_objidlbase@h    00000000101d9266     NativeLib:ffunicode.obj
 0008:00000267       __C4E06B6A_cguid@h         00000000101d9267     NativeLib:ffunicode.obj
 0008:00000268       __434718C5_combaseapi@h    00000000101d9268     NativeLib:ffunicode.obj
 0008:00000269       __DE6FDEF1_unknwn@h        00000000101d9269     NativeLib:ffunicode.obj
 0008:0000026a       __CCE0BACC_objidl@h        00000000101d926a     NativeLib:ffunicode.obj
 0008:0000026b       __8C7011E5_oaidl@h         00000000101d926b     NativeLib:ffunicode.obj
 0008:0000026c       __2E0B7863_propidlbase@h   00000000101d926c     NativeLib:ffunicode.obj
 0008:0000026d       __BF4CF2EC_coml2api@h      00000000101d926d     NativeLib:ffunicode.obj
 0008:0000026e       __6D897344_oleidl@h        00000000101d926e     NativeLib:ffunicode.obj
 0008:0000026f       __1129FC2C_servprov@h      00000000101d926f     NativeLib:ffunicode.obj
 0008:00000270       __757952E4_msxml@h         00000000101d9270     NativeLib:ffunicode.obj
 0008:00000271       __B1191D53_urlmon@h        00000000101d9271     NativeLib:ffunicode.obj
 0008:00000272       __404D1A47_propidl@h       00000000101d9272     NativeLib:ffunicode.obj
 0008:00000273       __A1C63593_objbase@h       00000000101d9273     NativeLib:ffunicode.obj
 0008:00000274       __C1B0A9CB_oleauto@h       00000000101d9274     NativeLib:ffunicode.obj
 0008:00000275       __24EAF61F_ole2@h          00000000101d9275     NativeLib:ffunicode.obj
 0008:00000276       __2B1843DA_commdlg@h       00000000101d9276     NativeLib:ffunicode.obj
 0008:00000277       __81DDEDE3_stralign@h      00000000101d9277     NativeLib:ffunicode.obj
 0008:00000278       __2134D1B4_winsvc@h        00000000101d9278     NativeLib:ffunicode.obj
 0008:00000279       __11C07376_mcx@h           00000000101d9279     NativeLib:ffunicode.obj
 0008:0000027a       __577CE3E7_ime_cmodes@h    00000000101d927a     NativeLib:ffunicode.obj
 0008:0000027b       __1E72C31E_imm@h           00000000101d927b     NativeLib:ffunicode.obj
 0008:0000027c       __E15BF856_windows@h       00000000101d927c     NativeLib:ffunicode.obj
 0008:0000027d       __44420885_corecrt_stdio_config@h 00000000101d927d     NativeLib:ffunicode.obj
 0008:0000027e       __EF1F6BBA_corecrt_wconio@h 00000000101d927e     NativeLib:ffunicode.obj
 0008:0000027f       __3D1D430C_corecrt_wdirect@h 00000000101d927f     NativeLib:ffunicode.obj
 0008:00000280       __8ECB7138_corecrt_share@h 00000000101d9280     NativeLib:ffunicode.obj
 0008:00000281       __DB7FEBA6_corecrt_wio@h   00000000101d9281     NativeLib:ffunicode.obj
 0008:00000282       __9A9F0068_corecrt_wprocess@h 00000000101d9282     NativeLib:ffunicode.obj
 0008:00000283       __AB601D8D_corecrt_wstdio@h 00000000101d9283     NativeLib:ffunicode.obj
 0008:00000284       __369A9BC3_corecrt_wtime@h 00000000101d9284     NativeLib:ffunicode.obj
 0008:00000285       __CE789B9D_types@h         00000000101d9285     NativeLib:ffunicode.obj
 0008:00000286       __9901C817_stat@h          00000000101d9286     NativeLib:ffunicode.obj
 0008:00000287       __3FCAD62E_wchar@h         00000000101d9287     NativeLib:ffunicode.obj
 0008:00000288       __0E22CCB3_tchar@h         00000000101d9288     NativeLib:ffunicode.obj
 0008:00000289       __4CCC6929_integer@h       00000000101d9289     NativeLib:ffunicode.obj
 0008:0000028a       __ED2A062E_ffconf@h        00000000101d928a     NativeLib:ffunicode.obj
 0008:0000028b       __A5A085C2_ff@h            00000000101d928b     NativeLib:ffunicode.obj
 0008:0000028c       __87CD6F4B_ffunicode@c     00000000101d928c     NativeLib:ffunicode.obj
 0008:0000028d       __0ED14FEE_winpackagefamily@h 00000000101d928d     NativeLib:diskio.obj
 0008:0000028e       __F92EF742_winapifamily@h  00000000101d928e     NativeLib:diskio.obj
 0008:0000028f       __22E515EB_sdkddkver@h     00000000101d928f     NativeLib:diskio.obj
 0008:00000290       __FE09AF47_concurrencysal@h 00000000101d9290     NativeLib:diskio.obj
 0008:00000291       __C073CA79_sal@h           00000000101d9291     NativeLib:diskio.obj
 0008:00000292       __D6AFE870_vadefs@h        00000000101d9292     NativeLib:diskio.obj
 0008:00000293       __D63E96CF_vcruntime@h     00000000101d9293     NativeLib:diskio.obj
 0008:00000294       __514B86D7_excpt@h         00000000101d9294     NativeLib:diskio.obj
 0008:00000295       __9A7D38D9_stdarg@h        00000000101d9295     NativeLib:diskio.obj
 0008:00000296       __29F49F40_specstrings_undef@h 00000000101d9296     NativeLib:diskio.obj
 0008:00000297       __D0F42932_specstrings_strict@h 00000000101d9297     NativeLib:diskio.obj
 0008:00000298       __F00405FD_sdv_driverspecs@h 00000000101d9298     NativeLib:diskio.obj
 0008:00000299       __173E09CA_driverspecs@h   00000000101d9299     NativeLib:diskio.obj
 0008:0000029a       __9A452361_specstrings@h   00000000101d929a     NativeLib:diskio.obj
 0008:0000029b       __1B0272D9_corecrt@h       00000000101d929b     NativeLib:diskio.obj
 0008:0000029c       __74484FB3_corecrt_wctype@h 00000000101d929c     NativeLib:diskio.obj
 0008:0000029d       __1EC467ED_ctype@h         00000000101d929d     NativeLib:diskio.obj
 0008:0000029e       __98517906_kernelspecs@h   00000000101d929e     NativeLib:diskio.obj
 0008:0000029f       __D3497022_basetsd@h       00000000101d929f     NativeLib:diskio.obj
 0008:000002a0       __61CC25A1_errno@h         00000000101d92a0     NativeLib:diskio.obj
 0008:000002a1       __3EADF068_vcruntime_string@h 00000000101d92a1     NativeLib:diskio.obj
 0008:000002a2       __E4C945B4_corecrt_memcpy_s@h 00000000101d92a2     NativeLib:diskio.obj
 0008:000002a3       __8EAFF484_corecrt_memory@h 00000000101d92a3     NativeLib:diskio.obj
 0008:000002a4       __6490AEC5_corecrt_wstring@h 00000000101d92a4     NativeLib:diskio.obj
 0008:000002a5       __E8295E1E_string@h        00000000101d92a5     NativeLib:diskio.obj
 0008:000002a6       __7FCB5136_guiddef@h       00000000101d92a6     NativeLib:diskio.obj
 0008:000002a7       __FF8A9E11_pshpack4@h      00000000101d92a7     NativeLib:diskio.obj
 0008:000002a8       __D5438902_poppack@h       00000000101d92a8     NativeLib:diskio.obj
 0008:000002a9       __FB07E2A3_pshpack2@h      00000000101d92a9     NativeLib:diskio.obj
 0008:000002aa       __F6906775_pshpack8@h      00000000101d92aa     NativeLib:diskio.obj
 0008:000002ab       __F9415CFA_pshpack1@h      00000000101d92ab     NativeLib:diskio.obj
 0008:000002ac       __E58C6F1C_apiset@h        00000000101d92ac     NativeLib:diskio.obj
 0008:000002ad       __A5C52262_ktmtypes@h      00000000101d92ad     NativeLib:diskio.obj
 0008:000002ae       __FBBA8F9D_winnt@h         00000000101d92ae     NativeLib:diskio.obj
 0008:000002af       __A32D3D2C_minwindef@h     00000000101d92af     NativeLib:diskio.obj
 0008:000002b0       __7D798299_windef@h        00000000101d92b0     NativeLib:diskio.obj
 0008:000002b1       __9AE108E9_apisetcconv@h   00000000101d92b1     NativeLib:diskio.obj
 0008:000002b2       __9CE53D2C_minwinbase@h    00000000101d92b2     NativeLib:diskio.obj
 0008:000002b3       __5D0AA210_apiquery2@h     00000000101d92b3     NativeLib:diskio.obj
 0008:000002b4       __4DD4E726_processenv@h    00000000101d92b4     NativeLib:diskio.obj
 0008:000002b5       __3575CC96_fileapi@h       00000000101d92b5     NativeLib:diskio.obj
 0008:000002b6       __8EA220E6_fileapifromapp@h 00000000101d92b6     NativeLib:diskio.obj
 0008:000002b7       __BF9B31FE_debugapi@h      00000000101d92b7     NativeLib:diskio.obj
 0008:000002b8       __C3AFE134_utilapiset@h    00000000101d92b8     NativeLib:diskio.obj
 0008:000002b9       __76F69E51_handleapi@h     00000000101d92b9     NativeLib:diskio.obj
 0008:000002ba       __7E63D784_errhandlingapi@h 00000000101d92ba     NativeLib:diskio.obj
 0008:000002bb       __FFA7003C_fibersapi@h     00000000101d92bb     NativeLib:diskio.obj
 0008:000002bc       __8971CECF_namedpipeapi@h  00000000101d92bc     NativeLib:diskio.obj
 0008:000002bd       __46C9D8A6_profileapi@h    00000000101d92bd     NativeLib:diskio.obj
 0008:000002be       __98D4F0A3_heapapi@h       00000000101d92be     NativeLib:diskio.obj
 0008:000002bf       __50EF2A88_ioapiset@h      00000000101d92bf     NativeLib:diskio.obj
 0008:000002c0       __92EA1464_synchapi@h      00000000101d92c0     NativeLib:diskio.obj
 0008:000002c1       __A53D8AED_interlockedapi@h 00000000101d92c1     NativeLib:diskio.obj
 0008:000002c2       __B506CAAF_processthreadsapi@h 00000000101d92c2     NativeLib:diskio.obj
 0008:000002c3       __FF735694_sysinfoapi@h    00000000101d92c3     NativeLib:diskio.obj
 0008:000002c4       __29589789_memoryapi@h     00000000101d92c4     NativeLib:diskio.obj
 0008:000002c5       __E9C7A663_enclaveapi@h    00000000101d92c5     NativeLib:diskio.obj
 0008:000002c6       __D035F9F7_threadpoollegacyapiset@h 00000000101d92c6     NativeLib:diskio.obj
 0008:000002c7       __C899130C_threadpoolapiset@h 00000000101d92c7     NativeLib:diskio.obj
 0008:000002c8       __E0441EE7_jobapi@h        00000000101d92c8     NativeLib:diskio.obj
 0008:000002c9       __CEF86838_jobapi2@h       00000000101d92c9     NativeLib:diskio.obj
 0008:000002ca       __35AC6B9A_wow64apiset@h   00000000101d92ca     NativeLib:diskio.obj
 0008:000002cb       __C8AE41A5_libloaderapi@h  00000000101d92cb     NativeLib:diskio.obj
 0008:000002cc       __CC9E232D_securitybaseapi@h 00000000101d92cc     NativeLib:diskio.obj
 0008:000002cd       __C9D0C9B8_namespaceapi@h  00000000101d92cd     NativeLib:diskio.obj
 0008:000002ce       __30FF9CAD_systemtopologyapi@h 00000000101d92ce     NativeLib:diskio.obj
 0008:000002cf       __4D358795_processtopologyapi@h 00000000101d92cf     NativeLib:diskio.obj
 0008:000002d0       __40446D10_securityappcontainer@h 00000000101d92d0     NativeLib:diskio.obj
 0008:000002d1       __3A952EDF_realtimeapiset@h 00000000101d92d1     NativeLib:diskio.obj
 0008:000002d2       __F4865F4B_winerror@h      00000000101d92d2     NativeLib:diskio.obj
 0008:000002d3       __53C1BD93_timezoneapi@h   00000000101d92d3     NativeLib:diskio.obj
 0008:000002d4       __1FFBEDBF_winbase@h       00000000101d92d4     NativeLib:diskio.obj
 0008:000002d5       __43D3FA34_wingdi@h        00000000101d92d5     NativeLib:diskio.obj
 0008:000002d6       __D24A7391_tvout@h         00000000101d92d6     NativeLib:diskio.obj
 0008:000002d7       __7713A6C8_winuser@h       00000000101d92d7     NativeLib:diskio.obj
 0008:000002d8       __0B345F71_datetimeapi@h   00000000101d92d8     NativeLib:diskio.obj
 0008:000002d9       __9AC6960C_winnls@h        00000000101d92d9     NativeLib:diskio.obj
 0008:000002da       __973A40A8_stringapiset@h  00000000101d92da     NativeLib:diskio.obj
 0008:000002db       __CC46FEE2_wincontypes@h   00000000101d92db     NativeLib:diskio.obj
 0008:000002dc       __97D70BE1_consoleapi@h    00000000101d92dc     NativeLib:diskio.obj
 0008:000002dd       __27EC5E18_consoleapi2@h   00000000101d92dd     NativeLib:diskio.obj
 0008:000002de       __262E342F_consoleapi3@h   00000000101d92de     NativeLib:diskio.obj
 0008:000002df       __641DCD70_wincon@h        00000000101d92df     NativeLib:diskio.obj
 0008:000002e0       __5A96C7A7_verrsrc@h       00000000101d92e0     NativeLib:diskio.obj
 0008:000002e1       __B69C6FF2_winver@h        00000000101d92e1     NativeLib:diskio.obj
 0008:000002e2       __7AEB8C37_reason@h        00000000101d92e2     NativeLib:diskio.obj
 0008:000002e3       __59F1A8A9_winreg@h        00000000101d92e3     NativeLib:diskio.obj
 0008:000002e4       __EE0E2B7F_wnnc@h          00000000101d92e4     NativeLib:diskio.obj
 0008:000002e5       __DCDB7054_winnetwk@h      00000000101d92e5     NativeLib:diskio.obj
 0008:000002e6       __EDC72EEB_cderr@h         00000000101d92e6     NativeLib:diskio.obj
 0008:000002e7       __95F9199D_dde@h           00000000101d92e7     NativeLib:diskio.obj
 0008:000002e8       __66427627_ddeml@h         00000000101d92e8     NativeLib:diskio.obj
 0008:000002e9       __957C29A0_dlgs@h          00000000101d92e9     NativeLib:diskio.obj
 0008:000002ea       __12EA15AF_lzexpand@h      00000000101d92ea     NativeLib:diskio.obj
 0008:000002eb       __62131F15_mmsyscom@h      00000000101d92eb     NativeLib:diskio.obj
 0008:000002ec       __47E68D49_mciapi@h        00000000101d92ec     NativeLib:diskio.obj
 0008:000002ed       __5D7DD356_mmiscapi@h      00000000101d92ed     NativeLib:diskio.obj
 0008:000002ee       __7223D2EF_mmiscapi2@h     00000000101d92ee     NativeLib:diskio.obj
 0008:000002ef       __A330DBB3_playsoundapi@h  00000000101d92ef     NativeLib:diskio.obj
 0008:000002f0       __601B366F_mmeapi@h        00000000101d92f0     NativeLib:diskio.obj
 0008:000002f1       __1134ADD5_timeapi@h       00000000101d92f1     NativeLib:diskio.obj
 0008:000002f2       __93F2265A_joystickapi@h   00000000101d92f2     NativeLib:diskio.obj
 0008:000002f3       __DF6EB4E3_mmsystem@h      00000000101d92f3     NativeLib:diskio.obj
 0008:000002f4       __BD641FCB_nb30@h          00000000101d92f4     NativeLib:diskio.obj
 0008:000002f5       __DF8704F0_rpcdcep@h       00000000101d92f5     NativeLib:diskio.obj
 0008:000002f6       __5C6CA7BB_rpcdce@h        00000000101d92f6     NativeLib:diskio.obj
 0008:000002f7       __853533C4_rpcnsi@h        00000000101d92f7     NativeLib:diskio.obj
 0008:000002f8       __2D2406C3_rpcnterr@h      00000000101d92f8     NativeLib:diskio.obj
 0008:000002f9       __64521D71_rpcasync@h      00000000101d92f9     NativeLib:diskio.obj
 0008:000002fa       __AADCBA08_rpc@h           00000000101d92fa     NativeLib:diskio.obj
 0008:000002fb       __19E26CFF_shellapi@h      00000000101d92fb     NativeLib:diskio.obj
 0008:000002fc       __1E9F31D3_winperf@h       00000000101d92fc     NativeLib:diskio.obj
 0008:000002fd       __832A4112_inaddr@h        00000000101d92fd     NativeLib:diskio.obj
 0008:000002fe       __32C6F875_winsock@h       00000000101d92fe     NativeLib:diskio.obj
 0008:000002ff       __7953A3F8_bcrypt@h        00000000101d92ff     NativeLib:diskio.obj
 0008:00000300       __E4169492_ncrypt@h        00000000101d9300     NativeLib:diskio.obj
 0008:00000301       __AF3DDDC3_dpapi@h         00000000101d9301     NativeLib:diskio.obj
 0008:00000302       __D1E23BF2_wincrypt@h      00000000101d9302     NativeLib:diskio.obj
 0008:00000303       __82AB4779_winefs@h        00000000101d9303     NativeLib:diskio.obj
 0008:00000304       __1FE431C9_rpcnsip@h       00000000101d9304     NativeLib:diskio.obj
 0008:00000305       __2B741F2D_rpcsal@h        00000000101d9305     NativeLib:diskio.obj
 0008:00000306       __92623256_rpcndr@h        00000000101d9306     NativeLib:diskio.obj
 0008:00000307       __9C18532E_wtypesbase@h    00000000101d9307     NativeLib:diskio.obj
 0008:00000308       __EA2E1D6D_wtypes@h        00000000101d9308     NativeLib:diskio.obj
 0008:00000309       __7DDD9F45_winioctl@h      00000000101d9309     NativeLib:diskio.obj
 0008:0000030a       __E550A843_winsmcrd@h      00000000101d930a     NativeLib:diskio.obj
 0008:0000030b       __9809C1BA_winscard@h      00000000101d930b     NativeLib:diskio.obj
 0008:0000030c       __EA174FA4_prsht@h         00000000101d930c     NativeLib:diskio.obj
 0008:0000030d       __0E1BD114_winspool@h      00000000101d930d     NativeLib:diskio.obj
 0008:0000030e       __45DED006_corecrt_malloc@h 00000000101d930e     NativeLib:diskio.obj
 0008:0000030f       __13F5961F_stddef@h        00000000101d930f     NativeLib:diskio.obj
 0008:00000310       __FD6DBD68_corecrt_search@h 00000000101d9310     NativeLib:diskio.obj
 0008:00000311       __E2E33A61_corecrt_wstdlib@h 00000000101d9311     NativeLib:diskio.obj
 0008:00000312       __10D4A829_limits@h        00000000101d9312     NativeLib:diskio.obj
 0008:00000313       __6E5ACABA_stdlib@h        00000000101d9313     NativeLib:diskio.obj
 0008:00000314       __30B1AFDA_unknwnbase@h    00000000101d9314     NativeLib:diskio.obj
 0008:00000315       __328C1996_objidlbase@h    00000000101d9315     NativeLib:diskio.obj
 0008:00000316       __C4E06B6A_cguid@h         00000000101d9316     NativeLib:diskio.obj
 0008:00000317       __434718C5_combaseapi@h    00000000101d9317     NativeLib:diskio.obj
 0008:00000318       __DE6FDEF1_unknwn@h        00000000101d9318     NativeLib:diskio.obj
 0008:00000319       __CCE0BACC_objidl@h        00000000101d9319     NativeLib:diskio.obj
 0008:0000031a       __8C7011E5_oaidl@h         00000000101d931a     NativeLib:diskio.obj
 0008:0000031b       __2E0B7863_propidlbase@h   00000000101d931b     NativeLib:diskio.obj
 0008:0000031c       __BF4CF2EC_coml2api@h      00000000101d931c     NativeLib:diskio.obj
 0008:0000031d       __6D897344_oleidl@h        00000000101d931d     NativeLib:diskio.obj
 0008:0000031e       __1129FC2C_servprov@h      00000000101d931e     NativeLib:diskio.obj
 0008:0000031f       __757952E4_msxml@h         00000000101d931f     NativeLib:diskio.obj
 0008:00000320       __B1191D53_urlmon@h        00000000101d9320     NativeLib:diskio.obj
 0008:00000321       __404D1A47_propidl@h       00000000101d9321     NativeLib:diskio.obj
 0008:00000322       __A1C63593_objbase@h       00000000101d9322     NativeLib:diskio.obj
 0008:00000323       __C1B0A9CB_oleauto@h       00000000101d9323     NativeLib:diskio.obj
 0008:00000324       __24EAF61F_ole2@h          00000000101d9324     NativeLib:diskio.obj
 0008:00000325       __2B1843DA_commdlg@h       00000000101d9325     NativeLib:diskio.obj
 0008:00000326       __81DDEDE3_stralign@h      00000000101d9326     NativeLib:diskio.obj
 0008:00000327       __2134D1B4_winsvc@h        00000000101d9327     NativeLib:diskio.obj
 0008:00000328       __11C07376_mcx@h           00000000101d9328     NativeLib:diskio.obj
 0008:00000329       __577CE3E7_ime_cmodes@h    00000000101d9329     NativeLib:diskio.obj
 0008:0000032a       __1E72C31E_imm@h           00000000101d932a     NativeLib:diskio.obj
 0008:0000032b       __E15BF856_windows@h       00000000101d932b     NativeLib:diskio.obj
 0008:0000032c       __44420885_corecrt_stdio_config@h 00000000101d932c     NativeLib:diskio.obj
 0008:0000032d       __EF1F6BBA_corecrt_wconio@h 00000000101d932d     NativeLib:diskio.obj
 0008:0000032e       __3D1D430C_corecrt_wdirect@h 00000000101d932e     NativeLib:diskio.obj
 0008:0000032f       __8ECB7138_corecrt_share@h 00000000101d932f     NativeLib:diskio.obj
 0008:00000330       __DB7FEBA6_corecrt_wio@h   00000000101d9330     NativeLib:diskio.obj
 0008:00000331       __9A9F0068_corecrt_wprocess@h 00000000101d9331     NativeLib:diskio.obj
 0008:00000332       __AB601D8D_corecrt_wstdio@h 00000000101d9332     NativeLib:diskio.obj
 0008:00000333       __369A9BC3_corecrt_wtime@h 00000000101d9333     NativeLib:diskio.obj
 0008:00000334       __CE789B9D_types@h         00000000101d9334     NativeLib:diskio.obj
 0008:00000335       __9901C817_stat@h          00000000101d9335     NativeLib:diskio.obj
 0008:00000336       __3FCAD62E_wchar@h         00000000101d9336     NativeLib:diskio.obj
 0008:00000337       __0E22CCB3_tchar@h         00000000101d9337     NativeLib:diskio.obj
 0008:00000338       __4CCC6929_integer@h       00000000101d9338     NativeLib:diskio.obj
 0008:00000339       __3D17D6D7_diskio@h        00000000101d9339     NativeLib:diskio.obj
 0008:0000033a       __AAC50F5F_diskio@c        00000000101d933a     NativeLib:diskio.obj
 0009:000000a0       $R000000                   00000000101da0a0     guideXOS.res
 0009:000002f0       $R000250                   00000000101da2f0     guideXOS.res
