 guideXOS

 Timestamp is 66a70a8c (Sun Jul 28 20:20:44 2024)

 Preferred load address is 0000000010000000

 Start         Length     Name                   Class
 0001:00000000 00000230H .text                   CODE
 0001:00000230 00020751H .text$mn                CODE
 0002:00000000 00000021H .unbox$M                CODE
 0003:00000000 0001b8dbH .managedcode$I          CODE
 0004:00000000 00007c70H .rdata                  DATA
 0004:00007c70 00000034H .rdata$voltmd           DATA
 0004:00007ca4 00000194H .rdata$zzzdbg           DATA
 0004:00007e38 000048e4H .xdata                  DATA
 0004:0000c71c 00000000H .edata                  DATA
 0005:00000000 0001ca20H .data                   DATA
 0005:0001ca20 00100590H .bss                    DATA
 0006:00000000 0000207cH .pdata                  DATA
 0007:00000000 00000008H .modules$I              DATA
 0008:00000000 0000006eH .msvcjmc                DATA
 0009:00000000 000000a0H .rsrc$01                DATA
 0009:000000a0 00000440H .rsrc$02                DATA

  Address         Publics by Value              Rva+Base               Lib:Object

 0000:00000000       __AbsoluteZero             0000000000000000     <absolute>
 0000:00000000       ___safe_se_handler_count   0000000000000000     <absolute>
 0000:00000000       ___safe_se_handler_table   0000000000000000     <absolute>
 0000:00000000       __arm64x_extra_rfe_table   0000000000000000     <absolute>
 0000:00000000       __arm64x_extra_rfe_table_size 0000000000000000     <absolute>
 0000:00000000       __arm64x_native_entrypoint 0000000000000000     <absolute>
 0000:00000000       __arm64x_redirection_metadata 0000000000000000     <absolute>
 0000:00000000       __arm64x_redirection_metadata_count 0000000000000000     <absolute>
 0000:00000000       __dynamic_value_reloc_table 0000000000000000     <absolute>
 0000:00000000       __enclave_config           0000000000000000     <absolute>
 0000:00000000       __guard_check_icall_a64n_fptr 0000000000000000     <absolute>
 0000:00000000       __guard_eh_cont_count      0000000000000000     <absolute>
 0000:00000000       __guard_eh_cont_table      0000000000000000     <absolute>
 0000:00000000       __guard_fids_count         0000000000000000     <absolute>
 0000:00000000       __guard_fids_table         0000000000000000     <absolute>
 0000:00000000       __guard_iat_count          0000000000000000     <absolute>
 0000:00000000       __guard_iat_table          0000000000000000     <absolute>
 0000:00000000       __guard_longjmp_count      0000000000000000     <absolute>
 0000:00000000       __guard_longjmp_table      0000000000000000     <absolute>
 0000:00000000       __hybrid_auxiliary_delayload_iat 0000000000000000     <absolute>
 0000:00000000       __hybrid_auxiliary_delayload_iat_copy 0000000000000000     <absolute>
 0000:00000000       __hybrid_auxiliary_iat     0000000000000000     <absolute>
 0000:00000000       __hybrid_auxiliary_iat_copy 0000000000000000     <absolute>
 0000:00000000       __hybrid_code_map          0000000000000000     <absolute>
 0000:00000000       __hybrid_code_map_count    0000000000000000     <absolute>
 0000:00000000       __hybrid_image_info_bitfield 0000000000000000     <absolute>
 0000:00000000       __x64_code_ranges_to_entry_points 0000000000000000     <absolute>
 0000:00000000       __x64_code_ranges_to_entry_points_count 0000000000000000     <absolute>
 0000:00000100       __guard_flags              0000000000000100     <absolute>
 0000:00000000       __ImageBase                0000000010000000     <linker-defined>
 0001:00000000       __GetNonGCStaticBase_guideXOS_Program 0000000010001000     guideXOS.obj
 0001:00000008       __GetNonGCStaticBase_guideXOS_Allocator 0000000010001008     guideXOS.obj
 0001:00000010       __GetNonGCStaticBase_guideXOS_GDT 0000000010001010     guideXOS.obj
 0001:00000018       __GetNonGCStaticBase_guideXOS_IDT 0000000010001018     guideXOS.obj
 0001:00000020       __GetNonGCStaticBase_guideXOS_System_Windows_Forms_Control 0000000010001020     guideXOS.obj
 0001:00000028       __GetNonGCStaticBase_guideXOS_guideXOS_Kbd2Mouse 0000000010001028     guideXOS.obj
 0001:00000030       __GetNonGCStaticBase_guideXOS_guideXOS_Console 0000000010001030     guideXOS.obj
 0001:00000038       __GetNonGCStaticBase_guideXOS_guideXOS_FPSMeter 0000000010001038     guideXOS.obj
 0001:00000040       __GetNonGCStaticBase_guideXOS_guideXOS_PageTable 0000000010001040     guideXOS.obj
 0001:00000048       __GetNonGCStaticBase_guideXOS_guideXOS_SMP 0000000010001048     guideXOS.obj
 0001:00000050       __GetNonGCStaticBase_guideXOS_guideXOS_Misc_Audio 0000000010001050     guideXOS.obj
 0001:00000058       __GetNonGCStaticBase_guideXOS_guideXOS_Misc_ThreadPool 0000000010001058     guideXOS.obj
 0001:00000060       __GetNonGCStaticBase_guideXOS_guideXOS_Misc_USB 0000000010001060     guideXOS.obj
 0001:00000068       __GetNonGCStaticBase_guideXOS_guideXOS_Kernel_Drivers_AC97 0000000010001068     guideXOS.obj
 0001:00000070       __GetNonGCStaticBase_guideXOS_guideXOS_Kernel_Drivers_ACPI 0000000010001070     guideXOS.obj
 0001:00000078       __GetNonGCStaticBase_guideXOS_guideXOS_Kernel_Drivers_EHCI 0000000010001078     guideXOS.obj
 0001:00000080       __GetNonGCStaticBase_guideXOS_guideXOS_Kernel_Drivers_ES1371 0000000010001080     guideXOS.obj
 0001:00000088       __GetNonGCStaticBase_guideXOS_guideXOS_Kernel_Drivers_Framebuffer 0000000010001088     guideXOS.obj
 0001:00000090       __GetNonGCStaticBase_guideXOS_guideXOS_Kernel_Drivers_HID 0000000010001090     guideXOS.obj
 0001:00000098       __GetNonGCStaticBase_guideXOS_guideXOS_Kernel_Drivers_HPET 0000000010001098     guideXOS.obj
 0001:000000a0       __GetNonGCStaticBase_guideXOS_guideXOS_Kernel_Drivers_Hub 00000000100010a0     guideXOS.obj
 0001:000000a8       __GetNonGCStaticBase_guideXOS_guideXOS_Kernel_Drivers_Keyboard 00000000100010a8     guideXOS.obj
 0001:000000b0       __GetNonGCStaticBase_guideXOS_guideXOS_Kernel_Drivers_PS2Mouse 00000000100010b0     guideXOS.obj
 0001:000000b8       __GetNonGCStaticBase_guideXOS_guideXOS_Kernel_Drivers_RTC 00000000100010b8     guideXOS.obj
 0001:000000c0       __GetNonGCStaticBase_guideXOS_guideXOS_Kernel_Drivers_SATA 00000000100010c0     guideXOS.obj
 0001:000000c8       __GetNonGCStaticBase_guideXOS_guideXOS_Kernel_Drivers_Timer 00000000100010c8     guideXOS.obj
 0001:000000d0       __GetNonGCStaticBase_guideXOS_guideXOS_Kernel_Drivers_VMwareTools 00000000100010d0     guideXOS.obj
 0001:000000d8       __GetNonGCStaticBase_guideXOS_guideXOS_GUI_Desktop 00000000100010d8     guideXOS.obj
 0001:000000e0       __GetNonGCStaticBase_guideXOS_guideXOS_GUI_StartMenu 00000000100010e0     guideXOS.obj
 0001:000000e8       __GetNonGCStaticBase_guideXOS_guideXOS_GUI_WAVPlayer 00000000100010e8     guideXOS.obj
 0001:000000f0       __GetNonGCStaticBase_guideXOS_guideXOS_GUI_WindowManager 00000000100010f0     guideXOS.obj
 0001:000000f8       __GetGCStaticBase_guideXOS_Program 00000000100010f8     guideXOS.obj
 0001:00000103       __GetGCStaticBase_guideXOS_IDT 0000000010001103     guideXOS.obj
 0001:0000010e       __GetGCStaticBase_guideXOS_System_DateTime 000000001000110e     guideXOS.obj
 0001:00000119       __GetGCStaticBase_guideXOS_guideXOS_Animator 0000000010001119     guideXOS.obj
 0001:00000124       __GetGCStaticBase_guideXOS_guideXOS_ASC16 0000000010001124     guideXOS.obj
 0001:0000012f       __GetGCStaticBase_guideXOS_guideXOS_Console 000000001000112f     guideXOS.obj
 0001:0000013a       __GetGCStaticBase_guideXOS_guideXOS_Misc_BitFont 000000001000113a     guideXOS.obj
 0001:00000145       __GetGCStaticBase_guideXOS_guideXOS_Misc_Interrupts 0000000010001145     guideXOS.obj
 0001:00000150       __GetGCStaticBase_guideXOS_guideXOS_Misc_ThreadPool 0000000010001150     guideXOS.obj
 0001:0000015b       __GetGCStaticBase_guideXOS_guideXOS_FS_Disk 000000001000115b     guideXOS.obj
 0001:00000166       __GetGCStaticBase_guideXOS_guideXOS_FS_File 0000000010001166     guideXOS.obj
 0001:00000171       __GetGCStaticBase_guideXOS_guideXOS_Kernel_Drivers_ACPI 0000000010001171     guideXOS.obj
 0001:0000017c       __GetGCStaticBase_guideXOS_guideXOS_Kernel_Drivers_Framebuffer 000000001000117c     guideXOS.obj
 0001:00000187       __GetGCStaticBase_guideXOS_guideXOS_Kernel_Drivers_HID 0000000010001187     guideXOS.obj
 0001:00000192       __GetGCStaticBase_guideXOS_guideXOS_Kernel_Drivers_IDE 0000000010001192     guideXOS.obj
 0001:0000019d       __GetGCStaticBase_guideXOS_guideXOS_Kernel_Drivers_Keyboard 000000001000119d     guideXOS.obj
 0001:000001a8       __GetGCStaticBase_guideXOS_guideXOS_Kernel_Drivers_PCI 00000000100011a8     guideXOS.obj
 0001:000001b3       __GetGCStaticBase_guideXOS_guideXOS_Kernel_Drivers_PS2Keyboard 00000000100011b3     guideXOS.obj
 0001:000001be       __GetGCStaticBase_guideXOS_guideXOS_Kernel_Drivers_PS2Mouse 00000000100011be     guideXOS.obj
 0001:000001c9       __GetGCStaticBase_guideXOS_guideXOS_Kernel_Drivers_SATA 00000000100011c9     guideXOS.obj
 0001:000001d4       __GetGCStaticBase_guideXOS_guideXOS_GUI_Desktop 00000000100011d4     guideXOS.obj
 0001:000001df       __GetGCStaticBase_guideXOS_guideXOS_GUI_Lockscreen 00000000100011df     guideXOS.obj
 0001:000001ea       __GetGCStaticBase_guideXOS_guideXOS_GUI_NotificationManager 00000000100011ea     guideXOS.obj
 0001:000001f5       __GetGCStaticBase_guideXOS_guideXOS_GUI_WAVPlayer 00000000100011f5     guideXOS.obj
 0001:00000200       __GetGCStaticBase_guideXOS_guideXOS_GUI_WindowManager 0000000010001200     guideXOS.obj
 0001:0000020b       __GetGCStaticBase_guideXOS_guideXOS_DefaultApps_Clock 000000001000120b     guideXOS.obj
 0001:00000216       __DelegateCtor_guideXOS_System_Delegate__InitializeClosedInstance__guideXOS_guideXOS_GUI_FConsole__Keyboard_OnKeyChanged 0000000010001216     guideXOS.obj
 0001:00000222       __DelegateCtor_guideXOS_System_Delegate__InitializeClosedInstance__guideXOS_guideXOS_GUI_FConsole__Console_OnWrite 0000000010001222     guideXOS.obj
 0001:00000230       Movsb                      0000000010001230 f   NativeLib:mem.obj
 0001:00000270       Movsd                      0000000010001270 f   NativeLib:mem.obj
 0001:000002b0       Stosb                      00000000100012b0 f   NativeLib:mem.obj
 0001:00000300       Stosd                      0000000010001300 f   NativeLib:mem.obj
 0001:00000350       __JustMyCode_Default       0000000010001350 f i NativeLib:mem.obj
 0001:00000360       avx_memcpy                 0000000010001360 f   NativeLib:mem.obj
 0001:00000460       Load_GDT                   0000000010001460 f   NativeLib:interrupts.obj
 0001:00000490       idt_set                    0000000010001490 f   NativeLib:interrupts.obj
 0001:00000570       set_idt_entries            0000000010001570 f   NativeLib:interrupts.obj
 0001:00002490       CPUID                      0000000010003490 f   NativeLib:native.obj
 0001:000024e0       Cli                        00000000100034e0 f   NativeLib:native.obj
 0001:00002510       Fxrstor64                  0000000010003510 f   NativeLib:native.obj
 0001:00002540       Fxsave64                   0000000010003540 f   NativeLib:native.obj
 0001:00002570       Hlt                        0000000010003570 f   NativeLib:native.obj
 0001:000025a0       Invlpg                     00000000100035a0 f   NativeLib:native.obj
 0001:000025d0       Nop                        00000000100035d0 f   NativeLib:native.obj
 0001:000025f0       Rdmsr                      00000000100035f0 f   NativeLib:native.obj
 0001:00002620       Rdtsc                      0000000010003620 f   NativeLib:native.obj
 0001:00002650       ReadCR2                    0000000010003650 f   NativeLib:native.obj
 0001:00002670       Sti                        0000000010003670 f   NativeLib:native.obj
 0001:000026a0       WriteCR3                   00000000100036a0 f   NativeLib:native.obj
 0001:000026d0       Wrmsr                      00000000100036d0 f   NativeLib:native.obj
 0001:00002710       intr0                      0000000010003710 f   NativeLib:interrupts_asm.obj
 0001:00002752       intr1                      0000000010003752 f   NativeLib:interrupts_asm.obj
 0001:00002794       intr2                      0000000010003794 f   NativeLib:interrupts_asm.obj
 0001:000027d6       intr3                      00000000100037d6 f   NativeLib:interrupts_asm.obj
 0001:00002818       intr4                      0000000010003818 f   NativeLib:interrupts_asm.obj
 0001:0000285a       intr5                      000000001000385a f   NativeLib:interrupts_asm.obj
 0001:0000289c       intr6                      000000001000389c f   NativeLib:interrupts_asm.obj
 0001:000028de       intr7                      00000000100038de f   NativeLib:interrupts_asm.obj
 0001:00002920       intr8                      0000000010003920 f   NativeLib:interrupts_asm.obj
 0001:00002962       intr9                      0000000010003962 f   NativeLib:interrupts_asm.obj
 0001:000029a4       intr10                     00000000100039a4 f   NativeLib:interrupts_asm.obj
 0001:000029e6       intr11                     00000000100039e6 f   NativeLib:interrupts_asm.obj
 0001:00002a28       intr12                     0000000010003a28 f   NativeLib:interrupts_asm.obj
 0001:00002a6a       intr13                     0000000010003a6a f   NativeLib:interrupts_asm.obj
 0001:00002aac       intr14                     0000000010003aac f   NativeLib:interrupts_asm.obj
 0001:00002aee       intr15                     0000000010003aee f   NativeLib:interrupts_asm.obj
 0001:00002b30       intr16                     0000000010003b30 f   NativeLib:interrupts_asm.obj
 0001:00002b72       intr17                     0000000010003b72 f   NativeLib:interrupts_asm.obj
 0001:00002bb4       intr18                     0000000010003bb4 f   NativeLib:interrupts_asm.obj
 0001:00002bf6       intr19                     0000000010003bf6 f   NativeLib:interrupts_asm.obj
 0001:00002c38       intr20                     0000000010003c38 f   NativeLib:interrupts_asm.obj
 0001:00002c7a       intr21                     0000000010003c7a f   NativeLib:interrupts_asm.obj
 0001:00002cbc       intr22                     0000000010003cbc f   NativeLib:interrupts_asm.obj
 0001:00002cfe       intr23                     0000000010003cfe f   NativeLib:interrupts_asm.obj
 0001:00002d40       intr24                     0000000010003d40 f   NativeLib:interrupts_asm.obj
 0001:00002d82       intr25                     0000000010003d82 f   NativeLib:interrupts_asm.obj
 0001:00002dc4       intr26                     0000000010003dc4 f   NativeLib:interrupts_asm.obj
 0001:00002e06       intr27                     0000000010003e06 f   NativeLib:interrupts_asm.obj
 0001:00002e48       intr28                     0000000010003e48 f   NativeLib:interrupts_asm.obj
 0001:00002e8a       intr29                     0000000010003e8a f   NativeLib:interrupts_asm.obj
 0001:00002ecc       intr30                     0000000010003ecc f   NativeLib:interrupts_asm.obj
 0001:00002f0e       intr31                     0000000010003f0e f   NativeLib:interrupts_asm.obj
 0001:00002f50       intr32                     0000000010003f50 f   NativeLib:interrupts_asm.obj
 0001:00002f92       intr33                     0000000010003f92 f   NativeLib:interrupts_asm.obj
 0001:00002fd4       intr34                     0000000010003fd4 f   NativeLib:interrupts_asm.obj
 0001:00003016       intr35                     0000000010004016 f   NativeLib:interrupts_asm.obj
 0001:00003058       intr36                     0000000010004058 f   NativeLib:interrupts_asm.obj
 0001:0000309a       intr37                     000000001000409a f   NativeLib:interrupts_asm.obj
 0001:000030dc       intr38                     00000000100040dc f   NativeLib:interrupts_asm.obj
 0001:0000311e       intr39                     000000001000411e f   NativeLib:interrupts_asm.obj
 0001:00003160       intr40                     0000000010004160 f   NativeLib:interrupts_asm.obj
 0001:000031a2       intr41                     00000000100041a2 f   NativeLib:interrupts_asm.obj
 0001:000031e4       intr42                     00000000100041e4 f   NativeLib:interrupts_asm.obj
 0001:00003226       intr43                     0000000010004226 f   NativeLib:interrupts_asm.obj
 0001:00003268       intr44                     0000000010004268 f   NativeLib:interrupts_asm.obj
 0001:000032aa       intr45                     00000000100042aa f   NativeLib:interrupts_asm.obj
 0001:000032ec       intr46                     00000000100042ec f   NativeLib:interrupts_asm.obj
 0001:0000332e       intr47                     000000001000432e f   NativeLib:interrupts_asm.obj
 0001:00003370       intr48                     0000000010004370 f   NativeLib:interrupts_asm.obj
 0001:000033b2       intr49                     00000000100043b2 f   NativeLib:interrupts_asm.obj
 0001:000033f4       intr50                     00000000100043f4 f   NativeLib:interrupts_asm.obj
 0001:00003436       intr51                     0000000010004436 f   NativeLib:interrupts_asm.obj
 0001:00003478       intr52                     0000000010004478 f   NativeLib:interrupts_asm.obj
 0001:000034ba       intr53                     00000000100044ba f   NativeLib:interrupts_asm.obj
 0001:000034fc       intr54                     00000000100044fc f   NativeLib:interrupts_asm.obj
 0001:0000353e       intr55                     000000001000453e f   NativeLib:interrupts_asm.obj
 0001:00003580       intr56                     0000000010004580 f   NativeLib:interrupts_asm.obj
 0001:000035c2       intr57                     00000000100045c2 f   NativeLib:interrupts_asm.obj
 0001:00003604       intr58                     0000000010004604 f   NativeLib:interrupts_asm.obj
 0001:00003646       intr59                     0000000010004646 f   NativeLib:interrupts_asm.obj
 0001:00003688       intr60                     0000000010004688 f   NativeLib:interrupts_asm.obj
 0001:000036ca       intr61                     00000000100046ca f   NativeLib:interrupts_asm.obj
 0001:0000370c       intr62                     000000001000470c f   NativeLib:interrupts_asm.obj
 0001:0000374e       intr63                     000000001000474e f   NativeLib:interrupts_asm.obj
 0001:00003790       intr64                     0000000010004790 f   NativeLib:interrupts_asm.obj
 0001:000037d2       intr65                     00000000100047d2 f   NativeLib:interrupts_asm.obj
 0001:00003814       intr66                     0000000010004814 f   NativeLib:interrupts_asm.obj
 0001:00003856       intr67                     0000000010004856 f   NativeLib:interrupts_asm.obj
 0001:00003898       intr68                     0000000010004898 f   NativeLib:interrupts_asm.obj
 0001:000038da       intr69                     00000000100048da f   NativeLib:interrupts_asm.obj
 0001:0000391c       intr70                     000000001000491c f   NativeLib:interrupts_asm.obj
 0001:0000395e       intr71                     000000001000495e f   NativeLib:interrupts_asm.obj
 0001:000039a0       intr72                     00000000100049a0 f   NativeLib:interrupts_asm.obj
 0001:000039e2       intr73                     00000000100049e2 f   NativeLib:interrupts_asm.obj
 0001:00003a24       intr74                     0000000010004a24 f   NativeLib:interrupts_asm.obj
 0001:00003a66       intr75                     0000000010004a66 f   NativeLib:interrupts_asm.obj
 0001:00003aa8       intr76                     0000000010004aa8 f   NativeLib:interrupts_asm.obj
 0001:00003aea       intr77                     0000000010004aea f   NativeLib:interrupts_asm.obj
 0001:00003b2c       intr78                     0000000010004b2c f   NativeLib:interrupts_asm.obj
 0001:00003b6e       intr79                     0000000010004b6e f   NativeLib:interrupts_asm.obj
 0001:00003bb0       intr80                     0000000010004bb0 f   NativeLib:interrupts_asm.obj
 0001:00003bf2       intr81                     0000000010004bf2 f   NativeLib:interrupts_asm.obj
 0001:00003c34       intr82                     0000000010004c34 f   NativeLib:interrupts_asm.obj
 0001:00003c76       intr83                     0000000010004c76 f   NativeLib:interrupts_asm.obj
 0001:00003cb8       intr84                     0000000010004cb8 f   NativeLib:interrupts_asm.obj
 0001:00003cfa       intr85                     0000000010004cfa f   NativeLib:interrupts_asm.obj
 0001:00003d3c       intr86                     0000000010004d3c f   NativeLib:interrupts_asm.obj
 0001:00003d7e       intr87                     0000000010004d7e f   NativeLib:interrupts_asm.obj
 0001:00003dc0       intr88                     0000000010004dc0 f   NativeLib:interrupts_asm.obj
 0001:00003e02       intr89                     0000000010004e02 f   NativeLib:interrupts_asm.obj
 0001:00003e44       intr90                     0000000010004e44 f   NativeLib:interrupts_asm.obj
 0001:00003e86       intr91                     0000000010004e86 f   NativeLib:interrupts_asm.obj
 0001:00003ec8       intr92                     0000000010004ec8 f   NativeLib:interrupts_asm.obj
 0001:00003f0a       intr93                     0000000010004f0a f   NativeLib:interrupts_asm.obj
 0001:00003f4c       intr94                     0000000010004f4c f   NativeLib:interrupts_asm.obj
 0001:00003f8e       intr95                     0000000010004f8e f   NativeLib:interrupts_asm.obj
 0001:00003fd0       intr96                     0000000010004fd0 f   NativeLib:interrupts_asm.obj
 0001:00004012       intr97                     0000000010005012 f   NativeLib:interrupts_asm.obj
 0001:00004054       intr98                     0000000010005054 f   NativeLib:interrupts_asm.obj
 0001:00004096       intr99                     0000000010005096 f   NativeLib:interrupts_asm.obj
 0001:000040d8       intr100                    00000000100050d8 f   NativeLib:interrupts_asm.obj
 0001:0000411a       intr101                    000000001000511a f   NativeLib:interrupts_asm.obj
 0001:0000415c       intr102                    000000001000515c f   NativeLib:interrupts_asm.obj
 0001:0000419e       intr103                    000000001000519e f   NativeLib:interrupts_asm.obj
 0001:000041e0       intr104                    00000000100051e0 f   NativeLib:interrupts_asm.obj
 0001:00004222       intr105                    0000000010005222 f   NativeLib:interrupts_asm.obj
 0001:00004264       intr106                    0000000010005264 f   NativeLib:interrupts_asm.obj
 0001:000042a6       intr107                    00000000100052a6 f   NativeLib:interrupts_asm.obj
 0001:000042e8       intr108                    00000000100052e8 f   NativeLib:interrupts_asm.obj
 0001:0000432a       intr109                    000000001000532a f   NativeLib:interrupts_asm.obj
 0001:0000436c       intr110                    000000001000536c f   NativeLib:interrupts_asm.obj
 0001:000043ae       intr111                    00000000100053ae f   NativeLib:interrupts_asm.obj
 0001:000043f0       intr112                    00000000100053f0 f   NativeLib:interrupts_asm.obj
 0001:00004432       intr113                    0000000010005432 f   NativeLib:interrupts_asm.obj
 0001:00004474       intr114                    0000000010005474 f   NativeLib:interrupts_asm.obj
 0001:000044b6       intr115                    00000000100054b6 f   NativeLib:interrupts_asm.obj
 0001:000044f8       intr116                    00000000100054f8 f   NativeLib:interrupts_asm.obj
 0001:0000453a       intr117                    000000001000553a f   NativeLib:interrupts_asm.obj
 0001:0000457c       intr118                    000000001000557c f   NativeLib:interrupts_asm.obj
 0001:000045be       intr119                    00000000100055be f   NativeLib:interrupts_asm.obj
 0001:00004600       intr120                    0000000010005600 f   NativeLib:interrupts_asm.obj
 0001:00004642       intr121                    0000000010005642 f   NativeLib:interrupts_asm.obj
 0001:00004684       intr122                    0000000010005684 f   NativeLib:interrupts_asm.obj
 0001:000046c6       intr123                    00000000100056c6 f   NativeLib:interrupts_asm.obj
 0001:00004708       intr124                    0000000010005708 f   NativeLib:interrupts_asm.obj
 0001:0000474a       intr125                    000000001000574a f   NativeLib:interrupts_asm.obj
 0001:0000478c       intr126                    000000001000578c f   NativeLib:interrupts_asm.obj
 0001:000047ce       intr127                    00000000100057ce f   NativeLib:interrupts_asm.obj
 0001:00004810       intr128                    0000000010005810 f   NativeLib:interrupts_asm.obj
 0001:00004852       intr129                    0000000010005852 f   NativeLib:interrupts_asm.obj
 0001:00004894       intr130                    0000000010005894 f   NativeLib:interrupts_asm.obj
 0001:000048d6       intr131                    00000000100058d6 f   NativeLib:interrupts_asm.obj
 0001:00004918       intr132                    0000000010005918 f   NativeLib:interrupts_asm.obj
 0001:0000495a       intr133                    000000001000595a f   NativeLib:interrupts_asm.obj
 0001:0000499c       intr134                    000000001000599c f   NativeLib:interrupts_asm.obj
 0001:000049de       intr135                    00000000100059de f   NativeLib:interrupts_asm.obj
 0001:00004a20       intr136                    0000000010005a20 f   NativeLib:interrupts_asm.obj
 0001:00004a62       intr137                    0000000010005a62 f   NativeLib:interrupts_asm.obj
 0001:00004aa4       intr138                    0000000010005aa4 f   NativeLib:interrupts_asm.obj
 0001:00004ae6       intr139                    0000000010005ae6 f   NativeLib:interrupts_asm.obj
 0001:00004b28       intr140                    0000000010005b28 f   NativeLib:interrupts_asm.obj
 0001:00004b6a       intr141                    0000000010005b6a f   NativeLib:interrupts_asm.obj
 0001:00004bac       intr142                    0000000010005bac f   NativeLib:interrupts_asm.obj
 0001:00004bee       intr143                    0000000010005bee f   NativeLib:interrupts_asm.obj
 0001:00004c30       intr144                    0000000010005c30 f   NativeLib:interrupts_asm.obj
 0001:00004c72       intr145                    0000000010005c72 f   NativeLib:interrupts_asm.obj
 0001:00004cb4       intr146                    0000000010005cb4 f   NativeLib:interrupts_asm.obj
 0001:00004cf6       intr147                    0000000010005cf6 f   NativeLib:interrupts_asm.obj
 0001:00004d38       intr148                    0000000010005d38 f   NativeLib:interrupts_asm.obj
 0001:00004d7a       intr149                    0000000010005d7a f   NativeLib:interrupts_asm.obj
 0001:00004dbc       intr150                    0000000010005dbc f   NativeLib:interrupts_asm.obj
 0001:00004dfe       intr151                    0000000010005dfe f   NativeLib:interrupts_asm.obj
 0001:00004e40       intr152                    0000000010005e40 f   NativeLib:interrupts_asm.obj
 0001:00004e82       intr153                    0000000010005e82 f   NativeLib:interrupts_asm.obj
 0001:00004ec4       intr154                    0000000010005ec4 f   NativeLib:interrupts_asm.obj
 0001:00004f06       intr155                    0000000010005f06 f   NativeLib:interrupts_asm.obj
 0001:00004f48       intr156                    0000000010005f48 f   NativeLib:interrupts_asm.obj
 0001:00004f8a       intr157                    0000000010005f8a f   NativeLib:interrupts_asm.obj
 0001:00004fcc       intr158                    0000000010005fcc f   NativeLib:interrupts_asm.obj
 0001:0000500e       intr159                    000000001000600e f   NativeLib:interrupts_asm.obj
 0001:00005050       intr160                    0000000010006050 f   NativeLib:interrupts_asm.obj
 0001:00005092       intr161                    0000000010006092 f   NativeLib:interrupts_asm.obj
 0001:000050d4       intr162                    00000000100060d4 f   NativeLib:interrupts_asm.obj
 0001:00005116       intr163                    0000000010006116 f   NativeLib:interrupts_asm.obj
 0001:00005158       intr164                    0000000010006158 f   NativeLib:interrupts_asm.obj
 0001:0000519a       intr165                    000000001000619a f   NativeLib:interrupts_asm.obj
 0001:000051dc       intr166                    00000000100061dc f   NativeLib:interrupts_asm.obj
 0001:0000521e       intr167                    000000001000621e f   NativeLib:interrupts_asm.obj
 0001:00005260       intr168                    0000000010006260 f   NativeLib:interrupts_asm.obj
 0001:000052a2       intr169                    00000000100062a2 f   NativeLib:interrupts_asm.obj
 0001:000052e4       intr170                    00000000100062e4 f   NativeLib:interrupts_asm.obj
 0001:00005326       intr171                    0000000010006326 f   NativeLib:interrupts_asm.obj
 0001:00005368       intr172                    0000000010006368 f   NativeLib:interrupts_asm.obj
 0001:000053aa       intr173                    00000000100063aa f   NativeLib:interrupts_asm.obj
 0001:000053ec       intr174                    00000000100063ec f   NativeLib:interrupts_asm.obj
 0001:0000542e       intr175                    000000001000642e f   NativeLib:interrupts_asm.obj
 0001:00005470       intr176                    0000000010006470 f   NativeLib:interrupts_asm.obj
 0001:000054b2       intr177                    00000000100064b2 f   NativeLib:interrupts_asm.obj
 0001:000054f4       intr178                    00000000100064f4 f   NativeLib:interrupts_asm.obj
 0001:00005536       intr179                    0000000010006536 f   NativeLib:interrupts_asm.obj
 0001:00005578       intr180                    0000000010006578 f   NativeLib:interrupts_asm.obj
 0001:000055ba       intr181                    00000000100065ba f   NativeLib:interrupts_asm.obj
 0001:000055fc       intr182                    00000000100065fc f   NativeLib:interrupts_asm.obj
 0001:0000563e       intr183                    000000001000663e f   NativeLib:interrupts_asm.obj
 0001:00005680       intr184                    0000000010006680 f   NativeLib:interrupts_asm.obj
 0001:000056c2       intr185                    00000000100066c2 f   NativeLib:interrupts_asm.obj
 0001:00005704       intr186                    0000000010006704 f   NativeLib:interrupts_asm.obj
 0001:00005746       intr187                    0000000010006746 f   NativeLib:interrupts_asm.obj
 0001:00005788       intr188                    0000000010006788 f   NativeLib:interrupts_asm.obj
 0001:000057ca       intr189                    00000000100067ca f   NativeLib:interrupts_asm.obj
 0001:0000580c       intr190                    000000001000680c f   NativeLib:interrupts_asm.obj
 0001:0000584e       intr191                    000000001000684e f   NativeLib:interrupts_asm.obj
 0001:00005890       intr192                    0000000010006890 f   NativeLib:interrupts_asm.obj
 0001:000058d2       intr193                    00000000100068d2 f   NativeLib:interrupts_asm.obj
 0001:00005914       intr194                    0000000010006914 f   NativeLib:interrupts_asm.obj
 0001:00005956       intr195                    0000000010006956 f   NativeLib:interrupts_asm.obj
 0001:00005998       intr196                    0000000010006998 f   NativeLib:interrupts_asm.obj
 0001:000059da       intr197                    00000000100069da f   NativeLib:interrupts_asm.obj
 0001:00005a1c       intr198                    0000000010006a1c f   NativeLib:interrupts_asm.obj
 0001:00005a5e       intr199                    0000000010006a5e f   NativeLib:interrupts_asm.obj
 0001:00005aa0       intr200                    0000000010006aa0 f   NativeLib:interrupts_asm.obj
 0001:00005ae2       intr201                    0000000010006ae2 f   NativeLib:interrupts_asm.obj
 0001:00005b24       intr202                    0000000010006b24 f   NativeLib:interrupts_asm.obj
 0001:00005b66       intr203                    0000000010006b66 f   NativeLib:interrupts_asm.obj
 0001:00005ba8       intr204                    0000000010006ba8 f   NativeLib:interrupts_asm.obj
 0001:00005bea       intr205                    0000000010006bea f   NativeLib:interrupts_asm.obj
 0001:00005c2c       intr206                    0000000010006c2c f   NativeLib:interrupts_asm.obj
 0001:00005c6e       intr207                    0000000010006c6e f   NativeLib:interrupts_asm.obj
 0001:00005cb0       intr208                    0000000010006cb0 f   NativeLib:interrupts_asm.obj
 0001:00005cf2       intr209                    0000000010006cf2 f   NativeLib:interrupts_asm.obj
 0001:00005d34       intr210                    0000000010006d34 f   NativeLib:interrupts_asm.obj
 0001:00005d76       intr211                    0000000010006d76 f   NativeLib:interrupts_asm.obj
 0001:00005db8       intr212                    0000000010006db8 f   NativeLib:interrupts_asm.obj
 0001:00005dfa       intr213                    0000000010006dfa f   NativeLib:interrupts_asm.obj
 0001:00005e3c       intr214                    0000000010006e3c f   NativeLib:interrupts_asm.obj
 0001:00005e7e       intr215                    0000000010006e7e f   NativeLib:interrupts_asm.obj
 0001:00005ec0       intr216                    0000000010006ec0 f   NativeLib:interrupts_asm.obj
 0001:00005f02       intr217                    0000000010006f02 f   NativeLib:interrupts_asm.obj
 0001:00005f44       intr218                    0000000010006f44 f   NativeLib:interrupts_asm.obj
 0001:00005f86       intr219                    0000000010006f86 f   NativeLib:interrupts_asm.obj
 0001:00005fc8       intr220                    0000000010006fc8 f   NativeLib:interrupts_asm.obj
 0001:0000600a       intr221                    000000001000700a f   NativeLib:interrupts_asm.obj
 0001:0000604c       intr222                    000000001000704c f   NativeLib:interrupts_asm.obj
 0001:0000608e       intr223                    000000001000708e f   NativeLib:interrupts_asm.obj
 0001:000060d0       intr224                    00000000100070d0 f   NativeLib:interrupts_asm.obj
 0001:00006112       intr225                    0000000010007112 f   NativeLib:interrupts_asm.obj
 0001:00006154       intr226                    0000000010007154 f   NativeLib:interrupts_asm.obj
 0001:00006196       intr227                    0000000010007196 f   NativeLib:interrupts_asm.obj
 0001:000061d8       intr228                    00000000100071d8 f   NativeLib:interrupts_asm.obj
 0001:0000621a       intr229                    000000001000721a f   NativeLib:interrupts_asm.obj
 0001:0000625c       intr230                    000000001000725c f   NativeLib:interrupts_asm.obj
 0001:0000629e       intr231                    000000001000729e f   NativeLib:interrupts_asm.obj
 0001:000062e0       intr232                    00000000100072e0 f   NativeLib:interrupts_asm.obj
 0001:00006322       intr233                    0000000010007322 f   NativeLib:interrupts_asm.obj
 0001:00006364       intr234                    0000000010007364 f   NativeLib:interrupts_asm.obj
 0001:000063a6       intr235                    00000000100073a6 f   NativeLib:interrupts_asm.obj
 0001:000063e8       intr236                    00000000100073e8 f   NativeLib:interrupts_asm.obj
 0001:0000642a       intr237                    000000001000742a f   NativeLib:interrupts_asm.obj
 0001:0000646c       intr238                    000000001000746c f   NativeLib:interrupts_asm.obj
 0001:000064ae       intr239                    00000000100074ae f   NativeLib:interrupts_asm.obj
 0001:000064f0       intr240                    00000000100074f0 f   NativeLib:interrupts_asm.obj
 0001:00006532       intr241                    0000000010007532 f   NativeLib:interrupts_asm.obj
 0001:00006574       intr242                    0000000010007574 f   NativeLib:interrupts_asm.obj
 0001:000065b6       intr243                    00000000100075b6 f   NativeLib:interrupts_asm.obj
 0001:000065f8       intr244                    00000000100075f8 f   NativeLib:interrupts_asm.obj
 0001:0000663a       intr245                    000000001000763a f   NativeLib:interrupts_asm.obj
 0001:0000667c       intr246                    000000001000767c f   NativeLib:interrupts_asm.obj
 0001:000066be       intr247                    00000000100076be f   NativeLib:interrupts_asm.obj
 0001:00006700       intr248                    0000000010007700 f   NativeLib:interrupts_asm.obj
 0001:00006742       intr249                    0000000010007742 f   NativeLib:interrupts_asm.obj
 0001:00006784       intr250                    0000000010007784 f   NativeLib:interrupts_asm.obj
 0001:000067c6       intr251                    00000000100077c6 f   NativeLib:interrupts_asm.obj
 0001:00006808       intr252                    0000000010007808 f   NativeLib:interrupts_asm.obj
 0001:0000684a       intr253                    000000001000784a f   NativeLib:interrupts_asm.obj
 0001:0000688c       intr254                    000000001000788c f   NativeLib:interrupts_asm.obj
 0001:000068ce       intr255                    00000000100078ce f   NativeLib:interrupts_asm.obj
 0001:00006910       _reload_segreg             0000000010007910 f   NativeLib:interrupts_asm.obj
 0001:00006937       Load_IDT                   0000000010007937 f   NativeLib:interrupts_asm.obj
 0001:0000693b       _cli                       000000001000793b f   NativeLib:interrupts_asm.obj
 0001:0000693d       _sti                       000000001000793d f   NativeLib:interrupts_asm.obj
 0001:0000693f       _hlt                       000000001000793f f   NativeLib:interrupts_asm.obj
 0001:00006941       _inttest                   0000000010007941 f   NativeLib:interrupts_asm.obj
 0001:0000694b       _iretq                     000000001000794b f   NativeLib:interrupts_asm.obj
 0001:00006966       _int20h                    0000000010007966 f   NativeLib:interrupts_asm.obj
 0001:00006970       enable_avx                 0000000010007970 f   NativeLib:misc.obj
 0001:00006983       enable_sse                 0000000010007983 f   NativeLib:misc.obj
 0001:00006996       Schedule_Next              0000000010007996 f   NativeLib:misc.obj
 0001:00011e00       lodepng_add_itext          0000000010012e00 f   NativeLib:lodepng.obj
 0001:00012040       lodepng_add_text           0000000010013040 f   NativeLib:lodepng.obj
 0001:00012300       lodepng_can_have_alpha     0000000010013300 f   NativeLib:lodepng.obj
 0001:00012360       lodepng_chunk_ancillary    0000000010013360 f   NativeLib:lodepng.obj
 0001:000123b0       lodepng_chunk_append       00000000100133b0 f   NativeLib:lodepng.obj
 0001:000124d0       lodepng_chunk_check_crc    00000000100134d0 f   NativeLib:lodepng.obj
 0001:00012560       lodepng_chunk_create       0000000010013560 f   NativeLib:lodepng.obj
 0001:00012690       lodepng_chunk_data         0000000010013690 f   NativeLib:lodepng.obj
 0001:000126d0       lodepng_chunk_data_const   00000000100136d0 f   NativeLib:lodepng.obj
 0001:00012710       lodepng_chunk_find         0000000010013710 f   NativeLib:lodepng.obj
 0001:00012790       lodepng_chunk_find_const   0000000010013790 f   NativeLib:lodepng.obj
 0001:00012810       lodepng_chunk_generate_crc 0000000010013810 f   NativeLib:lodepng.obj
 0001:00012960       lodepng_chunk_length       0000000010013960 f   NativeLib:lodepng.obj
 0001:000129a0       lodepng_chunk_next         00000000100139a0 f   NativeLib:lodepng.obj
 0001:00012b00       lodepng_chunk_next_const   0000000010013b00 f   NativeLib:lodepng.obj
 0001:00012c60       lodepng_chunk_private      0000000010013c60 f   NativeLib:lodepng.obj
 0001:00012cb0       lodepng_chunk_safetocopy   0000000010013cb0 f   NativeLib:lodepng.obj
 0001:00012d00       lodepng_chunk_type         0000000010013d00 f   NativeLib:lodepng.obj
 0001:00012d70       lodepng_chunk_type_equals  0000000010013d70 f   NativeLib:lodepng.obj
 0001:00012e60       lodepng_clear_icc          0000000010013e60 f   NativeLib:lodepng.obj
 0001:00012ed0       lodepng_clear_itext        0000000010013ed0 f   NativeLib:lodepng.obj
 0001:00012f00       lodepng_clear_text         0000000010013f00 f   NativeLib:lodepng.obj
 0001:00012fe0       lodepng_color_mode_cleanup 0000000010013fe0 f   NativeLib:lodepng.obj
 0001:00013010       lodepng_color_mode_copy    0000000010014010 f   NativeLib:lodepng.obj
 0001:000131f0       lodepng_color_mode_init    00000000100141f0 f   NativeLib:lodepng.obj
 0001:00013270       lodepng_color_mode_make    0000000010014270 f   NativeLib:lodepng.obj
 0001:00013400       lodepng_color_stats_init   0000000010014400 f   NativeLib:lodepng.obj
 0001:000134b0       lodepng_compress_settings_init 00000000100144b0 f   NativeLib:lodepng.obj
 0001:00013540       lodepng_compute_color_stats 0000000010014540 f   NativeLib:lodepng.obj
 0001:00014410       lodepng_convert            0000000010015410 f   NativeLib:lodepng.obj
 0001:00014950       lodepng_convert_rgb        0000000010015950 f   NativeLib:lodepng.obj
 0001:00014c90       lodepng_crc32              0000000010015c90 f   NativeLib:lodepng.obj
 0001:00014d20       lodepng_decode             0000000010015d20 f   NativeLib:lodepng.obj
 0001:00014f10       lodepng_decode24           0000000010015f10 f   NativeLib:lodepng.obj
 0001:00014f80       lodepng_decode32           0000000010015f80 f   NativeLib:lodepng.obj
 0001:00014ff0       lodepng_decode_memory      0000000010015ff0 f   NativeLib:lodepng.obj
 0001:000150c0       lodepng_decoder_settings_init 00000000100160c0 f   NativeLib:lodepng.obj
 0001:00015150       lodepng_decompress_settings_init 0000000010016150 f   NativeLib:lodepng.obj
 0001:000151c0       lodepng_deflate            00000000100161c0 f   NativeLib:lodepng.obj
 0001:000154d0       lodepng_encode             00000000100164d0 f   NativeLib:lodepng.obj
 0001:000164d0       lodepng_encode24           00000000100174d0 f   NativeLib:lodepng.obj
 0001:00016530       lodepng_encode32           0000000010017530 f   NativeLib:lodepng.obj
 0001:00016590       lodepng_encode_memory      0000000010017590 f   NativeLib:lodepng.obj
 0001:00016650       lodepng_encoder_settings_init 0000000010017650 f   NativeLib:lodepng.obj
 0001:000166d0       lodepng_error_text         00000000100176d0 f   NativeLib:lodepng.obj
 0001:00016da0       lodepng_get_bpp            0000000010017da0 f   NativeLib:lodepng.obj
 0001:00016e10       lodepng_get_channels       0000000010017e10 f   NativeLib:lodepng.obj
 0001:00016e40       lodepng_get_raw_size       0000000010017e40 f   NativeLib:lodepng.obj
 0001:00017020       lodepng_has_palette_alpha  0000000010018020 f   NativeLib:lodepng.obj
 0001:00017090       lodepng_huffman_code_lengths 0000000010018090 f   NativeLib:lodepng.obj
 0001:000174e0       lodepng_inflate            00000000100184e0 f   NativeLib:lodepng.obj
 0001:000176f0       lodepng_info_cleanup       00000000100186f0 f   NativeLib:lodepng.obj
 0001:00017750       lodepng_info_copy          0000000010018750 f   NativeLib:lodepng.obj
 0001:00017880       lodepng_info_init          0000000010018880 f   NativeLib:lodepng.obj
 0001:00017990       lodepng_inspect            0000000010018990 f   NativeLib:lodepng.obj
 0001:00017de0       lodepng_inspect_chunk      0000000010018de0 f   NativeLib:lodepng.obj
 0001:00018200       lodepng_is_alpha_type      0000000010019200 f   NativeLib:lodepng.obj
 0001:00018250       lodepng_is_greyscale_type  0000000010019250 f   NativeLib:lodepng.obj
 0001:000182a0       lodepng_is_palette_type    00000000100192a0 f   NativeLib:lodepng.obj
 0001:00018450       lodepng_palette_add        0000000010019450 f   NativeLib:lodepng.obj
 0001:00018540       lodepng_palette_clear      0000000010019540 f   NativeLib:lodepng.obj
 0001:00018860       lodepng_set_icc            0000000010019860 f   NativeLib:lodepng.obj
 0001:000188d0       lodepng_state_cleanup      00000000100198d0 f   NativeLib:lodepng.obj
 0001:00018920       lodepng_state_copy         0000000010019920 f   NativeLib:lodepng.obj
 0001:000189f0       lodepng_state_init         00000000100199f0 f   NativeLib:lodepng.obj
 0001:00018ab0       lodepng_zlib_compress      0000000010019ab0 f   NativeLib:lodepng.obj
 0001:00018ca0       lodepng_zlib_decompress    0000000010019ca0 f   NativeLib:lodepng.obj
 0001:0001d950       In16                       000000001001e950 f   NativeLib:io.obj
 0001:0001d980       In32                       000000001001e980 f   NativeLib:io.obj
 0001:0001d9b0       In8                        000000001001e9b0 f   NativeLib:io.obj
 0001:0001d9e0       Insb                       000000001001e9e0 f   NativeLib:io.obj
 0001:0001da20       Insd                       000000001001ea20 f   NativeLib:io.obj
 0001:0001da60       Insw                       000000001001ea60 f   NativeLib:io.obj
 0001:0001daa0       Out16                      000000001001eaa0 f   NativeLib:io.obj
 0001:0001dad0       Out32                      000000001001ead0 f   NativeLib:io.obj
 0001:0001db00       Out8                       000000001001eb00 f   NativeLib:io.obj
 0001:0001db30       Outsb                      000000001001eb30 f   NativeLib:io.obj
 0001:0001db70       Outsd                      000000001001eb70 f   NativeLib:io.obj
 0001:0001dbb0       Outsw                      000000001001ebb0 f   NativeLib:io.obj
 0001:0001dbf0       vmware_send                000000001001ebf0 f   NativeLib:vmware.obj
 0001:0001dc74       vmware_send_hb             000000001001ec74 f   NativeLib:vmware.obj
 0001:0001dcfa       vmware_get_hb              000000001001ecfa f   NativeLib:vmware.obj
 0001:0001dd80       mystrtoul                  000000001001ed80 f   LibC:strtoul.obj
 0001:00020620       fctprintf                  0000000010021620 f   LibC:printf.obj
 0001:000206a0       printf_                    00000000100216a0 f   LibC:printf.obj
 0001:00020710       snprintf_                  0000000010021710 f   LibC:printf.obj
 0001:00020770       sprintf_                   0000000010021770 f   LibC:printf.obj
 0001:000207e0       vprintf_                   00000000100217e0 f   LibC:printf.obj
 0001:00020830       vsnprintf_                 0000000010021830 f   LibC:printf.obj
 0001:00020880       myisspace                  0000000010021880 f   LibC:isspace.obj
 0001:000208d0       myisdigit                  00000000100218d0 f   LibC:isdigit.obj
 0001:00020910       myisalpha                  0000000010021910 f   LibC:isalpha.obj
 0001:00020950       myisupper                  0000000010021950 f   LibC:isupper.obj
 0002:00000000       unbox_UInt8__ToString      0000000010022000     guideXOS.obj
 0002:0000000c       unbox_UInt16__ToString     000000001002200c     guideXOS.obj
 0002:00000018       unbox_UInt32__ToString     0000000010022018     guideXOS.obj
 0003:00000000       KMain                      0000000010023000     guideXOS.obj
 0003:00000000       guideXOS_Program__KMain    0000000010023000     guideXOS.obj
 0003:00000220       guideXOS_Program__SMain    0000000010023220     guideXOS.obj
 0003:000008bc       guideXOS_Program__InitConsole 00000000100238bc     guideXOS.obj
 0003:000008fc       guideXOS_Allocator__GetPageIndexStart 00000000100238fc     guideXOS.obj
 0003:00000950       guideXOS_Allocator__Free   0000000010023950     guideXOS.obj
 0003:00000a88       guideXOS_Allocator__get_MemoryInUse 0000000010023a88     guideXOS.obj
 0003:00000aa0       guideXOS_Allocator__Initialize 0000000010023aa0     guideXOS.obj
 0003:00000b34       guideXOS_Allocator__Allocate 0000000010023b34     guideXOS.obj
 0003:00000c98       guideXOS_Allocator__Reallocate 0000000010023c98     guideXOS.obj
 0003:00000d8c       guideXOS_GDT__Initialise   0000000010023d8c     guideXOS.obj
 0003:00000e68       guideXOS_IDT__Initialize   0000000010023e68     guideXOS.obj
 0003:00000f5c       guideXOS_IDT__intr_handler 0000000010023f5c     guideXOS.obj
 0003:00000f5c       intr_handler               0000000010023f5c     guideXOS.obj
 0003:0000166c       guideXOS_Native__Load_GDT  000000001002466c     guideXOS.obj
 0003:000016c0       guideXOS_Native__Load_IDT  00000000100246c0     guideXOS.obj
 0003:00001714       guideXOS_Internal_Runtime_EEType__get_IsArray 0000000010024714     guideXOS.obj
 0003:00001738       guideXOS_Internal_Runtime_EEType__get_ArrayRank 0000000010024738     guideXOS.obj
 0003:00001758       __imp_GetCurrentThreadId   0000000010024758     guideXOS.obj
 0003:00001758       guideXOS_Internal_Runtime_CompilerHelpers_StartupCodeHelpers____imp_GetCurrentThreadId 0000000010024758     guideXOS.obj
 0003:0000175c       __CheckForDebuggerJustMyCode 000000001002475c     guideXOS.obj
 0003:0000175c       guideXOS_Internal_Runtime_CompilerHelpers_StartupCodeHelpers____CheckForDebuggerJustMyCode 000000001002475c     guideXOS.obj
 0003:00001760       __fail_fast                0000000010024760     guideXOS.obj
 0003:00001760       guideXOS_Internal_Runtime_CompilerHelpers_StartupCodeHelpers__FailFast 0000000010024760     guideXOS.obj
 0003:00001764       guideXOS_Internal_Runtime_CompilerHelpers_StartupCodeHelpers__MemSet 0000000010024764     guideXOS.obj
 0003:00001764       memset                     0000000010024764     guideXOS.obj
 0003:00001780       guideXOS_Internal_Runtime_CompilerHelpers_StartupCodeHelpers__MemCpy 0000000010024780     guideXOS.obj
 0003:00001780       memcpy                     0000000010024780     guideXOS.obj
 0003:0000179c       RhpFallbackFailFast        000000001002479c     guideXOS.obj
 0003:0000179c       guideXOS_Internal_Runtime_CompilerHelpers_StartupCodeHelpers__RhpFallbackFailFast 000000001002479c     guideXOS.obj
 0003:000017a0       RhpReversePInvoke2         00000000100247a0     guideXOS.obj
 0003:000017a0       guideXOS_Internal_Runtime_CompilerHelpers_StartupCodeHelpers__RhpReversePInvoke2 00000000100247a0     guideXOS.obj
 0003:000017a4       RhpReversePInvokeReturn2   00000000100247a4     guideXOS.obj
 0003:000017a4       guideXOS_Internal_Runtime_CompilerHelpers_StartupCodeHelpers__RhpReversePInvokeReturn2 00000000100247a4     guideXOS.obj
 0003:000017a8       RhpReversePInvoke          00000000100247a8     guideXOS.obj
 0003:000017a8       guideXOS_Internal_Runtime_CompilerHelpers_StartupCodeHelpers__RhpReversePInvoke 00000000100247a8     guideXOS.obj
 0003:000017ac       RhpReversePInvokeReturn    00000000100247ac     guideXOS.obj
 0003:000017ac       guideXOS_Internal_Runtime_CompilerHelpers_StartupCodeHelpers__RhpReversePInvokeReturn 00000000100247ac     guideXOS.obj
 0003:000017b0       RhpPInvoke                 00000000100247b0     guideXOS.obj
 0003:000017b0       guideXOS_Internal_Runtime_CompilerHelpers_StartupCodeHelpers__RhpPinvoke 00000000100247b0     guideXOS.obj
 0003:000017b4       RhpPInvokeReturn           00000000100247b4     guideXOS.obj
 0003:000017b4       guideXOS_Internal_Runtime_CompilerHelpers_StartupCodeHelpers__RhpPinvokeReturn 00000000100247b4     guideXOS.obj
 0003:000017b8       RhpNewFast                 00000000100247b8     guideXOS.obj
 0003:000017b8       guideXOS_Internal_Runtime_CompilerHelpers_StartupCodeHelpers__RhpNewFast 00000000100247b8     guideXOS.obj
 0003:00001844       RhpNewArray                0000000010024844     guideXOS.obj
 0003:00001844       guideXOS_Internal_Runtime_CompilerHelpers_StartupCodeHelpers__RhpNewArray 0000000010024844     guideXOS.obj
 0003:00001908       RhpAssignRef               0000000010024908     guideXOS.obj
 0003:00001908       guideXOS_Internal_Runtime_CompilerHelpers_StartupCodeHelpers__RhpAssignRef 0000000010024908     guideXOS.obj
 0003:0000190c       RhpByRefAssignRef          000000001002490c     guideXOS.obj
 0003:0000190c       guideXOS_Internal_Runtime_CompilerHelpers_StartupCodeHelpers__RhpByRefAssignRef 000000001002490c     guideXOS.obj
 0003:00001910       RhpCheckedAssignRef        0000000010024910     guideXOS.obj
 0003:00001910       guideXOS_Internal_Runtime_CompilerHelpers_StartupCodeHelpers__RhpCheckedAssignRef 0000000010024910     guideXOS.obj
 0003:00001914       RhpStelemRef               0000000010024914     guideXOS.obj
 0003:00001914       guideXOS_Internal_Runtime_CompilerHelpers_StartupCodeHelpers__RhpStelemRef 0000000010024914     guideXOS.obj
 0003:0000194c       RhTypeCast_IsInstanceOfClass 000000001002494c     guideXOS.obj
 0003:0000194c       guideXOS_Internal_Runtime_CompilerHelpers_StartupCodeHelpers__RhTypeCast_IsInstanceOfClass 000000001002494c     guideXOS.obj
 0003:00001978       guideXOS_Internal_Runtime_CompilerHelpers_StartupCodeHelpers__InitializeModules 0000000010024978     guideXOS.obj
 0003:00001b30       guideXOS_Internal_Runtime_CompilerHelpers_StartupCodeHelpers__InitializeStatics 0000000010024b30     guideXOS.obj
 0003:00001c1c       guideXOS_Internal_Runtime_CompilerHelpers_SynchronizedMethodHelpers__MonitorEnterStatic 0000000010024c1c     guideXOS.obj
 0003:00001c20       guideXOS_Internal_Runtime_CompilerHelpers_SynchronizedMethodHelpers__MonitorExitStatic 0000000010024c20     guideXOS.obj
 0003:00001c24       guideXOS_Internal_Runtime_CompilerHelpers_ThrowHelpers__Error 0000000010024c24     guideXOS.obj
 0003:00001cd4       guideXOS_Internal_Runtime_CompilerHelpers_ThrowHelpers__ThrowOverflowException 0000000010024cd4     guideXOS.obj
 0003:00001cec       guideXOS_Internal_Runtime_CompilerHelpers_ThrowHelpers__ThrowIndexOutOfRangeException 0000000010024cec     guideXOS.obj
 0003:00001d04       UInt8__ToString            0000000010024d04     guideXOS.obj
 0003:00001d20       Char__ToUpper              0000000010024d20     guideXOS.obj
 0003:00001d38       guideXOS_System_Delegate__InitializeClosedInstance 0000000010024d38     guideXOS.obj
 0003:00001d64       guideXOS_System_Math__Pow  0000000010024d64     guideXOS.obj
 0003:00001d90       guideXOS_System_Math__Fact 0000000010024d90     guideXOS.obj
 0003:00001dc8       guideXOS_System_Math__Sin  0000000010024dc8     guideXOS.obj
 0003:00001e78       guideXOS_System_MathF__Floor 0000000010024e78     guideXOS.obj
 0003:00001ed8       Object___ctor              0000000010024ed8     guideXOS.obj
 0003:00001edc       Object__ToString           0000000010024edc     guideXOS.obj
 0003:00001ee4       Object__Dispose            0000000010024ee4     guideXOS.obj
 0003:00001f34       String__FromASCII          0000000010024f34     guideXOS.obj
 0003:00001fcc       String__Ctor               0000000010024fcc     guideXOS.obj
 0003:00001fec       String__Ctor_2             0000000010024fec     guideXOS.obj
 0003:000020a8       String__LastIndexOf        00000000100250a8     guideXOS.obj
 0003:000020d4       String__ToString           00000000100250d4     guideXOS.obj
 0003:000020d8       String__Equals_0           00000000100250d8     guideXOS.obj
 0003:00002120       String__Concat             0000000010025120     guideXOS.obj
 0003:0000220c       String__IndexOf            000000001002520c     guideXOS.obj
 0003:0000223c       String__Concat_0           000000001002523c     guideXOS.obj
 0003:000022b0       String__Concat_1           00000000100252b0     guideXOS.obj
 0003:00002374       String__Concat_2           0000000010025374     guideXOS.obj
 0003:0000245c       String__Format             000000001002545c     guideXOS.obj
 0003:00002668       String__Substring          0000000010025668     guideXOS.obj
 0003:000026a8       String__Substring_0        00000000100256a8     guideXOS.obj
 0003:000026e4       String__EndsWith_0         00000000100256e4     guideXOS.obj
 0003:00002770       UInt16__ToString           0000000010025770     guideXOS.obj
 0003:0000278c       UInt32__ToString           000000001002578c     guideXOS.obj
 0003:000027a8       UInt64__ToString           00000000100257a8     guideXOS.obj
 0003:00002870       UInt64__ToStringHex        0000000010025870     guideXOS.obj
 0003:00002918       guideXOS_System_Threading_Monitor__Unlock 0000000010025918     guideXOS.obj
 0003:0000295c       RhTypeCast_CheckCastClass  000000001002595c     guideXOS.obj
 0003:0000295c       guideXOS_System_Runtime_TypeCast__CheckCastClass 000000001002595c     guideXOS.obj
 0003:00002984       RhTypeCast_CheckCastArray  0000000010025984     guideXOS.obj
 0003:00002984       guideXOS_System_Runtime_TypeCast__CheckCastArray 0000000010025984     guideXOS.obj
 0003:000029ac       RhTypeCast_IsInstanceOfArray 00000000100259ac     guideXOS.obj
 0003:000029ac       guideXOS_System_Runtime_TypeCast__IsInstanceOfArray 00000000100259ac     guideXOS.obj
 0003:00002a08       guideXOS_System_Drawing_Image___ctor 0000000010025a08     guideXOS.obj
 0003:00002a44       guideXOS_System_Drawing_Image___ctor_0 0000000010025a44     guideXOS.obj
 0003:00002a48       guideXOS_System_Drawing_Image__Resample 0000000010025a48     guideXOS.obj
 0003:00002dec       guideXOS_System_Drawing_Image__ResizeImage 0000000010025dec     guideXOS.obj
 0003:00002f60       guideXOS_System_Drawing_Image__Dispose 0000000010025f60     guideXOS.obj
 0003:00002fe8       guideXOS_System_Diagnostics_Process__Start 0000000010025fe8     guideXOS.obj
 0003:000031ec       guideXOS_System_Diagnostics_Process__StartThread 00000000100261ec     guideXOS.obj
 0003:0000326c       guideXOS_System_Diagnostics_Process__FixImageRelocations 000000001002626c     guideXOS.obj
 0003:000032d8       guideXOS_guideXOS_Animation___ctor 00000000100262d8     guideXOS.obj
 0003:000032e8       guideXOS_guideXOS_Animator__Initialize 00000000100262e8     guideXOS.obj
 0003:00003340       guideXOS_guideXOS_Animator__OnInterrupt 0000000010026340     guideXOS.obj
 0003:000033cc       guideXOS_guideXOS_API__HandleSystemCall 00000000100263cc     guideXOS.obj
 0003:00003768       guideXOS_guideXOS_API__API_SndWrite 0000000010026768     guideXOS.obj
 0003:00003770       guideXOS_guideXOS_API__API_Calloc 0000000010026770     guideXOS.obj
 0003:00003778       guideXOS_guideXOS_API__API_StartThread 0000000010026778     guideXOS.obj
 0003:000037b4       guideXOS_guideXOS_API__API_Error 00000000100267b4     guideXOS.obj
 0003:000037bc       guideXOS_guideXOS_API__API_GetTime 00000000100267bc     guideXOS.obj
 0003:0000383c       guideXOS_guideXOS_API__API_DrawImage 000000001002683c     guideXOS.obj
 0003:00003870       guideXOS_guideXOS_API__API_WriteString 0000000010026870     guideXOS.obj
 0003:000038d0       guideXOS_guideXOS_API__API_Width 00000000100268d0     guideXOS.obj
 0003:000038e4       guideXOS_guideXOS_API__API_Height 00000000100268e4     guideXOS.obj
 0003:000038f8       guideXOS_guideXOS_API__API_Update 00000000100268f8     guideXOS.obj
 0003:00003900       guideXOS_guideXOS_API__API_Clear 0000000010026900     guideXOS.obj
 0003:00003920       DebugWrite                 0000000010026920     guideXOS.obj
 0003:00003920       guideXOS_guideXOS_API__API_DebugWrite 0000000010026920     guideXOS.obj
 0003:00003928       DebugWriteLine             0000000010026928     guideXOS.obj
 0003:00003928       guideXOS_guideXOS_API__API_DebugWriteLine 0000000010026928     guideXOS.obj
 0003:00003944       Lock                       0000000010026944     guideXOS.obj
 0003:00003944       guideXOS_guideXOS_API__API_Lock 0000000010026944     guideXOS.obj
 0003:0000396c       Unlock                     000000001002696c     guideXOS.obj
 0003:0000396c       guideXOS_guideXOS_API__API_Unlock 000000001002696c     guideXOS.obj
 0003:000039ac       guideXOS_guideXOS_API__API_DrawPoint 00000000100269ac     guideXOS.obj
 0003:000039e0       guideXOS_guideXOS_API__API_SwitchToConsoleMode 00000000100269e0     guideXOS.obj
 0003:000039e8       guideXOS_guideXOS_API__API_ReadAllBytes 00000000100269e8     guideXOS.obj
 0003:00003af0       guideXOS_guideXOS_API__API_Sleep 0000000010026af0     guideXOS.obj
 0003:00003af8       guideXOS_guideXOS_API__API_GetTick 0000000010026af8     guideXOS.obj
 0003:00003b0c       guideXOS_guideXOS_API__API_Write 0000000010026b0c     guideXOS.obj
 0003:00003b18       guideXOS_guideXOS_API__API_WriteLine 0000000010026b18     guideXOS.obj
 0003:00003b20       guideXOS_guideXOS_API__API_Allocate 0000000010026b20     guideXOS.obj
 0003:00003b28       guideXOS_guideXOS_API__API_Free 0000000010026b28     guideXOS.obj
 0003:00003b30       guideXOS_guideXOS_API__API_Reallocate 0000000010026b30     guideXOS.obj
 0003:00003b38       guideXOS_guideXOS_API__SayHello 0000000010026b38     guideXOS.obj
 0003:00003b44       guideXOS_guideXOS_Kbd2Mouse__OnKeyChanged 0000000010026b44     guideXOS.obj
 0003:00003cc8       guideXOS_guideXOS_ASC16__DrawChar 0000000010026cc8     guideXOS.obj
 0003:00003d5c       guideXOS_guideXOS_Console__add_OnWrite 0000000010026d5c     guideXOS.obj
 0003:00003de4       guideXOS_guideXOS_Console__Setup 0000000010026de4     guideXOS.obj
 0003:00003e9c       guideXOS_guideXOS_Console__Write 0000000010026e9c     guideXOS.obj
 0003:00003f4c       guideXOS_guideXOS_Console__Write_0 0000000010026f4c     guideXOS.obj
 0003:00003fd0       guideXOS_guideXOS_Console__WriteFramebuffer 0000000010026fd0     guideXOS.obj
 0003:000040dc       guideXOS_guideXOS_Console__MoveUp 00000000100270dc     guideXOS.obj
 0003:00004110       guideXOS_guideXOS_Console__MoveUpFramebuffer 0000000010027110     guideXOS.obj
 0003:000041bc       guideXOS_guideXOS_Console__UpdateCursorFramebuffer 00000000100271bc     guideXOS.obj
 0003:0000426c       guideXOS_guideXOS_Console__WriteLine 000000001002726c     guideXOS.obj
 0003:00004304       guideXOS_guideXOS_Console__WriteLine_0 0000000010027304     guideXOS.obj
 0003:00004348       guideXOS_guideXOS_Console__Clear 0000000010027348     guideXOS.obj
 0003:00004364       guideXOS_guideXOS_Console__ClearFramebuffer 0000000010027364     guideXOS.obj
 0003:00004420       guideXOS_guideXOS_FPSMeter__Update 0000000010027420     guideXOS.obj
 0003:0000447c       guideXOS_guideXOS_PageTable__Initialise 000000001002747c     guideXOS.obj
 0003:0000456c       guideXOS_guideXOS_PageTable__GetPage 000000001002756c     guideXOS.obj
 0003:00004618       guideXOS_guideXOS_PageTable__Next 0000000010027618     guideXOS.obj
 0003:000046bc       guideXOS_guideXOS_NETv4__SwapLeftRight_0 00000000100276bc     guideXOS.obj
 0003:000046ec       guideXOS_guideXOS_SMP__ApplicationProcessorMain 00000000100276ec     guideXOS.obj
 0003:00004788       guideXOS_guideXOS_SMP__Initialize 0000000010027788     guideXOS.obj
 0003:00004918       guideXOS_guideXOS_Misc_Audio__Initialize 0000000010027918     guideXOS.obj
 0003:00004948       guideXOS_guideXOS_Misc_Audio__snd_write 0000000010027948     guideXOS.obj
 0003:00004948       snd_write                  0000000010027948     guideXOS.obj
 0003:00004a30       guideXOS_guideXOS_Misc_Audio__snd_clear 0000000010027a30     guideXOS.obj
 0003:00004a30       snd_clear                  0000000010027a30     guideXOS.obj
 0003:00004a44       guideXOS_guideXOS_Misc_Audio__require 0000000010027a44     guideXOS.obj
 0003:00004b40       guideXOS_guideXOS_Misc_Bitmap___ctor 0000000010027b40     guideXOS.obj
 0003:00004d88       guideXOS_guideXOS_Misc_ClassID__GetName 0000000010027d88     guideXOS.obj
 0003:00004ef0       Entry                      0000000010027ef0     guideXOS.obj
 0003:00004ef0       guideXOS_guideXOS_Misc_EntryPoint__Entry 0000000010027ef0     guideXOS.obj
 0003:000052c4       guideXOS_guideXOS_Misc_IFont__DrawChar 00000000100282c4     guideXOS.obj
 0003:00005468       guideXOS_guideXOS_Misc_IFont__DrawString 0000000010028468     guideXOS.obj
 0003:000054dc       guideXOS_guideXOS_Misc_IFont__MeasureString 00000000100284dc     guideXOS.obj
 0003:00005548       guideXOS_guideXOS_Misc_IFont__DrawString_0 0000000010028548     guideXOS.obj
 0003:00005670       guideXOS_guideXOS_Misc_Interrupts__EnableInterrupt_0 0000000010028670     guideXOS.obj
 0003:000056d8       guideXOS_guideXOS_Misc_Interrupts__HandleInterrupt 00000000100286d8     guideXOS.obj
 0003:00005740       guideXOS_guideXOS_Misc_Panic__Error 0000000010028740     guideXOS.obj
 0003:000057dc       guideXOS_guideXOS_Misc_PNG___ctor 00000000100287dc     guideXOS.obj
 0003:000059cc       guideXOS_guideXOS_Misc_PNG__lodepng_decode_memory 00000000100289cc     guideXOS.obj
 0003:00005a68       guideXOS_guideXOS_Misc_Thread__NewThread 0000000010028a68     guideXOS.obj
 0003:00005b08       guideXOS_guideXOS_Misc_Thread__Start 0000000010028b08     guideXOS.obj
 0003:00005bb8       guideXOS_guideXOS_Misc_Thread__Start_0 0000000010028bb8     guideXOS.obj
 0003:00005ca8       guideXOS_guideXOS_Misc_ThreadPool__Initialize 0000000010028ca8     guideXOS.obj
 0003:00005e5c       guideXOS_guideXOS_Misc_ThreadPool__Terminate 0000000010028e5c     guideXOS.obj
 0003:00005eec       guideXOS_guideXOS_Misc_ThreadPool__IdleThread 0000000010028eec     guideXOS.obj
 0003:00005f30       guideXOS_guideXOS_Misc_ThreadPool__get_CanLock 0000000010028f30     guideXOS.obj
 0003:00005f4c       guideXOS_guideXOS_Misc_ThreadPool__Lock 0000000010028f4c     guideXOS.obj
 0003:00005f84       guideXOS_guideXOS_Misc_ThreadPool__Schedule 0000000010028f84     guideXOS.obj
 0003:000062f4       guideXOS_guideXOS_Misc_USBDevice___ctor 00000000100292f4     guideXOS.obj
 0003:000062f8       guideXOS_guideXOS_Misc_USBRequest__Clean 00000000100292f8     guideXOS.obj
 0003:00006368       guideXOS_guideXOS_Misc_USB__OnInterrupt 0000000010029368     guideXOS.obj
 0003:00006480       guideXOS_guideXOS_Misc_USB__DriveDevice 0000000010029480     guideXOS.obj
 0003:0000649c       guideXOS_guideXOS_Misc_USB__StartPolling 000000001002949c     guideXOS.obj
 0003:000064d4       guideXOS_guideXOS_Misc_USB__LoopPoll 00000000100294d4     guideXOS.obj
 0003:0000652c       guideXOS_guideXOS_Misc_VendorID__GetName 000000001002952c     guideXOS.obj
 0003:0000d97c       guideXOS_guideXOS_Misc_WAV__Decode 000000001003097c     guideXOS.obj
 0003:0000dad0       guideXOS_guideXOS_Graph_Graphics__FromImage 0000000010030ad0     guideXOS.obj
 0003:0000db34       guideXOS_guideXOS_Graph_Graphics__Update 0000000010030b34     guideXOS.obj
 0003:0000db38       guideXOS_guideXOS_Graph_Graphics__Clear 0000000010030b38     guideXOS.obj
 0003:0000dba0       guideXOS_guideXOS_Graph_Graphics__Copy 0000000010030ba0     guideXOS.obj
 0003:0000dc3c       guideXOS_guideXOS_Graph_Graphics__FillRectangle 0000000010030c3c     guideXOS.obj
 0003:0000dcb4       guideXOS_guideXOS_Graph_Graphics__AFillRectangle 0000000010030cb4     guideXOS.obj
 0003:0000dd2c       guideXOS_guideXOS_Graph_Graphics__GetPoint 0000000010030d2c     guideXOS.obj
 0003:0000dd58       guideXOS_guideXOS_Graph_Graphics__DrawPoint 0000000010030d58     guideXOS.obj
 0003:0000de48       guideXOS_guideXOS_Graph_Graphics__DrawRectangle 0000000010030e48     guideXOS.obj
 0003:0000df04       guideXOS_guideXOS_Graph_Graphics__Save 0000000010030f04     guideXOS.obj
 0003:0000dfe0       guideXOS_guideXOS_Graph_Graphics__ADrawImage 0000000010030fe0     guideXOS.obj
 0003:0000e090       guideXOS_guideXOS_Graph_Graphics__DrawImage 0000000010031090     guideXOS.obj
 0003:0000e2e8       guideXOS_guideXOS_Graph_Graphics__FPartOfNumber 00000000100312e8     guideXOS.obj
 0003:0000e318       guideXOS_guideXOS_Graph_Graphics__DrawPoint_0 0000000010031318     guideXOS.obj
 0003:0000e380       guideXOS_guideXOS_Graph_Graphics__DrawLine 0000000010031380     guideXOS.obj
 0003:0000e558       get_fattime                0000000010031558     guideXOS.obj
 0003:0000e558       guideXOS_guideXOS_FS_FATFS__get_fattime 0000000010031558     guideXOS.obj
 0003:0000e5c4       RAM_disk_write             00000000100315c4     guideXOS.obj
 0003:0000e5c4       guideXOS_guideXOS_FS_FATFS__RAM_disk_write 00000000100315c4     guideXOS.obj
 0003:0000e5f8       RAM_disk_read              00000000100315f8     guideXOS.obj
 0003:0000e5f8       guideXOS_guideXOS_FS_FATFS__RAM_disk_read 00000000100315f8     guideXOS.obj
 0003:0000e62c       guideXOS_guideXOS_FS_FileInfo__Dispose 000000001003162c     guideXOS.obj
 0003:0000e6b4       guideXOS_guideXOS_FS_FileInfo___ctor 00000000100316b4     guideXOS.obj
 0003:0000e6b8       guideXOS_guideXOS_FS_FileSystem__SizeToSec 00000000100316b8     guideXOS.obj
 0003:0000e6d8       guideXOS_guideXOS_FS_FileSystem__IsInDirectory 00000000100316d8     guideXOS.obj
 0003:0000e73c       guideXOS_guideXOS_FS_TarFS__GetFiles 000000001003173c     guideXOS.obj
 0003:0000e9d4       guideXOS_guideXOS_FS_TarFS__ReadAllBytes 00000000100319d4     guideXOS.obj
 0003:0000ecec       guideXOS_guideXOS_FS_TarFS___ctor 0000000010031cec     guideXOS.obj
 0003:0000ed0c       _putchar                   0000000010031d0c     guideXOS.obj
 0003:0000ed0c       guideXOS_guideXOS_Kernel_Libraries_stdio___putchar 0000000010031d0c     guideXOS.obj
 0003:0000ed20       fopen                      0000000010031d20     guideXOS.obj
 0003:0000ed20       guideXOS_guideXOS_Kernel_Libraries_stdio__fopen 0000000010031d20     guideXOS.obj
 0003:0000eec0       fseek                      0000000010031ec0     guideXOS.obj
 0003:0000eec0       guideXOS_guideXOS_Kernel_Libraries_stdio__fseek 0000000010031ec0     guideXOS.obj
 0003:0000eed8       fread                      0000000010031ed8     guideXOS.obj
 0003:0000eed8       guideXOS_guideXOS_Kernel_Libraries_stdio__fread 0000000010031ed8     guideXOS.obj
 0003:0000ef3c       guideXOS_guideXOS_Kernel_Libraries_stdlib__malloc 0000000010031f3c     guideXOS.obj
 0003:0000ef3c       malloc                     0000000010031f3c     guideXOS.obj
 0003:0000ef4c       free                       0000000010031f4c     guideXOS.obj
 0003:0000ef4c       guideXOS_guideXOS_Kernel_Libraries_stdlib__free 0000000010031f4c     guideXOS.obj
 0003:0000ef5c       guideXOS_guideXOS_Kernel_Libraries_stdlib__realloc 0000000010031f5c     guideXOS.obj
 0003:0000ef5c       realloc                    0000000010031f5c     guideXOS.obj
 0003:0000ef6c       calloc                     0000000010031f6c     guideXOS.obj
 0003:0000ef6c       guideXOS_guideXOS_Kernel_Libraries_stdlib__calloc 0000000010031f6c     guideXOS.obj
 0003:0000efe0       guideXOS_guideXOS_Kernel_Libraries_stdlib__kmalloc 0000000010031fe0     guideXOS.obj
 0003:0000efe0       kmalloc                    0000000010031fe0     guideXOS.obj
 0003:0000eff0       guideXOS_guideXOS_Kernel_Libraries_stdlib__kfree 0000000010031ff0     guideXOS.obj
 0003:0000eff0       kfree                      0000000010031ff0     guideXOS.obj
 0003:0000f000       guideXOS_guideXOS_Kernel_Libraries_stdlib__krealloc 0000000010032000     guideXOS.obj
 0003:0000f000       krealloc                   0000000010032000     guideXOS.obj
 0003:0000f010       guideXOS_guideXOS_Kernel_Libraries_stdlib__kcalloc 0000000010032010     guideXOS.obj
 0003:0000f010       kcalloc                    0000000010032010     guideXOS.obj
 0003:0000f084       guideXOS_guideXOS_Kernel_Drivers_AC97__Initialize 0000000010032084     guideXOS.obj
 0003:0000f388       guideXOS_guideXOS_Kernel_Drivers_AC97__OnInterrupt 0000000010032388     guideXOS.obj
 0003:0000f4c4       guideXOS_guideXOS_Kernel_Drivers_ACPI__GetRSDP 00000000100324c4     guideXOS.obj
 0003:0000f4ec       guideXOS_guideXOS_Kernel_Drivers_ACPI__Shutdown 00000000100324ec     guideXOS.obj
 0003:0000f5a8       guideXOS_guideXOS_Kernel_Drivers_ACPI__Initialize 00000000100325a8     guideXOS.obj
 0003:0000f64c       guideXOS_guideXOS_Kernel_Drivers_ACPI__ParseDT 000000001003264c     guideXOS.obj
 0003:0000f81c       guideXOS_guideXOS_Kernel_Drivers_ACPI__RemapIRQ 000000001003281c     guideXOS.obj
 0003:0000f874       guideXOS_guideXOS_Kernel_Drivers_ACPITimer__SleepMicroseconds 0000000010032874     guideXOS.obj
 0003:0000f998       guideXOS_guideXOS_Kernel_Drivers_EHCI__Initialize 0000000010032998     guideXOS.obj
 0003:0000fc4c       guideXOS_guideXOS_Kernel_Drivers_EHCI__SendAndReceive 0000000010032c4c     guideXOS.obj
 0003:0000ff28       guideXOS_guideXOS_Kernel_Drivers_EHCI__SetDeviceAddr 0000000010032f28     guideXOS.obj
 0003:00010190       guideXOS_guideXOS_Kernel_Drivers_EHCI__WaitForComplete 0000000010033190     guideXOS.obj
 0003:0001022c       guideXOS_guideXOS_Kernel_Drivers_EHCI__GetDesc 000000001003322c     guideXOS.obj
 0003:00010530       guideXOS_guideXOS_Kernel_Drivers_EHCI__GetConfig 0000000010033530     guideXOS.obj
 0003:000108a0       guideXOS_guideXOS_Kernel_Drivers_EHCI__SetConfig 00000000100338a0     guideXOS.obj
 0003:00010b24       guideXOS_guideXOS_Kernel_Drivers_EHCI__InitPort 0000000010033b24     guideXOS.obj
 0003:00010e60       guideXOS_guideXOS_Kernel_Drivers_EHCI__ScanPorts 0000000010033e60     guideXOS.obj
 0003:00010eb4       guideXOS_guideXOS_Kernel_Drivers_ES1371__Initialize 0000000010033eb4     guideXOS.obj
 0003:000110f8       guideXOS_guideXOS_Kernel_Drivers_ES1371__OnInterrupt 00000000100340f8     guideXOS.obj
 0003:00011200       guideXOS_guideXOS_Kernel_Drivers_Framebuffer__set_TripleBuffered 0000000010034200     guideXOS.obj
 0003:00011284       guideXOS_guideXOS_Kernel_Drivers_Framebuffer__Update 0000000010034284     guideXOS.obj
 0003:00011354       guideXOS_guideXOS_Kernel_Drivers_Framebuffer__Initialize 0000000010034354     guideXOS.obj
 0003:0001148c       guideXOS_guideXOS_Kernel_Drivers_HID__Initialize 000000001003448c     guideXOS.obj
 0003:000114bc       guideXOS_guideXOS_Kernel_Drivers_HID__GetHIDPacket 00000000100344bc     guideXOS.obj
 0003:0001152c       guideXOS_guideXOS_Kernel_Drivers_HID__GetKeyboard 000000001003452c     guideXOS.obj
 0003:000115c0       guideXOS_guideXOS_Kernel_Drivers_HID__GetMouse 00000000100345c0     guideXOS.obj
 0003:00011664       guideXOS_guideXOS_Kernel_Drivers_HID__Initialize_0 0000000010034664     guideXOS.obj
 0003:000116b4       guideXOS_guideXOS_Kernel_Drivers_HID__InitializeKeyboard 00000000100346b4     guideXOS.obj
 0003:0001179c       guideXOS_guideXOS_Kernel_Drivers_HPET__Initialize 000000001003479c     guideXOS.obj
 0003:000117f8       guideXOS_guideXOS_Kernel_Drivers_HPET__WriteRegister 00000000100347f8     guideXOS.obj
 0003:0001181c       guideXOS_guideXOS_Kernel_Drivers_HPET__ReadRegister 000000001003481c     guideXOS.obj
 0003:0001183c       guideXOS_guideXOS_Kernel_Drivers_Hub__Initialize 000000001003483c     guideXOS.obj
 0003:0001185c       guideXOS_guideXOS_Kernel_Drivers_Hub__Initialize_0 000000001003485c     guideXOS.obj
 0003:00011ba4       guideXOS_guideXOS_Kernel_Drivers_IDE__Initialize 0000000010034ba4     guideXOS.obj
 0003:00011bfc       guideXOS_guideXOS_Kernel_Drivers_IDE__ScanPorts 0000000010034bfc     guideXOS.obj
 0003:00012228       guideXOS_guideXOS_Kernel_Drivers_IDE___ScanPorts_g__WaitForIdentifyData_3_2 0000000010035228     guideXOS.obj
 0003:00012294       guideXOS_guideXOS_Kernel_Drivers_IDEDevice__ReadOrWrite 0000000010035294     guideXOS.obj
 0003:00012558       guideXOS_guideXOS_Kernel_Drivers_IDEDevice__WaitForReadyStatus 0000000010035558     guideXOS.obj
 0003:000125bc       guideXOS_guideXOS_Kernel_Drivers_IDEDevice__Read 00000000100355bc     guideXOS.obj
 0003:0001261c       guideXOS_guideXOS_Kernel_Drivers_IDEDevice__Write 000000001003561c     guideXOS.obj
 0003:00012680       guideXOS_guideXOS_Kernel_Drivers_IDEDevice___ctor 0000000010035680     guideXOS.obj
 0003:000126a0       guideXOS_guideXOS_Kernel_Drivers_IOAPIC__Initialize 00000000100356a0     guideXOS.obj
 0003:000126fc       guideXOS_guideXOS_Kernel_Drivers_IOAPIC__In 00000000100356fc     guideXOS.obj
 0003:00012728       guideXOS_guideXOS_Kernel_Drivers_IOAPIC__Out 0000000010035728     guideXOS.obj
 0003:00012758       guideXOS_guideXOS_Kernel_Drivers_IOAPIC__SetEntry 0000000010035758     guideXOS.obj
 0003:0001278c       guideXOS_guideXOS_Kernel_Drivers_IOAPIC__SetEntry_0 000000001003578c     guideXOS.obj
 0003:000127ac       guideXOS_guideXOS_Kernel_Drivers_Keyboard__InvokeOnKeyChanged 00000000100357ac     guideXOS.obj
 0003:000127dc       guideXOS_guideXOS_Kernel_Drivers_Keyboard__CleanKeyInfo 00000000100357dc     guideXOS.obj
 0003:00012808       guideXOS_guideXOS_Kernel_Drivers_LocalAPIC__ReadRegister 0000000010035808     guideXOS.obj
 0003:00012828       guideXOS_guideXOS_Kernel_Drivers_LocalAPIC__SendIPI 0000000010035828     guideXOS.obj
 0003:00012878       guideXOS_guideXOS_Kernel_Drivers_LocalAPICTimer__StartTimer 0000000010035878     guideXOS.obj
 0003:000128e4       guideXOS_guideXOS_Kernel_Drivers_LocalAPICTimer__EstimateBusSpeed 00000000100358e4     guideXOS.obj
 0003:00012998       guideXOS_guideXOS_Kernel_Drivers_PCIDevice__WriteRegister 0000000010035998     guideXOS.obj
 0003:00012a04       guideXOS_guideXOS_Kernel_Drivers_PCIDevice___ctor 0000000010035a04     guideXOS.obj
 0003:00012a08       guideXOS_guideXOS_Kernel_Drivers_PCI__GetDevice 0000000010035a08     guideXOS.obj
 0003:00012a78       guideXOS_guideXOS_Kernel_Drivers_PCI__GetDevice_0 0000000010035a78     guideXOS.obj
 0003:00012afc       guideXOS_guideXOS_Kernel_Drivers_PCI__Initialise 0000000010035afc     guideXOS.obj
 0003:00012b88       guideXOS_guideXOS_Kernel_Drivers_PCI__CheckBus 0000000010035b88     guideXOS.obj
 0003:00013008       guideXOS_guideXOS_Kernel_Drivers_PCI__WriteRegister32 0000000010036008     guideXOS.obj
 0003:000130a4       guideXOS_guideXOS_Kernel_Drivers_PCI__ReadRegister32 00000000100360a4     guideXOS.obj
 0003:0001313c       guideXOS_guideXOS_Kernel_Drivers_PCI__ReadRegister16 000000001003613c     guideXOS.obj
 0003:000131e4       guideXOS_guideXOS_Kernel_Drivers_PCI__ReadRegister8 00000000100361e4     guideXOS.obj
 0003:0001328c       guideXOS_guideXOS_Kernel_Drivers_PCI__WriteRegister16 000000001003628c     guideXOS.obj
 0003:0001332c       guideXOS_guideXOS_Kernel_Drivers_PCI__GetVendorID 000000001003632c     guideXOS.obj
 0003:000133b8       guideXOS_guideXOS_Kernel_Drivers_PCI__GetHeaderType 00000000100363b8     guideXOS.obj
 0003:0001344c       guideXOS_guideXOS_Kernel_Drivers_PCI__GetAddressBase 000000001003644c     guideXOS.obj
 0003:0001346c       guideXOS_guideXOS_Kernel_Drivers_PCIExpress__Initialize 000000001003646c     guideXOS.obj
 0003:00013504       guideXOS_guideXOS_Kernel_Drivers_PCIExpress__CheckBus 0000000010036504     guideXOS.obj
 0003:000137d8       guideXOS_guideXOS_Kernel_Drivers_PIC__Disable 00000000100367d8     guideXOS.obj
 0003:000139c4       guideXOS_guideXOS_Kernel_Drivers_Power__Reboot 00000000100369c4     guideXOS.obj
 0003:00013a60       guideXOS_guideXOS_Kernel_Drivers_PS2Keyboard__Initialize 0000000010036a60     guideXOS.obj
 0003:00013f20       guideXOS_guideXOS_Kernel_Drivers_PS2Keyboard__OnInterrupt 0000000010036f20     guideXOS.obj
 0003:00013f78       guideXOS_guideXOS_Kernel_Drivers_PS2Keyboard__ProcessKey 0000000010036f78     guideXOS.obj
 0003:00014174       guideXOS_guideXOS_Kernel_Drivers_PS2Mouse__Initialise 0000000010037174     guideXOS.obj
 0003:00014378       guideXOS_guideXOS_Kernel_Drivers_PS2Mouse__WriteRegister 0000000010037378     guideXOS.obj
 0003:00014464       guideXOS_guideXOS_Kernel_Drivers_PS2Mouse__OnInterrupt 0000000010037464     guideXOS.obj
 0003:00014630       guideXOS_guideXOS_Kernel_Drivers_Ramdisk__Read 0000000010037630     guideXOS.obj
 0003:0001469c       guideXOS_guideXOS_Kernel_Drivers_Ramdisk__Write 000000001003769c     guideXOS.obj
 0003:0001470c       guideXOS_guideXOS_Kernel_Drivers_RTC__get_Second 000000001003770c     guideXOS.obj
 0003:000147a4       guideXOS_guideXOS_Kernel_Drivers_RTC__get_Minute 00000000100377a4     guideXOS.obj
 0003:00014840       guideXOS_guideXOS_Kernel_Drivers_RTC__get_Hour 0000000010037840     guideXOS.obj
 0003:000148f4       guideXOS_guideXOS_Kernel_Drivers_RTC__get_Century 00000000100378f4     guideXOS.obj
 0003:00014990       guideXOS_guideXOS_Kernel_Drivers_RTC__get_Year 0000000010037990     guideXOS.obj
 0003:00014a2c       guideXOS_guideXOS_Kernel_Drivers_RTC__get_Month 0000000010037a2c     guideXOS.obj
 0003:00014ac8       guideXOS_guideXOS_Kernel_Drivers_RTC__get_Day 0000000010037ac8     guideXOS.obj
 0003:00014b64       guideXOS_guideXOS_Kernel_Drivers_SATA__Initialize 0000000010037b64     guideXOS.obj
 0003:00014f44       guideXOS_guideXOS_Kernel_Drivers_SATA__CheckPortType 0000000010037f44     guideXOS.obj
[...]
 0004:0000c1e8       $unwind$LodePNGUnknownChunks_cleanup 000000001004b1e8     NativeLib:lodepng.obj
 0004:0000c1f4       $unwind$LodePNGUnknownChunks_copy 000000001004b1f4     NativeLib:lodepng.obj
 0004:0000c200       $unwind$LodePNGText_init   000000001004b200     NativeLib:lodepng.obj
 0004:0000c20c       $unwind$LodePNGText_cleanup 000000001004b20c     NativeLib:lodepng.obj
 0004:0000c218       $unwind$LodePNGText_copy   000000001004b218     NativeLib:lodepng.obj
 0004:0000c224       $unwind$lodepng_add_text_sized 000000001004b224     NativeLib:lodepng.obj
 0004:0000c230       $unwind$LodePNGIText_init  000000001004b230     NativeLib:lodepng.obj
 0004:0000c23c       $unwind$LodePNGIText_cleanup 000000001004b23c     NativeLib:lodepng.obj
 0004:0000c248       $unwind$LodePNGIText_copy  000000001004b248     NativeLib:lodepng.obj
 0004:0000c254       $unwind$lodepng_add_itext_sized 000000001004b254     NativeLib:lodepng.obj
 0004:0000c260       $unwind$lodepng_assign_icc 000000001004b260     NativeLib:lodepng.obj
 0004:0000c26c       $unwind$addColorBits       000000001004b26c     NativeLib:lodepng.obj
 0004:0000c278       $unwind$color_tree_init    000000001004b278     NativeLib:lodepng.obj
 0004:0000c284       $unwind$color_tree_cleanup 000000001004b284     NativeLib:lodepng.obj
 0004:0000c290       $unwind$color_tree_get     000000001004b290     NativeLib:lodepng.obj
 0004:0000c29c       $unwind$color_tree_has     000000001004b29c     NativeLib:lodepng.obj
 0004:0000c2a8       $unwind$color_tree_add     000000001004b2a8     NativeLib:lodepng.obj
 0004:0000c2b4       $unwind$rgba8ToPixel       000000001004b2b4     NativeLib:lodepng.obj
 0004:0000c2c0       $unwind$rgba16ToPixel      000000001004b2c0     NativeLib:lodepng.obj
 0004:0000c2cc       $unwind$getPixelColorRGBA8 000000001004b2cc     NativeLib:lodepng.obj
 0004:0000c2d8       $unwind$getPixelColorsRGBA8 000000001004b2d8     NativeLib:lodepng.obj
 0004:0000c2e4       $unwind$getPixelColorsRGB8 000000001004b2e4     NativeLib:lodepng.obj
 0004:0000c2f0       $unwind$getPixelColorRGBA16 000000001004b2f0     NativeLib:lodepng.obj
 0004:0000c2fc       $unwind$lodepng_convert_rgb 000000001004b2fc     NativeLib:lodepng.obj
 0004:0000c308       $unwind$getValueRequiredBits 000000001004b308     NativeLib:lodepng.obj
 0004:0000c314       $unwind$lodepng_color_stats_add 000000001004b314     NativeLib:lodepng.obj
 0004:0000c320       $unwind$auto_choose_color  000000001004b320     NativeLib:lodepng.obj
 0004:0000c32c       $unwind$paethPredictor     000000001004b32c     NativeLib:lodepng.obj
 0004:0000c338       $unwind$Adam7_getpassvalues 000000001004b338     NativeLib:lodepng.obj
 0004:0000c344       $unwind$unfilterScanline   000000001004b344     NativeLib:lodepng.obj
 0004:0000c350       $unwind$unfilter           000000001004b350     NativeLib:lodepng.obj
 0004:0000c35c       $unwind$Adam7_deinterlace  000000001004b35c     NativeLib:lodepng.obj
 0004:0000c368       $unwind$removePaddingBits  000000001004b368     NativeLib:lodepng.obj
 0004:0000c374       $unwind$postProcessScanlines 000000001004b374     NativeLib:lodepng.obj
 0004:0000c380       $unwind$readChunk_PLTE     000000001004b380     NativeLib:lodepng.obj
 0004:0000c38c       $unwind$readChunk_tRNS     000000001004b38c     NativeLib:lodepng.obj
 0004:0000c398       $unwind$readChunk_bKGD     000000001004b398     NativeLib:lodepng.obj
 0004:0000c3a4       $unwind$readChunk_tEXt     000000001004b3a4     NativeLib:lodepng.obj
 0004:0000c3b0       $unwind$readChunk_zTXt     000000001004b3b0     NativeLib:lodepng.obj
 0004:0000c3c0       $unwind$readChunk_iTXt     000000001004b3c0     NativeLib:lodepng.obj
 0004:0000c3d0       $unwind$readChunk_tIME     000000001004b3d0     NativeLib:lodepng.obj
 0004:0000c3dc       $unwind$readChunk_pHYs     000000001004b3dc     NativeLib:lodepng.obj
 0004:0000c3e8       $unwind$readChunk_gAMA     000000001004b3e8     NativeLib:lodepng.obj
 0004:0000c3f4       $unwind$readChunk_cHRM     000000001004b3f4     NativeLib:lodepng.obj
 0004:0000c400       $unwind$readChunk_sRGB     000000001004b400     NativeLib:lodepng.obj
 0004:0000c40c       $unwind$readChunk_iCCP     000000001004b40c     NativeLib:lodepng.obj
 0004:0000c41c       $unwind$decodeGeneric      000000001004b41c     NativeLib:lodepng.obj
 0004:0000c428       $unwind$writeSignature     000000001004b428     NativeLib:lodepng.obj
 0004:0000c434       $unwind$addChunk_IHDR      000000001004b434     NativeLib:lodepng.obj
 0004:0000c440       $unwind$addChunk_PLTE      000000001004b440     NativeLib:lodepng.obj
 0004:0000c44c       $unwind$addChunk_tRNS      000000001004b44c     NativeLib:lodepng.obj
 0004:0000c458       $unwind$addChunk_IDAT      000000001004b458     NativeLib:lodepng.obj
 0004:0000c464       $unwind$addChunk_IEND      000000001004b464     NativeLib:lodepng.obj
 0004:0000c470       $unwind$addChunk_tEXt      000000001004b470     NativeLib:lodepng.obj
 0004:0000c47c       $unwind$addChunk_zTXt      000000001004b47c     NativeLib:lodepng.obj
 0004:0000c488       $unwind$addChunk_iTXt      000000001004b488     NativeLib:lodepng.obj
 0004:0000c494       $unwind$addChunk_bKGD      000000001004b494     NativeLib:lodepng.obj
 0004:0000c4a0       $unwind$addChunk_tIME      000000001004b4a0     NativeLib:lodepng.obj
 0004:0000c4ac       $unwind$addChunk_pHYs      000000001004b4ac     NativeLib:lodepng.obj
 0004:0000c4b8       $unwind$addChunk_gAMA      000000001004b4b8     NativeLib:lodepng.obj
 0004:0000c4c4       $unwind$addChunk_cHRM      000000001004b4c4     NativeLib:lodepng.obj
 0004:0000c4d0       $unwind$addChunk_sRGB      000000001004b4d0     NativeLib:lodepng.obj
 0004:0000c4dc       $unwind$addChunk_iCCP      000000001004b4dc     NativeLib:lodepng.obj
 0004:0000c4e8       $unwind$filterScanline     000000001004b4e8     NativeLib:lodepng.obj
 0004:0000c4f4       $unwind$ilog2              000000001004b4f4     NativeLib:lodepng.obj
 0004:0000c500       $unwind$ilog2i             000000001004b500     NativeLib:lodepng.obj
 0004:0000c50c       $unwind$filter             000000001004b50c     NativeLib:lodepng.obj
 0004:0000c518       $unwind$addPaddingBits     000000001004b518     NativeLib:lodepng.obj
 0004:0000c524       $unwind$Adam7_interlace    000000001004b524     NativeLib:lodepng.obj
 0004:0000c530       $unwind$preProcessScanlines 000000001004b530     NativeLib:lodepng.obj
 0004:0000c53c       $unwind$addUnknownChunks   000000001004b53c     NativeLib:lodepng.obj
 0004:0000c548       $unwind$isGrayICCProfile   000000001004b548     NativeLib:lodepng.obj
 0004:0000c554       $unwind$isRGBICCProfile    000000001004b554     NativeLib:lodepng.obj
 0004:0000c560       $unwind$Out8               000000001004b560     NativeLib:io.obj
 0004:0000c56c       $unwind$Out16              000000001004b56c     NativeLib:io.obj
 0004:0000c578       $unwind$Out32              000000001004b578     NativeLib:io.obj
 0004:0000c584       $unwind$In8                000000001004b584     NativeLib:io.obj
 0004:0000c590       $unwind$In16               000000001004b590     NativeLib:io.obj
 0004:0000c59c       $unwind$In32               000000001004b59c     NativeLib:io.obj
 0004:0000c5a8       $unwind$Insd               000000001004b5a8     NativeLib:io.obj
 0004:0000c5b4       $unwind$Insw               000000001004b5b4     NativeLib:io.obj
 0004:0000c5c0       $unwind$Insb               000000001004b5c0     NativeLib:io.obj
 0004:0000c5cc       $unwind$Outsd              000000001004b5cc     NativeLib:io.obj
 0004:0000c5d8       $unwind$Outsw              000000001004b5d8     NativeLib:io.obj
 0004:0000c5e4       $unwind$Outsb              000000001004b5e4     NativeLib:io.obj
 0004:0000c5f0       $unwind$mystrtoul          000000001004b5f0     LibC:strtoul.obj
 0004:0000c5fc       $unwind$printf_            000000001004b5fc     LibC:printf.obj
 0004:0000c608       $unwind$sprintf_           000000001004b608     LibC:printf.obj
 0004:0000c614       $unwind$snprintf_          000000001004b614     LibC:printf.obj
 0004:0000c620       $unwind$vsnprintf_         000000001004b620     LibC:printf.obj
 0004:0000c62c       $unwind$vprintf_           000000001004b62c     LibC:printf.obj
 0004:0000c638       $unwind$fctprintf          000000001004b638     LibC:printf.obj
 0004:0000c644       $unwind$_out_buffer        000000001004b644     LibC:printf.obj
 0004:0000c650       $unwind$_out_null          000000001004b650     LibC:printf.obj
 0004:0000c65c       $unwind$_out_char          000000001004b65c     LibC:printf.obj
 0004:0000c668       $unwind$_out_fct           000000001004b668     LibC:printf.obj
 0004:0000c674       $unwind$_strnlen_s         000000001004b674     LibC:printf.obj
 0004:0000c680       $unwind$_is_digit          000000001004b680     LibC:printf.obj
 0004:0000c68c       $unwind$_atoi              000000001004b68c     LibC:printf.obj
 0004:0000c698       $unwind$_out_rev           000000001004b698     LibC:printf.obj
 0004:0000c6a4       $unwind$_ntoa_format       000000001004b6a4     LibC:printf.obj
 0004:0000c6b0       $unwind$_ntoa_long         000000001004b6b0     LibC:printf.obj
 0004:0000c6bc       $unwind$_ntoa_long_long    000000001004b6bc     LibC:printf.obj
 0004:0000c6c8       $unwind$_etoa              000000001004b6c8     LibC:printf.obj
 0004:0000c6d4       $unwind$_ftoa              000000001004b6d4     LibC:printf.obj
 0004:0000c6e0       $unwind$_vsnprintf         000000001004b6e0     LibC:printf.obj
 0004:0000c6ec       $unwind$myisspace          000000001004b6ec     LibC:isspace.obj
 0004:0000c6f8       $unwind$myisdigit          000000001004b6f8     LibC:isdigit.obj
 0004:0000c704       $unwind$myisalpha          000000001004b704     LibC:isalpha.obj
 0004:0000c710       $unwind$myisupper          000000001004b710     LibC:isupper.obj
 0005:0001c610       lodepng_crc32_table        0000000010068610     NativeLib:lodepng.obj
 0008:00000000       __FE09AF47_concurrencysal@h 000000001016d000     NativeLib:mem.obj
 0008:00000001       __C073CA79_sal@h           000000001016d001     NativeLib:mem.obj
 0008:00000002       __D6AFE870_vadefs@h        000000001016d002     NativeLib:mem.obj
 0008:00000003       __D63E96CF_vcruntime@h     000000001016d003     NativeLib:mem.obj
 0008:00000004       __F5A7E1DF_intrin0@inl@h   000000001016d004     NativeLib:mem.obj
 0008:00000005       __3EC16E15_setjmp@h        000000001016d005     NativeLib:mem.obj
 0008:00000006       __18C87B63_mmintrin@h      000000001016d006     NativeLib:mem.obj
 0008:00000007       __1B0272D9_corecrt@h       000000001016d007     NativeLib:mem.obj
 0008:00000008       __45DED006_corecrt_malloc@h 000000001016d008     NativeLib:mem.obj
 0008:00000009       __FA77ED4C_malloc@h        000000001016d009     NativeLib:mem.obj
 0008:0000000a       __56EBFA9B_xmmintrin@h     000000001016d00a     NativeLib:mem.obj
 0008:0000000b       __33897357_emmintrin@h     000000001016d00b     NativeLib:mem.obj
 0008:0000000c       __EC281BDE_pmmintrin@h     000000001016d00c     NativeLib:mem.obj
 0008:0000000d       __5CF1685C_tmmintrin@h     000000001016d00d     NativeLib:mem.obj
 0008:0000000e       __75CA7DDF_smmintrin@h     000000001016d00e     NativeLib:mem.obj
 0008:0000000f       __10A8F413_nmmintrin@h     000000001016d00f     NativeLib:mem.obj
 0008:00000010       __C5130E5D_wmmintrin@h     000000001016d010     NativeLib:mem.obj
 0008:00000011       __0E87435A_zmmintrin@h     000000001016d011     NativeLib:mem.obj
 0008:00000012       __3993E190_immintrin@h     000000001016d012     NativeLib:mem.obj
 0008:00000013       __835000D5_ammintrin@h     000000001016d013     NativeLib:mem.obj
 0008:00000014       __18F7D262_intrin@h        000000001016d014     NativeLib:mem.obj
 0008:00000015       __121DF3F2_mem@cpp         000000001016d015     NativeLib:mem.obj
 0008:00000016       __FE09AF47_concurrencysal@h 000000001016d016     NativeLib:interrupts.obj
 0008:00000017       __C073CA79_sal@h           000000001016d017     NativeLib:interrupts.obj
 0008:00000018       __D6AFE870_vadefs@h        000000001016d018     NativeLib:interrupts.obj
 0008:00000019       __D63E96CF_vcruntime@h     000000001016d019     NativeLib:interrupts.obj
 0008:0000001a       __AEA28616_stdint@h        000000001016d01a     NativeLib:interrupts.obj
 0008:0000001b       __F5A7E1DF_intrin0@inl@h   000000001016d01b     NativeLib:interrupts.obj
 0008:0000001c       __3EC16E15_setjmp@h        000000001016d01c     NativeLib:interrupts.obj
 0008:0000001d       __18C87B63_mmintrin@h      000000001016d01d     NativeLib:interrupts.obj
 0008:0000001e       __1B0272D9_corecrt@h       000000001016d01e     NativeLib:interrupts.obj
 0008:0000001f       __45DED006_corecrt_malloc@h 000000001016d01f     NativeLib:interrupts.obj
 0008:00000020       __FA77ED4C_malloc@h        000000001016d020     NativeLib:interrupts.obj
 0008:00000021       __56EBFA9B_xmmintrin@h     000000001016d021     NativeLib:interrupts.obj
 0008:00000022       __33897357_emmintrin@h     000000001016d022     NativeLib:interrupts.obj
 0008:00000023       __EC281BDE_pmmintrin@h     000000001016d023     NativeLib:interrupts.obj
 0008:00000024       __5CF1685C_tmmintrin@h     000000001016d024     NativeLib:interrupts.obj
 0008:00000025       __75CA7DDF_smmintrin@h     000000001016d025     NativeLib:interrupts.obj
 0008:00000026       __10A8F413_nmmintrin@h     000000001016d026     NativeLib:interrupts.obj
 0008:00000027       __C5130E5D_wmmintrin@h     000000001016d027     NativeLib:interrupts.obj
 0008:00000028       __0E87435A_zmmintrin@h     000000001016d028     NativeLib:interrupts.obj
 0008:00000029       __3993E190_immintrin@h     000000001016d029     NativeLib:interrupts.obj
 0008:0000002a       __835000D5_ammintrin@h     000000001016d02a     NativeLib:interrupts.obj
 0008:0000002b       __18F7D262_intrin@h        000000001016d02b     NativeLib:interrupts.obj
 0008:0000002c       __81AF9977_interrupts@cpp  000000001016d02c     NativeLib:interrupts.obj
 0008:0000002d       __FE09AF47_concurrencysal@h 000000001016d02d     NativeLib:native.obj
 0008:0000002e       __C073CA79_sal@h           000000001016d02e     NativeLib:native.obj
 0008:0000002f       __D6AFE870_vadefs@h        000000001016d02f     NativeLib:native.obj
 0008:00000030       __D63E96CF_vcruntime@h     000000001016d030     NativeLib:native.obj
 0008:00000031       __F5A7E1DF_intrin0@inl@h   000000001016d031     NativeLib:native.obj
 0008:00000032       __3EC16E15_setjmp@h        000000001016d032     NativeLib:native.obj
 0008:00000033       __18C87B63_mmintrin@h      000000001016d033     NativeLib:native.obj
 0008:00000034       __1B0272D9_corecrt@h       000000001016d034     NativeLib:native.obj
 0008:00000035       __45DED006_corecrt_malloc@h 000000001016d035     NativeLib:native.obj
 0008:00000036       __FA77ED4C_malloc@h        000000001016d036     NativeLib:native.obj
 0008:00000037       __56EBFA9B_xmmintrin@h     000000001016d037     NativeLib:native.obj
 0008:00000038       __33897357_emmintrin@h     000000001016d038     NativeLib:native.obj
 0008:00000039       __EC281BDE_pmmintrin@h     000000001016d039     NativeLib:native.obj
 0008:0000003a       __5CF1685C_tmmintrin@h     000000001016d03a     NativeLib:native.obj
 0008:0000003b       __75CA7DDF_smmintrin@h     000000001016d03b     NativeLib:native.obj
 0008:0000003c       __10A8F413_nmmintrin@h     000000001016d03c     NativeLib:native.obj
 0008:0000003d       __C5130E5D_wmmintrin@h     000000001016d03d     NativeLib:native.obj
 0008:0000003e       __0E87435A_zmmintrin@h     000000001016d03e     NativeLib:native.obj
 0008:0000003f       __3993E190_immintrin@h     000000001016d03f     NativeLib:native.obj
 0008:00000040       __835000D5_ammintrin@h     000000001016d040     NativeLib:native.obj
 0008:00000041       __18F7D262_intrin@h        000000001016d041     NativeLib:native.obj
 0008:00000042       __5B367C0B_native@cpp      000000001016d042     NativeLib:native.obj
 0008:00000043       __FE09AF47_concurrencysal@h 000000001016d043     NativeLib:lodepng.obj
 0008:00000044       __C073CA79_sal@h           000000001016d044     NativeLib:lodepng.obj
 0008:00000045       __D6AFE870_vadefs@h        000000001016d045     NativeLib:lodepng.obj
 0008:00000046       __D63E96CF_vcruntime@h     000000001016d046     NativeLib:lodepng.obj
 0008:00000047       __9A7D38D9_stdarg@h        000000001016d047     NativeLib:lodepng.obj
 0008:00000048       __1B0272D9_corecrt@h       000000001016d048     NativeLib:lodepng.obj
 0008:00000049       __13F5961F_stddef@h        000000001016d049     NativeLib:lodepng.obj
 0008:0000004a       __0EED556E_printf@h        000000001016d04a     NativeLib:lodepng.obj
 0008:0000004b       __61CC25A1_errno@h         000000001016d04b     NativeLib:lodepng.obj
 0008:0000004c       __3EADF068_vcruntime_string@h 000000001016d04c     NativeLib:lodepng.obj
 0008:0000004d       __E4C945B4_corecrt_memcpy_s@h 000000001016d04d     NativeLib:lodepng.obj
 0008:0000004e       __8EAFF484_corecrt_memory@h 000000001016d04e     NativeLib:lodepng.obj
 0008:0000004f       __6490AEC5_corecrt_wstring@h 000000001016d04f     NativeLib:lodepng.obj
 0008:00000050       __E8295E1E_string@h        000000001016d050     NativeLib:lodepng.obj
 0008:00000051       __B2031D3E_lodepng@h       000000001016d051     NativeLib:lodepng.obj
 0008:00000052       __45DED006_corecrt_malloc@h 000000001016d052     NativeLib:lodepng.obj
 0008:00000053       __FD6DBD68_corecrt_search@h 000000001016d053     NativeLib:lodepng.obj
 0008:00000054       __E2E33A61_corecrt_wstdlib@h 000000001016d054     NativeLib:lodepng.obj
 0008:00000055       __10D4A829_limits@h        000000001016d055     NativeLib:lodepng.obj
 0008:00000056       __6E5ACABA_stdlib@h        000000001016d056     NativeLib:lodepng.obj
 0008:00000057       __25D1C4B6_lodepng@c       000000001016d057     NativeLib:lodepng.obj
 0008:00000058       __FE09AF47_concurrencysal@h 000000001016d058     NativeLib:io.obj
 0008:00000059       __C073CA79_sal@h           000000001016d059     NativeLib:io.obj
 0008:0000005a       __D6AFE870_vadefs@h        000000001016d05a     NativeLib:io.obj
 0008:0000005b       __D63E96CF_vcruntime@h     000000001016d05b     NativeLib:io.obj
 0008:0000005c       __F5A7E1DF_intrin0@inl@h   000000001016d05c     NativeLib:io.obj
 0008:0000005d       __3EC16E15_setjmp@h        000000001016d05d     NativeLib:io.obj
 0008:0000005e       __18C87B63_mmintrin@h      000000001016d05e     NativeLib:io.obj
 0008:0000005f       __1B0272D9_corecrt@h       000000001016d05f     NativeLib:io.obj
 0008:00000060       __45DED006_corecrt_malloc@h 000000001016d060     NativeLib:io.obj
 0008:00000061       __FA77ED4C_malloc@h        000000001016d061     NativeLib:io.obj
 0008:00000062       __56EBFA9B_xmmintrin@h     000000001016d062     NativeLib:io.obj
 0008:00000063       __33897357_emmintrin@h     000000001016d063     NativeLib:io.obj
 0008:00000064       __EC281BDE_pmmintrin@h     000000001016d064     NativeLib:io.obj
 0008:00000065       __5CF1685C_tmmintrin@h     000000001016d065     NativeLib:io.obj
 0008:00000066       __75CA7DDF_smmintrin@h     000000001016d066     NativeLib:io.obj
 0008:00000067       __10A8F413_nmmintrin@h     000000001016d067     NativeLib:io.obj
 0008:00000068       __C5130E5D_wmmintrin@h     000000001016d068     NativeLib:io.obj
 0008:00000069       __0E87435A_zmmintrin@h     000000001016d069     NativeLib:io.obj
 0008:0000006a       __3993E190_immintrin@h     000000001016d06a     NativeLib:io.obj
 0008:0000006b       __835000D5_ammintrin@h     000000001016d06b     NativeLib:io.obj
 0008:0000006c       __18F7D262_intrin@h        000000001016d06c     NativeLib:io.obj
 0008:0000006d       __EB37504C_io@cpp          000000001016d06d     NativeLib:io.obj
 0009:000000a0       $R000000                   000000001016e0a0     guideXOS.res
 0009:000002f0       $R000250                   000000001016e2f0     guideXOS.res
